Archive member included because of file (symbol)

C:\Users\david_000\Documents\LPCXpresso_7.5.0_254\controlbox\nxp_lpcxpresso_11u14_board_lib\Debug\libnxp_lpcxpresso_11u14_board_lib.a(board.o)
                              ./example/src/freertos_blinky.o (Board_LED_Set)
C:\Users\david_000\Documents\LPCXpresso_7.5.0_254\controlbox\nxp_lpcxpresso_11u14_board_lib\Debug\libnxp_lpcxpresso_11u14_board_lib.a(board_sysinit.o)
                              ./example/src/sysinit.o (Board_SystemInit)
C:\Users\david_000\Documents\LPCXpresso_7.5.0_254\controlbox\lpc_chip_11uxx_lib\Debug\liblpc_chip_11uxx_lib.a(chip_11xx.o)
                              ./freertos/src/port.o (SystemCoreClock)
C:\Users\david_000\Documents\LPCXpresso_7.5.0_254\controlbox\lpc_chip_11uxx_lib\Debug\liblpc_chip_11uxx_lib.a(clock_11xx.o)
                              C:\Users\david_000\Documents\LPCXpresso_7.5.0_254\controlbox\nxp_lpcxpresso_11u14_board_lib\Debug\libnxp_lpcxpresso_11u14_board_lib.a(board_sysinit.o) (Chip_Clock_SetSystemPLLSource)
C:\Users\david_000\Documents\LPCXpresso_7.5.0_254\controlbox\lpc_chip_11uxx_lib\Debug\liblpc_chip_11uxx_lib.a(gpio_11xx_1.o)
                              C:\Users\david_000\Documents\LPCXpresso_7.5.0_254\controlbox\nxp_lpcxpresso_11u14_board_lib\Debug\libnxp_lpcxpresso_11u14_board_lib.a(board.o) (Chip_GPIO_Init)
C:\Users\david_000\Documents\LPCXpresso_7.5.0_254\controlbox\lpc_chip_11uxx_lib\Debug\liblpc_chip_11uxx_lib.a(iocon_11xx.o)
                              C:\Users\david_000\Documents\LPCXpresso_7.5.0_254\controlbox\nxp_lpcxpresso_11u14_board_lib\Debug\libnxp_lpcxpresso_11u14_board_lib.a(board.o) (Chip_IOCON_PinMuxSet)
C:\Users\david_000\Documents\LPCXpresso_7.5.0_254\controlbox\lpc_chip_11uxx_lib\Debug\liblpc_chip_11uxx_lib.a(sysctl_11xx.o)
                              C:\Users\david_000\Documents\LPCXpresso_7.5.0_254\controlbox\nxp_lpcxpresso_11u14_board_lib\Debug\libnxp_lpcxpresso_11u14_board_lib.a(board_sysinit.o) (Chip_SYSCTL_PowerDown)
C:\Users\david_000\Documents\LPCXpresso_7.5.0_254\controlbox\lpc_chip_11uxx_lib\Debug\liblpc_chip_11uxx_lib.a(uart_11xx.o)
                              C:\Users\david_000\Documents\LPCXpresso_7.5.0_254\controlbox\nxp_lpcxpresso_11u14_board_lib\Debug\libnxp_lpcxpresso_11u14_board_lib.a(board.o) (Chip_UART_Init)
C:\Users\david_000\Documents\LPCXpresso_7.5.0_254\controlbox\lpc_chip_11uxx_lib\Debug\liblpc_chip_11uxx_lib.a(ring_buffer.o)
                              C:\Users\david_000\Documents\LPCXpresso_7.5.0_254\controlbox\lpc_chip_11uxx_lib\Debug\liblpc_chip_11uxx_lib.a(uart_11xx.o) (RingBuffer_Insert)
c:/nxp/lpcxpresso_7.5.0_254/lpcxpresso/tools/bin/../lib/gcc/arm-none-eabi/4.8.4/../../../../arm-none-eabi/lib/armv6-m\libcr_nohost.a(_cr__main.o)
                              ./example/src/cr_startup_lpc11xx.o (__main)
c:/nxp/lpcxpresso_7.5.0_254/lpcxpresso/tools/bin/../lib/gcc/arm-none-eabi/4.8.4/../../../../arm-none-eabi/lib/armv6-m\libcr_c.a(memcpy.o)
                              ./freertos/src/queue.o (memcpy)
c:/nxp/lpcxpresso_7.5.0_254/lpcxpresso/tools/bin/../lib/gcc/arm-none-eabi/4.8.4/../../../../arm-none-eabi/lib/armv6-m\libcr_c.a(memset.o)
                              ./freertos/src/tasks.o (memset)
c:/nxp/lpcxpresso_7.5.0_254/lpcxpresso/tools/bin/../lib/gcc/arm-none-eabi/4.8.4/../../../../arm-none-eabi/lib/armv6-m\libcr_c.a(fpprintf.o)
                              ./freertos/src/tasks.o (sprintf)
c:/nxp/lpcxpresso_7.5.0_254/lpcxpresso/tools/bin/../lib/gcc/arm-none-eabi/4.8.4/../../../../arm-none-eabi/lib/armv6-m\libcr_c.a(initio.o)
                              c:/nxp/lpcxpresso_7.5.0_254/lpcxpresso/tools/bin/../lib/gcc/arm-none-eabi/4.8.4/../../../../arm-none-eabi/lib/armv6-m\libcr_nohost.a(_cr__main.o) (_initio)
c:/nxp/lpcxpresso_7.5.0_254/lpcxpresso/tools/bin/../lib/gcc/arm-none-eabi/4.8.4/../../../../arm-none-eabi/lib/armv6-m\libcr_c.a(memcmp.o)
                              ./freertos/src/tasks.o (memcmp)
c:/nxp/lpcxpresso_7.5.0_254/lpcxpresso/tools/bin/../lib/gcc/arm-none-eabi/4.8.4/../../../../arm-none-eabi/lib/armv6-m\libcr_c.a(printf.o)
                              c:/nxp/lpcxpresso_7.5.0_254/lpcxpresso/tools/bin/../lib/gcc/arm-none-eabi/4.8.4/../../../../arm-none-eabi/lib/armv6-m\libcr_c.a(fpprintf.o) (__vfprintf)
c:/nxp/lpcxpresso_7.5.0_254/lpcxpresso/tools/bin/../lib/gcc/arm-none-eabi/4.8.4/../../../../arm-none-eabi/lib/armv6-m\libcr_c.a(setvbuf.o)
                              c:/nxp/lpcxpresso_7.5.0_254/lpcxpresso/tools/bin/../lib/gcc/arm-none-eabi/4.8.4/../../../../arm-none-eabi/lib/armv6-m\libcr_c.a(initio.o) (setvbuf)
c:/nxp/lpcxpresso_7.5.0_254/lpcxpresso/tools/bin/../lib/gcc/arm-none-eabi/4.8.4/../../../../arm-none-eabi/lib/armv6-m\libcr_c.a(stdio.o)
                              c:/nxp/lpcxpresso_7.5.0_254/lpcxpresso/tools/bin/../lib/gcc/arm-none-eabi/4.8.4/../../../../arm-none-eabi/lib/armv6-m\libcr_c.a(fpprintf.o) (__Ciob)
[...]
Memory Configuration

Name             Origin             Length             Attributes
MFlash32         0x00000000         0x00008000         xr
RamLoc4          0x10000000         0x00001000         xrw
RamUsb2          0x20004000         0x00000800         xrw
*default*        0x00000000         0xffffffff

Linker script and memory map

LOAD ./freertos/src/FreeRTOSCommonHooks.o
LOAD ./freertos/src/croutine.o
LOAD ./freertos/src/heap_1.o
LOAD ./freertos/src/list.o
LOAD ./freertos/src/port.o
LOAD ./freertos/src/queue.o
LOAD ./freertos/src/tasks.o
LOAD ./freertos/src/timers.o
LOAD ./example/src/cr_startup_lpc11xx.o
LOAD ./example/src/freertos_blinky.o
LOAD ./example/src/sysinit.o
LOAD C:\Users\david_000\Documents\LPCXpresso_7.5.0_254\controlbox\nxp_lpcxpresso_11u14_board_lib\Debug\libnxp_lpcxpresso_11u14_board_lib.a
LOAD C:\Users\david_000\Documents\LPCXpresso_7.5.0_254\controlbox\lpc_chip_11uxx_lib\Debug\liblpc_chip_11uxx_lib.a
START GROUP
LOAD c:/nxp/lpcxpresso_7.5.0_254/lpcxpresso/tools/bin/../lib/gcc/arm-none-eabi/4.8.4/../../../../arm-none-eabi/lib/armv6-m\libcr_nohost.a
LOAD c:/nxp/lpcxpresso_7.5.0_254/lpcxpresso/tools/bin/../lib/gcc/arm-none-eabi/4.8.4/../../../../arm-none-eabi/lib/armv6-m\libcr_c.a
LOAD c:/nxp/lpcxpresso_7.5.0_254/lpcxpresso/tools/bin/../lib/gcc/arm-none-eabi/4.8.4/armv6-m\libcr_eabihelpers.a
END GROUP
                0x00008000                __top_MFlash32 = 0x8000
                0x10001000                __top_RamLoc4 = 0x10001000
                0x20004800                __top_RamUsb2 = 0x20004800

.text           0x00000000     0x1d8c
 FILL mask 0xff
                0x00000000                __vectors_start__ = ABSOLUTE (.)
 *(.isr_vector)
 .isr_vector    0x00000000       0xc0 ./example/src/cr_startup_lpc11xx.o
                0x00000000                g_pfnVectors
                0x000000c0                . = ALIGN (0x4)
                0x000000c0                __section_table_start = .
                0x000000c0                __data_section_table = .
                0x000000c0        0x4 LONG 0x1d8c LOADADDR (.data)
                0x000000c4        0x4 LONG 0x10000000 ADDR (.data)
                0x000000c8        0x4 LONG 0x8 SIZEOF (.data)
                0x000000cc        0x4 LONG 0x1d8c LOADADDR (.data_RAM2)
                0x000000d0        0x4 LONG 0x20004000 ADDR (.data_RAM2)
                0x000000d4        0x4 LONG 0x0 SIZEOF (.data_RAM2)
                0x000000d8                __data_section_table_end = .
                0x000000d8                __bss_section_table = .
                0x000000d8        0x4 LONG 0x10000008 ADDR (.bss)
                0x000000dc        0x4 LONG 0x898 SIZEOF (.bss)
                0x000000e0        0x4 LONG 0x20004000 ADDR (.bss_RAM2)
                0x000000e4        0x4 LONG 0x0 SIZEOF (.bss_RAM2)
                0x000000e8                __bss_section_table_end = .
                0x000000e8                __section_table_end = .
 *(.after_vectors*)
 .after_vectors
                0x000000e8       0x70 ./example/src/cr_startup_lpc11xx.o
                0x000000e8                NMI_Handler
                0x000000ea                HardFault_Handler
                0x000000f2                TIMER16_0_IRQHandler
                0x000000f2                UART_IRQHandler
                0x000000f2                TIMER32_0_IRQHandler
                0x000000f2                FLEX_INT7_IRQHandler
                0x000000f2                FMC_IRQHandler
                0x000000f2                TIMER32_1_IRQHandler
                0x000000f2                FLEX_INT1_IRQHandler
                0x000000f2                IntDefaultHandler
                0x000000f2                SSP0_IRQHandler
                0x000000f2                USBWakeup_IRQHandler
                0x000000f2                FLEX_INT6_IRQHandler
                0x000000f2                FLEX_INT0_IRQHandler
                0x000000f2                FLEX_INT2_IRQHandler
                0x000000f2                TIMER16_1_IRQHandler
                0x000000f2                USB_FIQHandler
                0x000000f2                FLEX_INT5_IRQHandler
                0x000000f2                ADC_IRQHandler
                0x000000f2                SSP1_IRQHandler
                0x000000f2                FLEX_INT3_IRQHandler
                0x000000f2                USB_IRQHandler
                0x000000f2                BOD_IRQHandler
                0x000000f2                I2C_IRQHandler
                0x000000f2                WDT_IRQHandler
                0x000000f2                GINT0_IRQHandler
                0x000000f2                FLEX_INT4_IRQHandler
                0x000000f2                GINT1_IRQHandler
                0x000000f4                data_init
                0x00000106                bss_init
                0x00000116                ResetISR
 *(.text*)
 .text.vApplicationMallocFailedHook
                0x00000158        0x8 ./freertos/src/FreeRTOSCommonHooks.o
                0x00000158                vApplicationMallocFailedHook
 .text.vApplicationIdleHook
                0x00000160        0xc ./freertos/src/FreeRTOSCommonHooks.o
                0x00000160                vApplicationIdleHook
 .text.vApplicationStackOverflowHook
                0x0000016c       0x10 ./freertos/src/FreeRTOSCommonHooks.o
                0x0000016c                vApplicationStackOverflowHook
 .text.pvPortMalloc
                0x0000017c       0x94 ./freertos/src/heap_1.o
                0x0000017c                pvPortMalloc
 .text.vPortFree
                0x00000210       0x18 ./freertos/src/heap_1.o
                0x00000210                vPortFree
 .text.vListInitialise
                0x00000228       0x3c ./freertos/src/list.o
                0x00000228                vListInitialise
 .text.vListInitialiseItem
                0x00000264       0x14 ./freertos/src/list.o
                0x00000264                vListInitialiseItem
 .text.vListInsertEnd
                0x00000278       0x4c ./freertos/src/list.o
                0x00000278                vListInsertEnd
 .text.vListInsert
                0x000002c4       0x6c ./freertos/src/list.o
                0x000002c4                vListInsert
 .text.uxListRemove
                0x00000330       0x50 ./freertos/src/list.o
                0x00000330                uxListRemove
 .text.pxPortInitialiseStack
                0x00000380       0x44 ./freertos/src/port.o
                0x00000380                pxPortInitialiseStack
 .text.SVC_Handler
                0x000003c4       0x28 ./freertos/src/port.o
                0x000003c4                SVC_Handler
 .text.vPortStartFirstTask
                0x000003ec       0x10 ./freertos/src/port.o
 .text.xPortStartScheduler
                0x000003fc       0x40 ./freertos/src/port.o
                0x000003fc                xPortStartScheduler
 .text.vPortYield
                0x0000043c       0x1c ./freertos/src/port.o
                0x0000043c                vPortYield
 .text.vPortEnterCritical
                0x00000458       0x20 ./freertos/src/port.o
                0x00000458                vPortEnterCritical
 .text.vPortExitCritical
                0x00000478       0x20 ./freertos/src/port.o
                0x00000478                vPortExitCritical
 .text.PendSV_Handler
                0x00000498       0x44 ./freertos/src/port.o
                0x00000498                PendSV_Handler
 .text.SysTick_Handler
                0x000004dc       0x24 ./freertos/src/port.o
                0x000004dc                SysTick_Handler
 .text.prvSetupTimerInterrupt
                0x00000500       0x30 ./freertos/src/port.o
 .text.xTaskGenericCreate
                0x00000530      0x19c ./freertos/src/tasks.o
                0x00000530                xTaskGenericCreate
 .text.vTaskDelay
                0x000006cc       0x54 ./freertos/src/tasks.o
                0x000006cc                vTaskDelay
 .text.vTaskStartScheduler
                0x00000720       0x64 ./freertos/src/tasks.o
                0x00000720                vTaskStartScheduler
 .text.vTaskSuspendAll
                0x00000784       0x18 ./freertos/src/tasks.o
                0x00000784                vTaskSuspendAll
 .text.xTaskResumeAll
                0x0000079c      0x100 ./freertos/src/tasks.o
                0x0000079c                xTaskResumeAll
 .text.vTaskIncrementTick
                0x0000089c      0x13c ./freertos/src/tasks.o
                0x0000089c                vTaskIncrementTick
 .text.vTaskSwitchContext
                0x000009d8       0xec ./freertos/src/tasks.o
                0x000009d8                vTaskSwitchContext
 .text.prvIdleTask
                0x00000ac4       0x24 ./freertos/src/tasks.o
 .text.prvInitialiseTCBVariables
                0x00000ae8       0x70 ./freertos/src/tasks.o
 .text.prvInitialiseTaskLists
                0x00000b58       0x88 ./freertos/src/tasks.o
 .text.prvCheckTasksWaitingTermination
                0x00000be0       0x74 ./freertos/src/tasks.o
 .text.prvAddCurrentTaskToDelayedList
                0x00000c54       0x6c ./freertos/src/tasks.o
 .text.prvAllocateTCBAndStack
                0x00000cc0       0x70 ./freertos/src/tasks.o
 .text.prvDeleteTCB
                0x00000d30       0x20 ./freertos/src/tasks.o
 .text.prvSetupHardware
                0x00000d50       0x10 ./example/src/freertos_blinky.o
 .text.vLEDTask0
                0x00000d60       0x3c ./example/src/freertos_blinky.o
 .text.vLEDTask1
                0x00000d9c       0x3c ./example/src/freertos_blinky.o
 .text.vLEDTask2
                0x00000dd8       0x3c ./example/src/freertos_blinky.o
 .text.main     0x00000e14       0x90 ./example/src/freertos_blinky.o
                0x00000e14                main
 .text.SystemInit
                0x00000ea4        0xc ./example/src/sysinit.o
                0x00000ea4                SystemInit
 .text.Chip_GPIO_SetPinState
                0x00000eb0       0x34 C:\Users\david_000\Documents\LPCXpresso_7.5.0_254\controlbox\nxp_lpcxpresso_11u14_board_lib\Debug\libnxp_lpcxpresso_11u14_board_lib.a(board.o)
 .text.Chip_GPIO_SetPinDIROutput
                0x00000ee4       0x44 C:\Users\david_000\Documents\LPCXpresso_7.5.0_254\controlbox\nxp_lpcxpresso_11u14_board_lib\Debug\libnxp_lpcxpresso_11u14_board_lib.a(board.o)
 .text.__sys_write
                0x00000f28       0x18 C:\Users\david_000\Documents\LPCXpresso_7.5.0_254\controlbox\nxp_lpcxpresso_11u14_board_lib\Debug\libnxp_lpcxpresso_11u14_board_lib.a(board.o)
                0x00000f28                __sys_write
 .text.Board_LED_Init
                0x00000f40       0x18 C:\Users\david_000\Documents\LPCXpresso_7.5.0_254\controlbox\nxp_lpcxpresso_11u14_board_lib\Debug\libnxp_lpcxpresso_11u14_board_lib.a(board.o)
 .text.Board_LED_Set
                0x00000f58       0x34 C:\Users\david_000\Documents\LPCXpresso_7.5.0_254\controlbox\nxp_lpcxpresso_11u14_board_lib\Debug\libnxp_lpcxpresso_11u14_board_lib.a(board.o)
                0x00000f58                Board_LED_Set
 .text.Board_Init
                0x00000f8c       0x18 C:\Users\david_000\Documents\LPCXpresso_7.5.0_254\controlbox\nxp_lpcxpresso_11u14_board_lib\Debug\libnxp_lpcxpresso_11u14_board_lib.a(board.o)
                0x00000f8c                Board_Init
 .text.Chip_FMC_SetFLASHAccess
                0x00000fa4       0x2c C:\Users\david_000\Documents\LPCXpresso_7.5.0_254\controlbox\nxp_lpcxpresso_11u14_board_lib\Debug\libnxp_lpcxpresso_11u14_board_lib.a(board_sysinit.o)
 .text.Chip_Clock_SetupSystemPLL
                0x00000fd0       0x34 C:\Users\david_000\Documents\LPCXpresso_7.5.0_254\controlbox\nxp_lpcxpresso_11u14_board_lib\Debug\libnxp_lpcxpresso_11u14_board_lib.a(board_sysinit.o)
 .text.Chip_Clock_IsSystemPLLLocked
                0x00001004       0x1c C:\Users\david_000\Documents\LPCXpresso_7.5.0_254\controlbox\nxp_lpcxpresso_11u14_board_lib\Debug\libnxp_lpcxpresso_11u14_board_lib.a(board_sysinit.o)
 .text.Chip_Clock_SetupUSBPLL
                0x00001020       0x34 C:\Users\david_000\Documents\LPCXpresso_7.5.0_254\controlbox\nxp_lpcxpresso_11u14_board_lib\Debug\libnxp_lpcxpresso_11u14_board_lib.a(board_sysinit.o)
 .text.Chip_Clock_IsUSBPLLLocked
                0x00001054       0x1c C:\Users\david_000\Documents\LPCXpresso_7.5.0_254\controlbox\nxp_lpcxpresso_11u14_board_lib\Debug\libnxp_lpcxpresso_11u14_board_lib.a(board_sysinit.o)
 .text.Chip_Clock_SetSysClockDiv
                0x00001070       0x18 C:\Users\david_000\Documents\LPCXpresso_7.5.0_254\controlbox\nxp_lpcxpresso_11u14_board_lib\Debug\libnxp_lpcxpresso_11u14_board_lib.a(board_sysinit.o)
 .text.Chip_Clock_EnablePeriphClock
                0x00001088       0x30 C:\Users\david_000\Documents\LPCXpresso_7.5.0_254\controlbox\nxp_lpcxpresso_11u14_board_lib\Debug\libnxp_lpcxpresso_11u14_board_lib.a(board_sysinit.o)
 .text.SystemSetupClocking
                0x000010b8       0x8c C:\Users\david_000\Documents\LPCXpresso_7.5.0_254\controlbox\nxp_lpcxpresso_11u14_board_lib\Debug\libnxp_lpcxpresso_11u14_board_lib.a(board_sysinit.o)
 .text.SystemSetupMuxing
                0x00001144       0x50 C:\Users\david_000\Documents\LPCXpresso_7.5.0_254\controlbox\nxp_lpcxpresso_11u14_board_lib\Debug\libnxp_lpcxpresso_11u14_board_lib.a(board_sysinit.o)
 .text.Board_SystemInit
                0x00001194       0x10 C:\Users\david_000\Documents\LPCXpresso_7.5.0_254\controlbox\nxp_lpcxpresso_11u14_board_lib\Debug\libnxp_lpcxpresso_11u14_board_lib.a(board_sysinit.o)
                0x00001194                Board_SystemInit
 .text.SystemCoreClockUpdate
                0x000011a4       0x18 C:\Users\david_000\Documents\LPCXpresso_7.5.0_254\controlbox\lpc_chip_11uxx_lib\Debug\liblpc_chip_11uxx_lib.a(chip_11xx.o)
                0x000011a4                SystemCoreClockUpdate
 .text.Chip_Clock_GetMainOscRate
                0x000011bc       0x14 C:\Users\david_000\Documents\LPCXpresso_7.5.0_254\controlbox\lpc_chip_11uxx_lib\Debug\liblpc_chip_11uxx_lib.a(clock_11xx.o)
 .text.Chip_Clock_GetIntOscRate
                0x000011d0       0x10 C:\Users\david_000\Documents\LPCXpresso_7.5.0_254\controlbox\lpc_chip_11uxx_lib\Debug\liblpc_chip_11uxx_lib.a(clock_11xx.o)
 .text.Chip_Clock_GetWDTLFORate
                0x000011e0       0x48 C:\Users\david_000\Documents\LPCXpresso_7.5.0_254\controlbox\lpc_chip_11uxx_lib\Debug\liblpc_chip_11uxx_lib.a(clock_11xx.o)
 .text.Chip_Clock_GetPLLFreq
                0x00001228       0x24 C:\Users\david_000\Documents\LPCXpresso_7.5.0_254\controlbox\lpc_chip_11uxx_lib\Debug\liblpc_chip_11uxx_lib.a(clock_11xx.o)
 .text.Chip_Clock_SetSystemPLLSource
                0x0000124c       0x2c C:\Users\david_000\Documents\LPCXpresso_7.5.0_254\controlbox\lpc_chip_11uxx_lib\Debug\liblpc_chip_11uxx_lib.a(clock_11xx.o)
                0x0000124c                Chip_Clock_SetSystemPLLSource
 .text.Chip_Clock_SetUSBPLLSource
                0x00001278       0x2c C:\Users\david_000\Documents\LPCXpresso_7.5.0_254\controlbox\lpc_chip_11uxx_lib\Debug\liblpc_chip_11uxx_lib.a(clock_11xx.o)
                0x00001278                Chip_Clock_SetUSBPLLSource
 .text.Chip_Clock_SetMainClockSource
                0x000012a4       0x2c C:\Users\david_000\Documents\LPCXpresso_7.5.0_254\controlbox\lpc_chip_11uxx_lib\Debug\liblpc_chip_11uxx_lib.a(clock_11xx.o)
                0x000012a4                Chip_Clock_SetMainClockSource
 .text.Chip_Clock_GetWDTOSCRate
                0x000012d0       0x1c C:\Users\david_000\Documents\LPCXpresso_7.5.0_254\controlbox\lpc_chip_11uxx_lib\Debug\liblpc_chip_11uxx_lib.a(clock_11xx.o)
                0x000012d0                Chip_Clock_GetWDTOSCRate
 .text.Chip_Clock_GetSystemPLLInClockRate
                0x000012ec       0x40 C:\Users\david_000\Documents\LPCXpresso_7.5.0_254\controlbox\lpc_chip_11uxx_lib\Debug\liblpc_chip_11uxx_lib.a(clock_11xx.o)
                0x000012ec                Chip_Clock_GetSystemPLLInClockRate
 .text.Chip_Clock_GetSystemPLLOutClockRate
                0x0000132c       0x24 C:\Users\david_000\Documents\LPCXpresso_7.5.0_254\controlbox\lpc_chip_11uxx_lib\Debug\liblpc_chip_11uxx_lib.a(clock_11xx.o)
                0x0000132c                Chip_Clock_GetSystemPLLOutClockRate
 .text.Chip_Clock_GetMainClockRate
                0x00001350       0x64 C:\Users\david_000\Documents\LPCXpresso_7.5.0_254\controlbox\lpc_chip_11uxx_lib\Debug\liblpc_chip_11uxx_lib.a(clock_11xx.o)
                0x00001350                Chip_Clock_GetMainClockRate
 .text.Chip_Clock_GetSystemClockRate
                0x000013b4       0x24 C:\Users\david_000\Documents\LPCXpresso_7.5.0_254\controlbox\lpc_chip_11uxx_lib\Debug\liblpc_chip_11uxx_lib.a(clock_11xx.o)
                0x000013b4                Chip_Clock_GetSystemClockRate
 .text.Chip_Clock_EnablePeriphClock
                0x000013d8       0x30 C:\Users\david_000\Documents\LPCXpresso_7.5.0_254\controlbox\lpc_chip_11uxx_lib\Debug\liblpc_chip_11uxx_lib.a(gpio_11xx_1.o)
 .text.Chip_GPIO_Init
                0x00001408       0x14 C:\Users\david_000\Documents\LPCXpresso_7.5.0_254\controlbox\lpc_chip_11uxx_lib\Debug\liblpc_chip_11uxx_lib.a(gpio_11xx_1.o)
                0x00001408                Chip_GPIO_Init
 .text.Chip_IOCON_PinMuxSet
                0x0000141c       0x48 C:\Users\david_000\Documents\LPCXpresso_7.5.0_254\controlbox\lpc_chip_11uxx_lib\Debug\liblpc_chip_11uxx_lib.a(iocon_11xx.o)
                0x0000141c                Chip_IOCON_PinMuxSet
 .text.Chip_SYSCTL_PowerDown
                0x00001464       0x40 C:\Users\david_000\Documents\LPCXpresso_7.5.0_254\controlbox\lpc_chip_11uxx_lib\Debug\liblpc_chip_11uxx_lib.a(sysctl_11xx.o)
                0x00001464                Chip_SYSCTL_PowerDown
 .text.Chip_SYSCTL_PowerUp
                0x000014a4       0x44 C:\Users\david_000\Documents\LPCXpresso_7.5.0_254\controlbox\lpc_chip_11uxx_lib\Debug\liblpc_chip_11uxx_lib.a(sysctl_11xx.o)
                0x000014a4                Chip_SYSCTL_PowerUp
 .text.__main   0x000014e8       0x12 c:/nxp/lpcxpresso_7.5.0_254/lpcxpresso/tools/bin/../lib/gcc/arm-none-eabi/4.8.4/../../../../arm-none-eabi/lib/armv6-m\libcr_nohost.a(_cr__main.o)
                0x000014e8                __main
 .text.memset   0x000014fa        0x8 c:/nxp/lpcxpresso_7.5.0_254/lpcxpresso/tools/bin/../lib/gcc/arm-none-eabi/4.8.4/../../../../arm-none-eabi/lib/armv6-m\libcr_c.a(memset.o)
                0x000014fa                memset
 *fill*         0x00001502        0x2 
 .text._initio  0x00001504       0xa4 c:/nxp/lpcxpresso_7.5.0_254/lpcxpresso/tools/bin/../lib/gcc/arm-none-eabi/4.8.4/../../../../arm-none-eabi/lib/armv6-m\libcr_c.a(initio.o)
                0x00001504                _initio
 .text.memcmp   0x000015a8       0x3a c:/nxp/lpcxpresso_7.5.0_254/lpcxpresso/tools/bin/../lib/gcc/arm-none-eabi/4.8.4/../../../../arm-none-eabi/lib/armv6-m\libcr_c.a(memcmp.o)
                0x000015a8                memcmp
 *fill*         0x000015e2        0x2 
 .text.setvbuf  0x000015e4       0x48 c:/nxp/lpcxpresso_7.5.0_254/lpcxpresso/tools/bin/../lib/gcc/arm-none-eabi/4.8.4/../../../../arm-none-eabi/lib/armv6-m\libcr_c.a(setvbuf.o)
                0x000015e4                setvbuf
 .text.strlen   0x0000162c       0x54 c:/nxp/lpcxpresso_7.5.0_254/lpcxpresso/tools/bin/../lib/gcc/arm-none-eabi/4.8.4/../../../../arm-none-eabi/lib/armv6-m\libcr_c.a(strlen.o)
                0x0000162c                strlen
 .text.strncpy  0x00001680       0x58 c:/nxp/lpcxpresso_7.5.0_254/lpcxpresso/tools/bin/../lib/gcc/arm-none-eabi/4.8.4/../../../../arm-none-eabi/lib/armv6-m\libcr_c.a(strncpy.o)
                0x00001680                strncpy
 .text._deferredlazyseek
                0x000016d8       0x44 c:/nxp/lpcxpresso_7.5.0_254/lpcxpresso/tools/bin/../lib/gcc/arm-none-eabi/4.8.4/../../../../arm-none-eabi/lib/armv6-m\libcr_c.a(_deferredlazyseek.o)
                0x000016d8                _deferredlazyseek
 .text._fdopen  0x0000171c       0x68 c:/nxp/lpcxpresso_7.5.0_254/lpcxpresso/tools/bin/../lib/gcc/arm-none-eabi/4.8.4/../../../../arm-none-eabi/lib/armv6-m\libcr_c.a(_fdopen.o)
                0x0000171c                _fdopen
 .text._fflush  0x00001784       0x64 c:/nxp/lpcxpresso_7.5.0_254/lpcxpresso/tools/bin/../lib/gcc/arm-none-eabi/4.8.4/../../../../arm-none-eabi/lib/armv6-m\libcr_c.a(_fflush.o)
                0x00001784                _fflush
 .text._Cwritebuf
                0x000017e8       0x6c c:/nxp/lpcxpresso_7.5.0_254/lpcxpresso/tools/bin/../lib/gcc/arm-none-eabi/4.8.4/../../../../arm-none-eabi/lib/armv6-m\libcr_c.a(_writebuf.o)
                0x000017e8                _Cwritebuf
 .text.malloc   0x00001854       0xc4 c:/nxp/lpcxpresso_7.5.0_254/lpcxpresso/tools/bin/../lib/gcc/arm-none-eabi/4.8.4/../../../../arm-none-eabi/lib/armv6-m\libcr_c.a(alloc.o)
                0x00001854                malloc
 .text.free     0x00001918        0xe c:/nxp/lpcxpresso_7.5.0_254/lpcxpresso/tools/bin/../lib/gcc/arm-none-eabi/4.8.4/../../../../arm-none-eabi/lib/armv6-m\libcr_c.a(alloc.o)
                0x00001918                free
 *fill*         0x00001926        0x2 
 .text._Csys_alloc
                0x00001928       0x20 c:/nxp/lpcxpresso_7.5.0_254/lpcxpresso/tools/bin/../lib/gcc/arm-none-eabi/4.8.4/../../../../arm-none-eabi/lib/armv6-m\libcr_c.a(alloc.o)
                0x00001928                _Csys_alloc
 .text.fclose   0x00001948       0x70 c:/nxp/lpcxpresso_7.5.0_254/lpcxpresso/tools/bin/../lib/gcc/arm-none-eabi/4.8.4/../../../../arm-none-eabi/lib/armv6-m\libcr_c.a(fclose.o)
                0x00001948                fclose
 .text.fflush   0x000019b8       0x34 c:/nxp/lpcxpresso_7.5.0_254/lpcxpresso/tools/bin/../lib/gcc/arm-none-eabi/4.8.4/../../../../arm-none-eabi/lib/armv6-m\libcr_c.a(fflush.o)
                0x000019b8                fflush
 .text.fseek    0x000019ec       0xf8 c:/nxp/lpcxpresso_7.5.0_254/lpcxpresso/tools/bin/../lib/gcc/arm-none-eabi/4.8.4/../../../../arm-none-eabi/lib/armv6-m\libcr_c.a(fseek.o)
                0x000019ec                fseek
 .text.ftell    0x00001ae4       0x4c c:/nxp/lpcxpresso_7.5.0_254/lpcxpresso/tools/bin/../lib/gcc/arm-none-eabi/4.8.4/../../../../arm-none-eabi/lib/armv6-m\libcr_c.a(ftell.o)
                0x00001ae4                ftell
 .text.remove   0x00001b30       0x12 c:/nxp/lpcxpresso_7.5.0_254/lpcxpresso/tools/bin/../lib/gcc/arm-none-eabi/4.8.4/../../../../arm-none-eabi/lib/armv6-m\libcr_c.a(remove.o)
                0x00001b30                remove
 *fill*         0x00001b42        0x2 
 .text._sbrk    0x00001b44       0x40 c:/nxp/lpcxpresso_7.5.0_254/lpcxpresso/tools/bin/../lib/gcc/arm-none-eabi/4.8.4/../../../../arm-none-eabi/lib/armv6-m\libcr_c.a(_cr_sbrk.o)
                0x00001b44                _sbrk
 .text._do_fflush
                0x00001b84       0x48 c:/nxp/lpcxpresso_7.5.0_254/lpcxpresso/tools/bin/../lib/gcc/arm-none-eabi/4.8.4/../../../../arm-none-eabi/lib/armv6-m\libcr_c.a(_do_fflush.o)
                0x00001b84                _do_fflush
 .text.__check_heap_overflow
                0x00001bcc       0x18 c:/nxp/lpcxpresso_7.5.0_254/lpcxpresso/tools/bin/../lib/gcc/arm-none-eabi/4.8.4/../../../../arm-none-eabi/lib/armv6-m\libcr_c.a(_cr_check_heap.o)
                0x00001bcc                __check_heap_overflow
 .text.__aeabi_division_idivmod
                0x00001be4       0x78 c:/nxp/lpcxpresso_7.5.0_254/lpcxpresso/tools/bin/../lib/gcc/arm-none-eabi/4.8.4/armv6-m\libcr_eabihelpers.a(division_32.o)
                0x00001be4                __aeabi_idivmod
                0x00001be4                __aeabi_idiv
                0x00001bea                __aeabi_uidivmod
                0x00001bea                __aeabi_uidiv
 .text.__aeabi_division_idiv0
                0x00001c5c        0x2 c:/nxp/lpcxpresso_7.5.0_254/lpcxpresso/tools/bin/../lib/gcc/arm-none-eabi/4.8.4/armv6-m\libcr_eabihelpers.a(division_idiv0.o)
                0x00001c5c                __aeabi_idiv0
 .text.__aeabi_memset_lowlevel
                0x00001c5e       0x2a c:/nxp/lpcxpresso_7.5.0_254/lpcxpresso/tools/bin/../lib/gcc/arm-none-eabi/4.8.4/armv6-m\libcr_eabihelpers.a(memcpy.o)
                0x00001c5e                __aeabi_lowlevel_memset
 .text.__sys_appexit
                0x00001c88        0x2 c:/nxp/lpcxpresso_7.5.0_254/lpcxpresso/tools/bin/../lib/gcc/arm-none-eabi/4.8.4/../../../../arm-none-eabi/lib/armv6-m\libcr_nohost.a(__sys_appexit.o)
                0x00001c88                __sys_appexit
                0x00001c88                __exit
 .text.__sys_close
                0x00001c8a        0x6 c:/nxp/lpcxpresso_7.5.0_254/lpcxpresso/tools/bin/../lib/gcc/arm-none-eabi/4.8.4/../../../../arm-none-eabi/lib/armv6-m\libcr_nohost.a(__sys_close.o)
                0x00001c8a                __sys_close
 .text.__sys_flen
                0x00001c90        0x6 c:/nxp/lpcxpresso_7.5.0_254/lpcxpresso/tools/bin/../lib/gcc/arm-none-eabi/4.8.4/../../../../arm-none-eabi/lib/armv6-m\libcr_nohost.a(__sys_flen.o)
                0x00001c90                __sys_flen
 .text.__sys_istty
                0x00001c96        0x6 c:/nxp/lpcxpresso_7.5.0_254/lpcxpresso/tools/bin/../lib/gcc/arm-none-eabi/4.8.4/../../../../arm-none-eabi/lib/armv6-m\libcr_nohost.a(__sys_istty.o)
                0x00001c96                __sys_istty
 .text.__sys_remove
                0x00001c9c        0x6 c:/nxp/lpcxpresso_7.5.0_254/lpcxpresso/tools/bin/../lib/gcc/arm-none-eabi/4.8.4/../../../../arm-none-eabi/lib/armv6-m\libcr_nohost.a(__sys_remove.o)
                0x00001c9c                __sys_remove
 .text.__sys_seek
                0x00001ca2        0x6 c:/nxp/lpcxpresso_7.5.0_254/lpcxpresso/tools/bin/../lib/gcc/arm-none-eabi/4.8.4/../../../../arm-none-eabi/lib/armv6-m\libcr_nohost.a(__sys_seek.o)
                0x00001ca2                __sys_seek
 .text.__sys_tmpnam
                0x00001ca8        0x6 c:/nxp/lpcxpresso_7.5.0_254/lpcxpresso/tools/bin/../lib/gcc/arm-none-eabi/4.8.4/../../../../arm-none-eabi/lib/armv6-m\libcr_nohost.a(__sys_tmpnam.o)
                0x00001ca8                __sys_tmpnam
 *(.rodata .rodata.* .constdata .constdata.*)
 *fill*         0x00001cae        0x2 
 .rodata        0x00001cb0       0x20 ./freertos/src/tasks.o
 .rodata.ucExpectedStackBytes.6456
                0x00001cd0       0x14 ./freertos/src/tasks.o
 .rodata        0x00001ce4       0x24 ./example/src/freertos_blinky.o
 .rodata.OscRateIn
                0x00001d08        0x4 C:\Users\david_000\Documents\LPCXpresso_7.5.0_254\controlbox\nxp_lpcxpresso_11u14_board_lib\Debug\libnxp_lpcxpresso_11u14_board_lib.a(board.o)
                0x00001d08                OscRateIn
 .rodata.pinmuxing
                0x00001d0c       0x24 C:\Users\david_000\Documents\LPCXpresso_7.5.0_254\controlbox\nxp_lpcxpresso_11u14_board_lib\Debug\libnxp_lpcxpresso_11u14_board_lib.a(board_sysinit.o)
 .rodata.wdtOSCRate
                0x00001d30       0x40 C:\Users\david_000\Documents\LPCXpresso_7.5.0_254\controlbox\lpc_chip_11uxx_lib\Debug\liblpc_chip_11uxx_lib.a(clock_11xx.o)
 .rodata.str1.1
                0x00001d70        0x4 c:/nxp/lpcxpresso_7.5.0_254/lpcxpresso/tools/bin/../lib/gcc/arm-none-eabi/4.8.4/../../../../arm-none-eabi/lib/armv6-m\libcr_c.a(initio.o)
 .rodata.str1.1
                0x00001d74       0x18 c:/nxp/lpcxpresso_7.5.0_254/lpcxpresso/tools/bin/../lib/gcc/arm-none-eabi/4.8.4/../../../../arm-none-eabi/lib/armv6-m\libcr_c.a(alloc.o)
                0x00001d8c                . = ALIGN (0x4)

.glue_7         0x00001d8c        0x0
 .glue_7        0x00000000        0x0 linker stubs

.glue_7t        0x00001d8c        0x0
 .glue_7t       0x00000000        0x0 linker stubs

.vfp11_veneer   0x00001d8c        0x0
 .vfp11_veneer  0x00000000        0x0 linker stubs

.v4_bx          0x00001d8c        0x0
 .v4_bx         0x00000000        0x0 linker stubs

.iplt           0x00001d8c        0x0
 .iplt          0x00000000        0x0 ./freertos/src/FreeRTOSCommonHooks.o

.rel.dyn        0x00001d8c        0x0
 .rel.iplt      0x00000000        0x0 ./freertos/src/FreeRTOSCommonHooks.o

.ARM.extab
 *(.ARM.extab* .gnu.linkonce.armextab.*)
                0x00001d8c                __exidx_start = .

.ARM.exidx
 *(.ARM.exidx* .gnu.linkonce.armexidx.*)
                0x00001d8c                __exidx_end = .
                0x00001d8c                _etext = .

.data_RAM2      0x20004000        0x0 load address 0x00001d8c
 FILL mask 0xff
 *(.ramfunc.$RAM2)
 *(.ramfunc.$RamUsb2)
 *(.data.$RAM2*)
 *(.data.$RamUsb2*)
                0x20004000                . = ALIGN (0x4)

.uninit_RESERVED
                0x10000000        0x0
 *(.bss.$RESERVED*)
                0x10000000                . = ALIGN (0x4)
                0x10000000                _end_uninit_RESERVED = .

.data           0x10000000        0x8 load address 0x00001d8c
 FILL mask 0xff
                0x10000000                _data = .
 *(vtable)
 *(.ramfunc*)
 *(.data*)
 .data.uxCriticalNesting
                0x10000000        0x4 ./freertos/src/port.o
 .data.xNextTaskUnblockTime
                0x10000004        0x4 ./freertos/src/tasks.o
                0x10000008                . = ALIGN (0x4)
                0x10000008                _edata = .

.igot.plt       0x10000008        0x0 load address 0x00001d94
 .igot.plt      0x00000000        0x0 ./freertos/src/FreeRTOSCommonHooks.o

.bss_RAM2       0x20004000        0x0
 *(.bss.$RAM2*)
 *(.bss.$RamUsb2*)
                0x20004000                . = ALIGN (0x4)

.bss            0x10000008      0x898
                0x10000008                _bss = .
 *(.bss*)
 .bss.ucHeap    0x10000008      0x600 ./freertos/src/heap_1.o
 .bss.xNextFreeByte
                0x10000608        0x4 ./freertos/src/heap_1.o
 .bss.pucAlignedHeap.6172
                0x1000060c        0x4 ./freertos/src/heap_1.o
 .bss.pxCurrentTCB
                0x10000610        0x4 ./freertos/src/tasks.o
                0x10000610                pxCurrentTCB
 .bss.pxReadyTasksLists
                0x10000614       0xa0 ./freertos/src/tasks.o
 .bss.xDelayedTaskList1
                0x100006b4       0x14 ./freertos/src/tasks.o
 .bss.xDelayedTaskList2
                0x100006c8       0x14 ./freertos/src/tasks.o
 .bss.pxDelayedTaskList
                0x100006dc        0x4 ./freertos/src/tasks.o
 .bss.pxOverflowDelayedTaskList
                0x100006e0        0x4 ./freertos/src/tasks.o
 .bss.xPendingReadyList
                0x100006e4       0x14 ./freertos/src/tasks.o
 .bss.xTasksWaitingTermination
                0x100006f8       0x14 ./freertos/src/tasks.o
 .bss.uxTasksDeleted
                0x1000070c        0x4 ./freertos/src/tasks.o
 .bss.xSuspendedTaskList
                0x10000710       0x14 ./freertos/src/tasks.o
 .bss.uxCurrentNumberOfTasks
                0x10000724        0x4 ./freertos/src/tasks.o
 .bss.xTickCount
                0x10000728        0x4 ./freertos/src/tasks.o
 .bss.uxTopUsedPriority
                0x1000072c        0x4 ./freertos/src/tasks.o
 .bss.uxTopReadyPriority
                0x10000730        0x4 ./freertos/src/tasks.o
 .bss.xSchedulerRunning
                0x10000734        0x4 ./freertos/src/tasks.o
 .bss.uxSchedulerSuspended
                0x10000738        0x4 ./freertos/src/tasks.o
 .bss.uxMissedTicks
                0x1000073c        0x4 ./freertos/src/tasks.o
 .bss.xMissedYield
                0x10000740        0x4 ./freertos/src/tasks.o
 .bss.xNumOfOverflows
                0x10000744        0x4 ./freertos/src/tasks.o
 .bss.uxTaskNumber
                0x10000748        0x4 ./freertos/src/tasks.o
 .bss.errno     0x1000074c        0x4 c:/nxp/lpcxpresso_7.5.0_254/lpcxpresso/tools/bin/../lib/gcc/arm-none-eabi/4.8.4/../../../../arm-none-eabi/lib/armv6-m\libcr_c.a(errno.o)
                0x1000074c                errno
 *(COMMON)
 COMMON         0x10000750        0x4 C:\Users\david_000\Documents\LPCXpresso_7.5.0_254\controlbox\lpc_chip_11uxx_lib\Debug\liblpc_chip_11uxx_lib.a(chip_11xx.o)
                0x10000750                SystemCoreClock
 COMMON         0x10000754        0x4 c:/nxp/lpcxpresso_7.5.0_254/lpcxpresso/tools/bin/../lib/gcc/arm-none-eabi/4.8.4/../../../../arm-none-eabi/lib/armv6-m\libcr_c.a(initio.o)
                0x10000754                _extra
 COMMON         0x10000758      0x140 c:/nxp/lpcxpresso_7.5.0_254/lpcxpresso/tools/bin/../lib/gcc/arm-none-eabi/4.8.4/../../../../arm-none-eabi/lib/armv6-m\libcr_c.a(stdio.o)
                0x10000758                __Ciob
 COMMON         0x10000898        0x8 c:/nxp/lpcxpresso_7.5.0_254/lpcxpresso/tools/bin/../lib/gcc/arm-none-eabi/4.8.4/../../../../arm-none-eabi/lib/armv6-m\libcr_c.a(__init_alloc.o)
                0x10000898                __heaps
                0x1000089c                __end_of_heap
                0x100008a0                . = ALIGN (0x4)
                0x100008a0                _ebss = .
                0x100008a0                PROVIDE (end, .)

.noinit_RAM2    0x20004000        0x0
 *(.noinit.$RAM2*)
 *(.noinit.$RamUsb2*)
                0x20004000                . = ALIGN (0x4)

.noinit         0x100008a0        0x0
                0x100008a0                _noinit = .
 *(.noinit*)
                0x100008a0                . = ALIGN (0x4)
                0x100008a0                _end_noinit = .
                0x100008a0                PROVIDE (_pvHeapStart, DEFINED (__user_heap_base)?__user_heap_base:.)
                0x10001000                PROVIDE (_vStackTop, DEFINED (__user_stack_top)?__user_stack_top:(__top_RamLoc4 - 0x0))
OUTPUT(nxp_lpcxpresso_11u14_freertos_blinky.axf elf32-littlearm)

.debug_info     0x00000000     0x4640
 .debug_info    0x00000000      0x178 ./freertos/src/FreeRTOSCommonHooks.o
 .debug_info    0x00000178      0x18e ./freertos/src/heap_1.o
 .debug_info    0x00000306      0x2b8 ./freertos/src/list.o
 .debug_info    0x000005be      0x1fb ./freertos/src/port.o
 .debug_info    0x000007b9      0xf35 ./freertos/src/tasks.o
 .debug_info    0x000016ee      0x252 ./example/src/cr_startup_lpc11xx.o
 .debug_info    0x00001940      0x17b ./example/src/freertos_blinky.o
 .debug_info    0x00001abb       0xb8 ./example/src/sysinit.o
 .debug_info    0x00001b73      0x79e C:\Users\david_000\Documents\LPCXpresso_7.5.0_254\controlbox\nxp_lpcxpresso_11u14_board_lib\Debug\libnxp_lpcxpresso_11u14_board_lib.a(board.o)
 .debug_info    0x00002311      0x95c C:\Users\david_000\Documents\LPCXpresso_7.5.0_254\controlbox\nxp_lpcxpresso_11u14_board_lib\Debug\libnxp_lpcxpresso_11u14_board_lib.a(board_sysinit.o)
 .debug_info    0x00002c6d       0xc2 C:\Users\david_000\Documents\LPCXpresso_7.5.0_254\controlbox\lpc_chip_11uxx_lib\Debug\liblpc_chip_11uxx_lib.a(chip_11xx.o)
 .debug_info    0x00002d2f      0x8ca C:\Users\david_000\Documents\LPCXpresso_7.5.0_254\controlbox\lpc_chip_11uxx_lib\Debug\liblpc_chip_11uxx_lib.a(clock_11xx.o)
 .debug_info    0x000035f9      0x96f C:\Users\david_000\Documents\LPCXpresso_7.5.0_254\controlbox\lpc_chip_11uxx_lib\Debug\liblpc_chip_11uxx_lib.a(gpio_11xx_1.o)
 .debug_info    0x00003f68      0x155 C:\Users\david_000\Documents\LPCXpresso_7.5.0_254\controlbox\lpc_chip_11uxx_lib\Debug\liblpc_chip_11uxx_lib.a(iocon_11xx.o)
 .debug_info    0x000040bd      0x583 C:\Users\david_000\Documents\LPCXpresso_7.5.0_254\controlbox\lpc_chip_11uxx_lib\Debug\liblpc_chip_11uxx_lib.a(sysctl_11xx.o)

.debug_abbrev   0x00000000     0x11ae
 .debug_abbrev  0x00000000       0xf9 ./freertos/src/FreeRTOSCommonHooks.o
 .debug_abbrev  0x000000f9      0x123 ./freertos/src/heap_1.o
 .debug_abbrev  0x0000021c       0xdb ./freertos/src/list.o
 .debug_abbrev  0x000002f7      0x144 ./freertos/src/port.o
 .debug_abbrev  0x0000043b      0x20e ./freertos/src/tasks.o
 .debug_abbrev  0x00000649       0xf9 ./example/src/cr_startup_lpc11xx.o
 .debug_abbrev  0x00000742       0xbf ./example/src/freertos_blinky.o
 .debug_abbrev  0x00000801       0x6a ./example/src/sysinit.o
 .debug_abbrev  0x0000086b      0x238 C:\Users\david_000\Documents\LPCXpresso_7.5.0_254\controlbox\nxp_lpcxpresso_11u14_board_lib\Debug\libnxp_lpcxpresso_11u14_board_lib.a(board.o)
 .debug_abbrev  0x00000aa3      0x1cb C:\Users\david_000\Documents\LPCXpresso_7.5.0_254\controlbox\nxp_lpcxpresso_11u14_board_lib\Debug\libnxp_lpcxpresso_11u14_board_lib.a(board_sysinit.o)
 .debug_abbrev  0x00000c6e       0x7b C:\Users\david_000\Documents\LPCXpresso_7.5.0_254\controlbox\lpc_chip_11uxx_lib\Debug\liblpc_chip_11uxx_lib.a(chip_11xx.o)
 .debug_abbrev  0x00000ce9      0x1bc C:\Users\david_000\Documents\LPCXpresso_7.5.0_254\controlbox\lpc_chip_11uxx_lib\Debug\liblpc_chip_11uxx_lib.a(clock_11xx.o)
 .debug_abbrev  0x00000ea5      0x173 C:\Users\david_000\Documents\LPCXpresso_7.5.0_254\controlbox\lpc_chip_11uxx_lib\Debug\liblpc_chip_11uxx_lib.a(gpio_11xx_1.o)
 .debug_abbrev  0x00001018       0xc8 C:\Users\david_000\Documents\LPCXpresso_7.5.0_254\controlbox\lpc_chip_11uxx_lib\Debug\liblpc_chip_11uxx_lib.a(iocon_11xx.o)
 .debug_abbrev  0x000010e0       0xce C:\Users\david_000\Documents\LPCXpresso_7.5.0_254\controlbox\lpc_chip_11uxx_lib\Debug\liblpc_chip_11uxx_lib.a(sysctl_11xx.o)

.debug_aranges  0x00000000      0x600
 .debug_aranges
                0x00000000       0x40 ./freertos/src/FreeRTOSCommonHooks.o
 .debug_aranges
                0x00000040       0x38 ./freertos/src/heap_1.o
 .debug_aranges
                0x00000078       0x40 ./freertos/src/list.o
 .debug_aranges
                0x000000b8       0x70 ./freertos/src/port.o
 .debug_aranges
                0x00000128      0x150 ./freertos/src/tasks.o
 .debug_aranges
                0x00000278       0x60 ./example/src/cr_startup_lpc11xx.o
 .debug_aranges
                0x000002d8       0x40 ./example/src/freertos_blinky.o
 .debug_aranges
                0x00000318       0x20 ./example/src/sysinit.o
 .debug_aranges
                0x00000338       0xd0 C:\Users\david_000\Documents\LPCXpresso_7.5.0_254\controlbox\nxp_lpcxpresso_11u14_board_lib\Debug\libnxp_lpcxpresso_11u14_board_lib.a(board.o)
 .debug_aranges
                0x00000408       0x68 C:\Users\david_000\Documents\LPCXpresso_7.5.0_254\controlbox\nxp_lpcxpresso_11u14_board_lib\Debug\libnxp_lpcxpresso_11u14_board_lib.a(board_sysinit.o)
 .debug_aranges
                0x00000470       0x20 C:\Users\david_000\Documents\LPCXpresso_7.5.0_254\controlbox\lpc_chip_11uxx_lib\Debug\liblpc_chip_11uxx_lib.a(chip_11xx.o)
 .debug_aranges
                0x00000490       0xa0 C:\Users\david_000\Documents\LPCXpresso_7.5.0_254\controlbox\lpc_chip_11uxx_lib\Debug\liblpc_chip_11uxx_lib.a(clock_11xx.o)
 .debug_aranges
                0x00000530       0x78 C:\Users\david_000\Documents\LPCXpresso_7.5.0_254\controlbox\lpc_chip_11uxx_lib\Debug\liblpc_chip_11uxx_lib.a(gpio_11xx_1.o)
 .debug_aranges
                0x000005a8       0x20 C:\Users\david_000\Documents\LPCXpresso_7.5.0_254\controlbox\lpc_chip_11uxx_lib\Debug\liblpc_chip_11uxx_lib.a(iocon_11xx.o)
 .debug_aranges
                0x000005c8       0x38 C:\Users\david_000\Documents\LPCXpresso_7.5.0_254\controlbox\lpc_chip_11uxx_lib\Debug\liblpc_chip_11uxx_lib.a(sysctl_11xx.o)

.debug_ranges   0x00000000      0x510
 .debug_ranges  0x00000000       0x30 ./freertos/src/FreeRTOSCommonHooks.o
 .debug_ranges  0x00000030       0x28 ./freertos/src/heap_1.o
 .debug_ranges  0x00000058       0x30 ./freertos/src/list.o
 .debug_ranges  0x00000088       0x60 ./freertos/src/port.o
 .debug_ranges  0x000000e8      0x140 ./freertos/src/tasks.o
 .debug_ranges  0x00000228       0x50 ./example/src/cr_startup_lpc11xx.o
 .debug_ranges  0x00000278       0x30 ./example/src/freertos_blinky.o
 .debug_ranges  0x000002a8       0x10 ./example/src/sysinit.o
 .debug_ranges  0x000002b8       0xc0 C:\Users\david_000\Documents\LPCXpresso_7.5.0_254\controlbox\nxp_lpcxpresso_11u14_board_lib\Debug\libnxp_lpcxpresso_11u14_board_lib.a(board.o)
 .debug_ranges  0x00000378       0x58 C:\Users\david_000\Documents\LPCXpresso_7.5.0_254\controlbox\nxp_lpcxpresso_11u14_board_lib\Debug\libnxp_lpcxpresso_11u14_board_lib.a(board_sysinit.o)
 .debug_ranges  0x000003d0       0x10 C:\Users\david_000\Documents\LPCXpresso_7.5.0_254\controlbox\lpc_chip_11uxx_lib\Debug\liblpc_chip_11uxx_lib.a(chip_11xx.o)
 .debug_ranges  0x000003e0       0x90 C:\Users\david_000\Documents\LPCXpresso_7.5.0_254\controlbox\lpc_chip_11uxx_lib\Debug\liblpc_chip_11uxx_lib.a(clock_11xx.o)
 .debug_ranges  0x00000470       0x68 C:\Users\david_000\Documents\LPCXpresso_7.5.0_254\controlbox\lpc_chip_11uxx_lib\Debug\liblpc_chip_11uxx_lib.a(gpio_11xx_1.o)
 .debug_ranges  0x000004d8       0x10 C:\Users\david_000\Documents\LPCXpresso_7.5.0_254\controlbox\lpc_chip_11uxx_lib\Debug\liblpc_chip_11uxx_lib.a(iocon_11xx.o)
 .debug_ranges  0x000004e8       0x28 C:\Users\david_000\Documents\LPCXpresso_7.5.0_254\controlbox\lpc_chip_11uxx_lib\Debug\liblpc_chip_11uxx_lib.a(sysctl_11xx.o)

.debug_macro    0x00000000     0x5071
 .debug_macro   0x00000000      0x218 ./freertos/src/FreeRTOSCommonHooks.o
 .debug_macro   0x00000218      0x820 ./freertos/src/FreeRTOSCommonHooks.o
 .debug_macro   0x00000a38       0x10 ./freertos/src/FreeRTOSCommonHooks.o
 .debug_macro   0x00000a48      0x12d ./freertos/src/FreeRTOSCommonHooks.o
 .debug_macro   0x00000b75       0x16 ./freertos/src/FreeRTOSCommonHooks.o
 .debug_macro   0x00000b8b       0x46 ./freertos/src/FreeRTOSCommonHooks.o
 .debug_macro   0x00000bd1      0x5b2 ./freertos/src/FreeRTOSCommonHooks.o
 .debug_macro   0x00001183       0x22 ./freertos/src/FreeRTOSCommonHooks.o
 .debug_macro   0x000011a5       0x74 ./freertos/src/FreeRTOSCommonHooks.o
 .debug_macro   0x00001219       0x10 ./freertos/src/FreeRTOSCommonHooks.o
 .debug_macro   0x00001229       0x1f ./freertos/src/FreeRTOSCommonHooks.o
 .debug_macro   0x00001248       0x3a ./freertos/src/FreeRTOSCommonHooks.o
 .debug_macro   0x00001282      0x241 ./freertos/src/FreeRTOSCommonHooks.o
 .debug_macro   0x000014c3      0x125 ./freertos/src/FreeRTOSCommonHooks.o
 .debug_macro   0x000015e8       0x2e ./freertos/src/FreeRTOSCommonHooks.o
 .debug_macro   0x00001616       0xf1 ./freertos/src/FreeRTOSCommonHooks.o
 .debug_macro   0x00001707       0x10 ./freertos/src/FreeRTOSCommonHooks.o
 .debug_macro   0x00001717      0x137 ./freertos/src/FreeRTOSCommonHooks.o
 .debug_macro   0x0000184e       0x4c ./freertos/src/FreeRTOSCommonHooks.o
 .debug_macro   0x0000189a       0x16 ./freertos/src/FreeRTOSCommonHooks.o
 .debug_macro   0x000018b0      0x31a ./freertos/src/FreeRTOSCommonHooks.o
 .debug_macro   0x00001bca       0x4f ./freertos/src/FreeRTOSCommonHooks.o
 .debug_macro   0x00001c19       0xb8 ./freertos/src/FreeRTOSCommonHooks.o
 .debug_macro   0x00001cd1       0x11 ./freertos/src/FreeRTOSCommonHooks.o
 .debug_macro   0x00001ce2       0x7c ./freertos/src/FreeRTOSCommonHooks.o
 .debug_macro   0x00001d5e       0x1c ./freertos/src/FreeRTOSCommonHooks.o
 .debug_macro   0x00001d7a       0x40 ./freertos/src/FreeRTOSCommonHooks.o
 .debug_macro   0x00001dba      0x21c ./freertos/src/FreeRTOSCommonHooks.o
 .debug_macro   0x00001fd6       0x58 ./freertos/src/FreeRTOSCommonHooks.o
 .debug_macro   0x0000202e       0x9a ./freertos/src/FreeRTOSCommonHooks.o
 .debug_macro   0x000020c8       0x20 ./freertos/src/FreeRTOSCommonHooks.o
 .debug_macro   0x000020e8      0x115 ./freertos/src/FreeRTOSCommonHooks.o
 .debug_macro   0x000021fd       0xb1 ./freertos/src/FreeRTOSCommonHooks.o
 .debug_macro   0x000022ae       0x12 ./freertos/src/FreeRTOSCommonHooks.o
 .debug_macro   0x000022c0       0x1f ./freertos/src/FreeRTOSCommonHooks.o
 .debug_macro   0x000022df      0x1f5 ./freertos/src/FreeRTOSCommonHooks.o
 .debug_macro   0x000024d4       0x5e ./freertos/src/FreeRTOSCommonHooks.o
 .debug_macro   0x00002532       0x57 ./freertos/src/FreeRTOSCommonHooks.o
 .debug_macro   0x00002589      0x234 ./freertos/src/heap_1.o
 .debug_macro   0x000027bd       0x28 ./freertos/src/heap_1.o
 .debug_macro   0x000027e5      0x213 ./freertos/src/list.o
 .debug_macro   0x000029f8      0x256 ./freertos/src/port.o
 .debug_macro   0x00002c4e      0x2b2 ./freertos/src/tasks.o
 .debug_macro   0x00002f00       0xa0 ./freertos/src/tasks.o
 .debug_macro   0x00002fa0       0x22 ./freertos/src/tasks.o
 .debug_macro   0x00002fc2       0x5b ./freertos/src/tasks.o
 .debug_macro   0x0000301d       0x17 ./freertos/src/tasks.o
 .debug_macro   0x00003034       0x26 ./example/src/cr_startup_lpc11xx.o
 .debug_macro   0x0000305a      0x826 ./example/src/cr_startup_lpc11xx.o
 .debug_macro   0x00003880      0x208 ./example/src/freertos_blinky.o
 .debug_macro   0x00003a88       0x7b ./example/src/freertos_blinky.o
 .debug_macro   0x00003b03       0x10 ./example/src/freertos_blinky.o
 .debug_macro   0x00003b13      0x11b ./example/src/freertos_blinky.o
 .debug_macro   0x00003c2e      0x193 ./example/src/sysinit.o
 .debug_macro   0x00003dc1      0x1e8 C:\Users\david_000\Documents\LPCXpresso_7.5.0_254\controlbox\nxp_lpcxpresso_11u14_board_lib\Debug\libnxp_lpcxpresso_11u14_board_lib.a(board.o)
 .debug_macro   0x00003fa9      0x81a C:\Users\david_000\Documents\LPCXpresso_7.5.0_254\controlbox\nxp_lpcxpresso_11u14_board_lib\Debug\libnxp_lpcxpresso_11u14_board_lib.a(board.o)
 .debug_macro   0x000047c3       0x12 C:\Users\david_000\Documents\LPCXpresso_7.5.0_254\controlbox\nxp_lpcxpresso_11u14_board_lib\Debug\libnxp_lpcxpresso_11u14_board_lib.a(board.o)
 .debug_macro   0x000047d5      0x1a1 C:\Users\david_000\Documents\LPCXpresso_7.5.0_254\controlbox\nxp_lpcxpresso_11u14_board_lib\Debug\libnxp_lpcxpresso_11u14_board_lib.a(board_sysinit.o)
 .debug_macro   0x00004976      0x15d C:\Users\david_000\Documents\LPCXpresso_7.5.0_254\controlbox\lpc_chip_11uxx_lib\Debug\liblpc_chip_11uxx_lib.a(chip_11xx.o)
 .debug_macro   0x00004ad3      0x15d C:\Users\david_000\Documents\LPCXpresso_7.5.0_254\controlbox\lpc_chip_11uxx_lib\Debug\liblpc_chip_11uxx_lib.a(clock_11xx.o)
 .debug_macro   0x00004c30      0x15d C:\Users\david_000\Documents\LPCXpresso_7.5.0_254\controlbox\lpc_chip_11uxx_lib\Debug\liblpc_chip_11uxx_lib.a(gpio_11xx_1.o)
 .debug_macro   0x00004d8d      0x15d C:\Users\david_000\Documents\LPCXpresso_7.5.0_254\controlbox\lpc_chip_11uxx_lib\Debug\liblpc_chip_11uxx_lib.a(iocon_11xx.o)
 .debug_macro   0x00004eea      0x187 C:\Users\david_000\Documents\LPCXpresso_7.5.0_254\controlbox\lpc_chip_11uxx_lib\Debug\liblpc_chip_11uxx_lib.a(sysctl_11xx.o)

.debug_line     0x00000000     0x45e9
 .debug_line    0x00000000      0x557 ./freertos/src/FreeRTOSCommonHooks.o
 .debug_line    0x00000557      0x537 ./freertos/src/heap_1.o
 .debug_line    0x00000a8e      0x54b ./freertos/src/list.o
 .debug_line    0x00000fd9      0x5a0 ./freertos/src/port.o
 .debug_line    0x00001579      0xb66 ./freertos/src/tasks.o
 .debug_line    0x000020df      0x105 ./example/src/cr_startup_lpc11xx.o
 .debug_line    0x000021e4      0x565 ./example/src/freertos_blinky.o
 .debug_line    0x00002749      0x37b ./example/src/sysinit.o
 .debug_line    0x00002ac4      0x55e C:\Users\david_000\Documents\LPCXpresso_7.5.0_254\controlbox\nxp_lpcxpresso_11u14_board_lib\Debug\libnxp_lpcxpresso_11u14_board_lib.a(board.o)
 .debug_line    0x00003022      0x47d C:\Users\david_000\Documents\LPCXpresso_7.5.0_254\controlbox\nxp_lpcxpresso_11u14_board_lib\Debug\libnxp_lpcxpresso_11u14_board_lib.a(board_sysinit.o)
 .debug_line    0x0000349f      0x2f0 C:\Users\david_000\Documents\LPCXpresso_7.5.0_254\controlbox\lpc_chip_11uxx_lib\Debug\liblpc_chip_11uxx_lib.a(chip_11xx.o)
 .debug_line    0x0000378f      0x45f C:\Users\david_000\Documents\LPCXpresso_7.5.0_254\controlbox\lpc_chip_11uxx_lib\Debug\liblpc_chip_11uxx_lib.a(clock_11xx.o)
 .debug_line    0x00003bee      0x3db C:\Users\david_000\Documents\LPCXpresso_7.5.0_254\controlbox\lpc_chip_11uxx_lib\Debug\liblpc_chip_11uxx_lib.a(gpio_11xx_1.o)
 .debug_line    0x00003fc9      0x2f3 C:\Users\david_000\Documents\LPCXpresso_7.5.0_254\controlbox\lpc_chip_11uxx_lib\Debug\liblpc_chip_11uxx_lib.a(iocon_11xx.o)
 .debug_line    0x000042bc      0x32d C:\Users\david_000\Documents\LPCXpresso_7.5.0_254\controlbox\lpc_chip_11uxx_lib\Debug\liblpc_chip_11uxx_lib.a(sysctl_11xx.o)

.debug_str      0x00000000     0xd2dd
 .debug_str     0x00000000     0x9e9a ./freertos/src/FreeRTOSCommonHooks.o
                               0x9f93 (size before relaxing)
 .debug_str     0x00009e9a      0x19a ./freertos/src/heap_1.o
                               0xa05b (size before relaxing)
 .debug_str     0x0000a034      0x12e ./freertos/src/list.o
                               0x9d32 (size before relaxing)
 .debug_str     0x0000a162      0x33d ./freertos/src/port.o
                               0xa219 (size before relaxing)
 .debug_str     0x0000a49f     0x1752 ./freertos/src/tasks.o
                               0xb7cc (size before relaxing)
 .debug_str     0x0000bbf1      0x22c ./example/src/cr_startup_lpc11xx.o
                               0x24d2 (size before relaxing)
 .debug_str     0x0000be1d       0x6b ./example/src/freertos_blinky.o
                               0x9f29 (size before relaxing)
 .debug_str     0x0000be88       0x19 ./example/src/sysinit.o
                               0x7f5e (size before relaxing)
 .debug_str     0x0000bea1      0x478 C:\Users\david_000\Documents\LPCXpresso_7.5.0_254\controlbox\nxp_lpcxpresso_11u14_board_lib\Debug\libnxp_lpcxpresso_11u14_board_lib.a(board.o)
                               0x8361 (size before relaxing)
 .debug_str     0x0000c319      0x7e9 C:\Users\david_000\Documents\LPCXpresso_7.5.0_254\controlbox\nxp_lpcxpresso_11u14_board_lib\Debug\libnxp_lpcxpresso_11u14_board_lib.a(board_sysinit.o)
                               0x8759 (size before relaxing)
 .debug_str     0x0000cb02       0x7f C:\Users\david_000\Documents\LPCXpresso_7.5.0_254\controlbox\lpc_chip_11uxx_lib\Debug\liblpc_chip_11uxx_lib.a(chip_11xx.o)
                               0x7bd0 (size before relaxing)
 .debug_str     0x0000cb81      0x48e C:\Users\david_000\Documents\LPCXpresso_7.5.0_254\controlbox\lpc_chip_11uxx_lib\Debug\liblpc_chip_11uxx_lib.a(clock_11xx.o)
                               0x83db (size before relaxing)
 .debug_str     0x0000d00f       0xff C:\Users\david_000\Documents\LPCXpresso_7.5.0_254\controlbox\lpc_chip_11uxx_lib\Debug\liblpc_chip_11uxx_lib.a(gpio_11xx_1.o)
                               0x8239 (size before relaxing)
 .debug_str     0x0000d10e       0x30 C:\Users\david_000\Documents\LPCXpresso_7.5.0_254\controlbox\lpc_chip_11uxx_lib\Debug\liblpc_chip_11uxx_lib.a(iocon_11xx.o)
                               0x7bf3 (size before relaxing)
 .debug_str     0x0000d13e      0x19f C:\Users\david_000\Documents\LPCXpresso_7.5.0_254\controlbox\lpc_chip_11uxx_lib\Debug\liblpc_chip_11uxx_lib.a(sysctl_11xx.o)
                               0x7fde (size before relaxing)

.comment        0x00000000       0xe0
 .comment       0x00000000       0x70 ./freertos/src/FreeRTOSCommonHooks.o
                                 0x71 (size before relaxing)
 .comment       0x00000000       0x71 ./freertos/src/heap_1.o
 .comment       0x00000000       0x71 ./freertos/src/list.o
 .comment       0x00000000       0x71 ./freertos/src/port.o
 .comment       0x00000000       0x71 ./freertos/src/tasks.o
 .comment       0x00000000       0x71 ./example/src/cr_startup_lpc11xx.o
 .comment       0x00000000       0x71 ./example/src/freertos_blinky.o
 .comment       0x00000000       0x71 ./example/src/sysinit.o
 .comment       0x00000000       0x71 C:\Users\david_000\Documents\LPCXpresso_7.5.0_254\controlbox\nxp_lpcxpresso_11u14_board_lib\Debug\libnxp_lpcxpresso_11u14_board_lib.a(board.o)
 .comment       0x00000000       0x71 C:\Users\david_000\Documents\LPCXpresso_7.5.0_254\controlbox\nxp_lpcxpresso_11u14_board_lib\Debug\libnxp_lpcxpresso_11u14_board_lib.a(board_sysinit.o)
 .comment       0x00000000       0x71 C:\Users\david_000\Documents\LPCXpresso_7.5.0_254\controlbox\lpc_chip_11uxx_lib\Debug\liblpc_chip_11uxx_lib.a(chip_11xx.o)
 .comment       0x00000000       0x71 C:\Users\david_000\Documents\LPCXpresso_7.5.0_254\controlbox\lpc_chip_11uxx_lib\Debug\liblpc_chip_11uxx_lib.a(clock_11xx.o)
 .comment       0x00000000       0x71 C:\Users\david_000\Documents\LPCXpresso_7.5.0_254\controlbox\lpc_chip_11uxx_lib\Debug\liblpc_chip_11uxx_lib.a(gpio_11xx_1.o)
 .comment       0x00000000       0x71 C:\Users\david_000\Documents\LPCXpresso_7.5.0_254\controlbox\lpc_chip_11uxx_lib\Debug\liblpc_chip_11uxx_lib.a(iocon_11xx.o)
 .comment       0x00000000       0x71 C:\Users\david_000\Documents\LPCXpresso_7.5.0_254\controlbox\lpc_chip_11uxx_lib\Debug\liblpc_chip_11uxx_lib.a(sysctl_11xx.o)
 .comment       0x00000070       0x70 c:/nxp/lpcxpresso_7.5.0_254/lpcxpresso/tools/bin/../lib/gcc/arm-none-eabi/4.8.4/../../../../arm-none-eabi/lib/armv6-m\libcr_nohost.a(_cr__main.o)
                                 0x71 (size before relaxing)
 .comment       0x00000000       0x71 c:/nxp/lpcxpresso_7.5.0_254/lpcxpresso/tools/bin/../lib/gcc/arm-none-eabi/4.8.4/../../../../arm-none-eabi/lib/armv6-m\libcr_c.a(memset.o)
 .comment       0x00000000       0x71 c:/nxp/lpcxpresso_7.5.0_254/lpcxpresso/tools/bin/../lib/gcc/arm-none-eabi/4.8.4/../../../../arm-none-eabi/lib/armv6-m\libcr_c.a(initio.o)
 .comment       0x00000000       0x71 c:/nxp/lpcxpresso_7.5.0_254/lpcxpresso/tools/bin/../lib/gcc/arm-none-eabi/4.8.4/../../../../arm-none-eabi/lib/armv6-m\libcr_c.a(memcmp.o)
 .comment       0x00000000       0x71 c:/nxp/lpcxpresso_7.5.0_254/lpcxpresso/tools/bin/../lib/gcc/arm-none-eabi/4.8.4/../../../../arm-none-eabi/lib/armv6-m\libcr_c.a(setvbuf.o)
 .comment       0x00000000       0x71 c:/nxp/lpcxpresso_7.5.0_254/lpcxpresso/tools/bin/../lib/gcc/arm-none-eabi/4.8.4/../../../../arm-none-eabi/lib/armv6-m\libcr_c.a(stdio.o)
 .comment       0x00000000       0x71 c:/nxp/lpcxpresso_7.5.0_254/lpcxpresso/tools/bin/../lib/gcc/arm-none-eabi/4.8.4/../../../../arm-none-eabi/lib/armv6-m\libcr_c.a(strlen.o)
 .comment       0x00000000       0x71 c:/nxp/lpcxpresso_7.5.0_254/lpcxpresso/tools/bin/../lib/gcc/arm-none-eabi/4.8.4/../../../../arm-none-eabi/lib/armv6-m\libcr_c.a(strncpy.o)
 .comment       0x00000000       0x71 c:/nxp/lpcxpresso_7.5.0_254/lpcxpresso/tools/bin/../lib/gcc/arm-none-eabi/4.8.4/../../../../arm-none-eabi/lib/armv6-m\libcr_c.a(_deferredlazyseek.o)
 .comment       0x00000000       0x71 c:/nxp/lpcxpresso_7.5.0_254/lpcxpresso/tools/bin/../lib/gcc/arm-none-eabi/4.8.4/../../../../arm-none-eabi/lib/armv6-m\libcr_c.a(_fdopen.o)
 .comment       0x00000000       0x71 c:/nxp/lpcxpresso_7.5.0_254/lpcxpresso/tools/bin/../lib/gcc/arm-none-eabi/4.8.4/../../../../arm-none-eabi/lib/armv6-m\libcr_c.a(_fflush.o)
 .comment       0x00000000       0x71 c:/nxp/lpcxpresso_7.5.0_254/lpcxpresso/tools/bin/../lib/gcc/arm-none-eabi/4.8.4/../../../../arm-none-eabi/lib/armv6-m\libcr_c.a(_writebuf.o)
 .comment       0x00000000       0x71 c:/nxp/lpcxpresso_7.5.0_254/lpcxpresso/tools/bin/../lib/gcc/arm-none-eabi/4.8.4/../../../../arm-none-eabi/lib/armv6-m\libcr_c.a(alloc.o)
 .comment       0x00000000       0x71 c:/nxp/lpcxpresso_7.5.0_254/lpcxpresso/tools/bin/../lib/gcc/arm-none-eabi/4.8.4/../../../../arm-none-eabi/lib/armv6-m\libcr_c.a(errno.o)
 .comment       0x00000000       0x71 c:/nxp/lpcxpresso_7.5.0_254/lpcxpresso/tools/bin/../lib/gcc/arm-none-eabi/4.8.4/../../../../arm-none-eabi/lib/armv6-m\libcr_c.a(fclose.o)
 .comment       0x00000000       0x71 c:/nxp/lpcxpresso_7.5.0_254/lpcxpresso/tools/bin/../lib/gcc/arm-none-eabi/4.8.4/../../../../arm-none-eabi/lib/armv6-m\libcr_c.a(fflush.o)
 .comment       0x00000000       0x71 c:/nxp/lpcxpresso_7.5.0_254/lpcxpresso/tools/bin/../lib/gcc/arm-none-eabi/4.8.4/../../../../arm-none-eabi/lib/armv6-m\libcr_c.a(fseek.o)
 .comment       0x00000000       0x71 c:/nxp/lpcxpresso_7.5.0_254/lpcxpresso/tools/bin/../lib/gcc/arm-none-eabi/4.8.4/../../../../arm-none-eabi/lib/armv6-m\libcr_c.a(ftell.o)
 .comment       0x00000000       0x71 c:/nxp/lpcxpresso_7.5.0_254/lpcxpresso/tools/bin/../lib/gcc/arm-none-eabi/4.8.4/../../../../arm-none-eabi/lib/armv6-m\libcr_c.a(remove.o)
 .comment       0x00000000       0x71 c:/nxp/lpcxpresso_7.5.0_254/lpcxpresso/tools/bin/../lib/gcc/arm-none-eabi/4.8.4/../../../../arm-none-eabi/lib/armv6-m\libcr_c.a(__init_alloc.o)
 .comment       0x00000000       0x71 c:/nxp/lpcxpresso_7.5.0_254/lpcxpresso/tools/bin/../lib/gcc/arm-none-eabi/4.8.4/../../../../arm-none-eabi/lib/armv6-m\libcr_c.a(_cr_sbrk.o)
 .comment       0x00000000       0x71 c:/nxp/lpcxpresso_7.5.0_254/lpcxpresso/tools/bin/../lib/gcc/arm-none-eabi/4.8.4/../../../../arm-none-eabi/lib/armv6-m\libcr_c.a(_do_fflush.o)
 .comment       0x00000000       0x71 c:/nxp/lpcxpresso_7.5.0_254/lpcxpresso/tools/bin/../lib/gcc/arm-none-eabi/4.8.4/../../../../arm-none-eabi/lib/armv6-m\libcr_c.a(_cr_check_heap.o)
 .comment       0x00000000       0x71 c:/nxp/lpcxpresso_7.5.0_254/lpcxpresso/tools/bin/../lib/gcc/arm-none-eabi/4.8.4/../../../../arm-none-eabi/lib/armv6-m\libcr_nohost.a(__sys_appexit.o)
 .comment       0x00000000       0x71 c:/nxp/lpcxpresso_7.5.0_254/lpcxpresso/tools/bin/../lib/gcc/arm-none-eabi/4.8.4/../../../../arm-none-eabi/lib/armv6-m\libcr_nohost.a(__sys_close.o)
 .comment       0x00000000       0x71 c:/nxp/lpcxpresso_7.5.0_254/lpcxpresso/tools/bin/../lib/gcc/arm-none-eabi/4.8.4/../../../../arm-none-eabi/lib/armv6-m\libcr_nohost.a(__sys_flen.o)
 .comment       0x00000000       0x71 c:/nxp/lpcxpresso_7.5.0_254/lpcxpresso/tools/bin/../lib/gcc/arm-none-eabi/4.8.4/../../../../arm-none-eabi/lib/armv6-m\libcr_nohost.a(__sys_istty.o)
 .comment       0x00000000       0x71 c:/nxp/lpcxpresso_7.5.0_254/lpcxpresso/tools/bin/../lib/gcc/arm-none-eabi/4.8.4/../../../../arm-none-eabi/lib/armv6-m\libcr_nohost.a(__sys_remove.o)
 .comment       0x00000000       0x71 c:/nxp/lpcxpresso_7.5.0_254/lpcxpresso/tools/bin/../lib/gcc/arm-none-eabi/4.8.4/../../../../arm-none-eabi/lib/armv6-m\libcr_nohost.a(__sys_seek.o)
 .comment       0x00000000       0x71 c:/nxp/lpcxpresso_7.5.0_254/lpcxpresso/tools/bin/../lib/gcc/arm-none-eabi/4.8.4/../../../../arm-none-eabi/lib/armv6-m\libcr_nohost.a(__sys_tmpnam.o)

.ARM.attributes
                0x00000000       0x2f
 .ARM.attributes
                0x00000000       0x31 ./freertos/src/FreeRTOSCommonHooks.o
 .ARM.attributes
                0x00000031       0x31 ./freertos/src/heap_1.o
 .ARM.attributes
                0x00000062       0x31 ./freertos/src/list.o
 .ARM.attributes
                0x00000093       0x31 ./freertos/src/port.o
 .ARM.attributes
                0x000000c4       0x31 ./freertos/src/tasks.o
 .ARM.attributes
                0x000000f5       0x31 ./example/src/cr_startup_lpc11xx.o
 .ARM.attributes
                0x00000126       0x31 ./example/src/freertos_blinky.o
 .ARM.attributes
                0x00000157       0x31 ./example/src/sysinit.o
 .ARM.attributes
                0x00000188       0x31 C:\Users\david_000\Documents\LPCXpresso_7.5.0_254\controlbox\nxp_lpcxpresso_11u14_board_lib\Debug\libnxp_lpcxpresso_11u14_board_lib.a(board.o)
 .ARM.attributes
                0x000001b9       0x31 C:\Users\david_000\Documents\LPCXpresso_7.5.0_254\controlbox\nxp_lpcxpresso_11u14_board_lib\Debug\libnxp_lpcxpresso_11u14_board_lib.a(board_sysinit.o)
 .ARM.attributes
                0x000001ea       0x31 C:\Users\david_000\Documents\LPCXpresso_7.5.0_254\controlbox\lpc_chip_11uxx_lib\Debug\liblpc_chip_11uxx_lib.a(chip_11xx.o)
 .ARM.attributes
                0x0000021b       0x31 C:\Users\david_000\Documents\LPCXpresso_7.5.0_254\controlbox\lpc_chip_11uxx_lib\Debug\liblpc_chip_11uxx_lib.a(clock_11xx.o)
 .ARM.attributes
                0x0000024c       0x31 C:\Users\david_000\Documents\LPCXpresso_7.5.0_254\controlbox\lpc_chip_11uxx_lib\Debug\liblpc_chip_11uxx_lib.a(gpio_11xx_1.o)
 .ARM.attributes
                0x0000027d       0x31 C:\Users\david_000\Documents\LPCXpresso_7.5.0_254\controlbox\lpc_chip_11uxx_lib\Debug\liblpc_chip_11uxx_lib.a(iocon_11xx.o)
 .ARM.attributes
                0x000002ae       0x31 C:\Users\david_000\Documents\LPCXpresso_7.5.0_254\controlbox\lpc_chip_11uxx_lib\Debug\liblpc_chip_11uxx_lib.a(sysctl_11xx.o)
 .ARM.attributes
                0x000002df       0x31 c:/nxp/lpcxpresso_7.5.0_254/lpcxpresso/tools/bin/../lib/gcc/arm-none-eabi/4.8.4/../../../../arm-none-eabi/lib/armv6-m\libcr_nohost.a(_cr__main.o)
 .ARM.attributes
                0x00000310       0x31 c:/nxp/lpcxpresso_7.5.0_254/lpcxpresso/tools/bin/../lib/gcc/arm-none-eabi/4.8.4/../../../../arm-none-eabi/lib/armv6-m\libcr_c.a(memset.o)
 .ARM.attributes
                0x00000341       0x31 c:/nxp/lpcxpresso_7.5.0_254/lpcxpresso/tools/bin/../lib/gcc/arm-none-eabi/4.8.4/../../../../arm-none-eabi/lib/armv6-m\libcr_c.a(initio.o)
 .ARM.attributes
                0x00000372       0x31 c:/nxp/lpcxpresso_7.5.0_254/lpcxpresso/tools/bin/../lib/gcc/arm-none-eabi/4.8.4/../../../../arm-none-eabi/lib/armv6-m\libcr_c.a(memcmp.o)
 .ARM.attributes
                0x000003a3       0x31 c:/nxp/lpcxpresso_7.5.0_254/lpcxpresso/tools/bin/../lib/gcc/arm-none-eabi/4.8.4/../../../../arm-none-eabi/lib/armv6-m\libcr_c.a(setvbuf.o)
 .ARM.attributes
                0x000003d4       0x31 c:/nxp/lpcxpresso_7.5.0_254/lpcxpresso/tools/bin/../lib/gcc/arm-none-eabi/4.8.4/../../../../arm-none-eabi/lib/armv6-m\libcr_c.a(stdio.o)
 .ARM.attributes
                0x00000405       0x31 c:/nxp/lpcxpresso_7.5.0_254/lpcxpresso/tools/bin/../lib/gcc/arm-none-eabi/4.8.4/../../../../arm-none-eabi/lib/armv6-m\libcr_c.a(strlen.o)
 .ARM.attributes
                0x00000436       0x31 c:/nxp/lpcxpresso_7.5.0_254/lpcxpresso/tools/bin/../lib/gcc/arm-none-eabi/4.8.4/../../../../arm-none-eabi/lib/armv6-m\libcr_c.a(strncpy.o)
 .ARM.attributes
                0x00000467       0x31 c:/nxp/lpcxpresso_7.5.0_254/lpcxpresso/tools/bin/../lib/gcc/arm-none-eabi/4.8.4/../../../../arm-none-eabi/lib/armv6-m\libcr_c.a(_deferredlazyseek.o)
 .ARM.attributes
                0x00000498       0x31 c:/nxp/lpcxpresso_7.5.0_254/lpcxpresso/tools/bin/../lib/gcc/arm-none-eabi/4.8.4/../../../../arm-none-eabi/lib/armv6-m\libcr_c.a(_fdopen.o)
 .ARM.attributes
                0x000004c9       0x31 c:/nxp/lpcxpresso_7.5.0_254/lpcxpresso/tools/bin/../lib/gcc/arm-none-eabi/4.8.4/../../../../arm-none-eabi/lib/armv6-m\libcr_c.a(_fflush.o)
 .ARM.attributes
                0x000004fa       0x31 c:/nxp/lpcxpresso_7.5.0_254/lpcxpresso/tools/bin/../lib/gcc/arm-none-eabi/4.8.4/../../../../arm-none-eabi/lib/armv6-m\libcr_c.a(_writebuf.o)
 .ARM.attributes
                0x0000052b       0x31 c:/nxp/lpcxpresso_7.5.0_254/lpcxpresso/tools/bin/../lib/gcc/arm-none-eabi/4.8.4/../../../../arm-none-eabi/lib/armv6-m\libcr_c.a(alloc.o)
 .ARM.attributes
                0x0000055c       0x31 c:/nxp/lpcxpresso_7.5.0_254/lpcxpresso/tools/bin/../lib/gcc/arm-none-eabi/4.8.4/../../../../arm-none-eabi/lib/armv6-m\libcr_c.a(errno.o)
 .ARM.attributes
                0x0000058d       0x31 c:/nxp/lpcxpresso_7.5.0_254/lpcxpresso/tools/bin/../lib/gcc/arm-none-eabi/4.8.4/../../../../arm-none-eabi/lib/armv6-m\libcr_c.a(fclose.o)
 .ARM.attributes
                0x000005be       0x31 c:/nxp/lpcxpresso_7.5.0_254/lpcxpresso/tools/bin/../lib/gcc/arm-none-eabi/4.8.4/../../../../arm-none-eabi/lib/armv6-m\libcr_c.a(fflush.o)
 .ARM.attributes
                0x000005ef       0x31 c:/nxp/lpcxpresso_7.5.0_254/lpcxpresso/tools/bin/../lib/gcc/arm-none-eabi/4.8.4/../../../../arm-none-eabi/lib/armv6-m\libcr_c.a(fseek.o)
 .ARM.attributes
                0x00000620       0x31 c:/nxp/lpcxpresso_7.5.0_254/lpcxpresso/tools/bin/../lib/gcc/arm-none-eabi/4.8.4/../../../../arm-none-eabi/lib/armv6-m\libcr_c.a(ftell.o)
 .ARM.attributes
                0x00000651       0x31 c:/nxp/lpcxpresso_7.5.0_254/lpcxpresso/tools/bin/../lib/gcc/arm-none-eabi/4.8.4/../../../../arm-none-eabi/lib/armv6-m\libcr_c.a(remove.o)
 .ARM.attributes
                0x00000682       0x31 c:/nxp/lpcxpresso_7.5.0_254/lpcxpresso/tools/bin/../lib/gcc/arm-none-eabi/4.8.4/../../../../arm-none-eabi/lib/armv6-m\libcr_c.a(__init_alloc.o)
 .ARM.attributes
                0x000006b3       0x31 c:/nxp/lpcxpresso_7.5.0_254/lpcxpresso/tools/bin/../lib/gcc/arm-none-eabi/4.8.4/../../../../arm-none-eabi/lib/armv6-m\libcr_c.a(_cr_sbrk.o)
 .ARM.attributes
                0x000006e4       0x31 c:/nxp/lpcxpresso_7.5.0_254/lpcxpresso/tools/bin/../lib/gcc/arm-none-eabi/4.8.4/../../../../arm-none-eabi/lib/armv6-m\libcr_c.a(_do_fflush.o)
 .ARM.attributes
                0x00000715       0x31 c:/nxp/lpcxpresso_7.5.0_254/lpcxpresso/tools/bin/../lib/gcc/arm-none-eabi/4.8.4/../../../../arm-none-eabi/lib/armv6-m\libcr_c.a(_cr_check_heap.o)
 .ARM.attributes
                0x00000746       0x21 c:/nxp/lpcxpresso_7.5.0_254/lpcxpresso/tools/bin/../lib/gcc/arm-none-eabi/4.8.4/armv6-m\libcr_eabihelpers.a(division_32.o)
 .ARM.attributes
                0x00000767       0x21 c:/nxp/lpcxpresso_7.5.0_254/lpcxpresso/tools/bin/../lib/gcc/arm-none-eabi/4.8.4/armv6-m\libcr_eabihelpers.a(division_idiv0.o)
 .ARM.attributes
                0x00000788       0x21 c:/nxp/lpcxpresso_7.5.0_254/lpcxpresso/tools/bin/../lib/gcc/arm-none-eabi/4.8.4/armv6-m\libcr_eabihelpers.a(memcpy.o)
 .ARM.attributes
                0x000007a9       0x31 c:/nxp/lpcxpresso_7.5.0_254/lpcxpresso/tools/bin/../lib/gcc/arm-none-eabi/4.8.4/../../../../arm-none-eabi/lib/armv6-m\libcr_nohost.a(__sys_appexit.o)
 .ARM.attributes
                0x000007da       0x31 c:/nxp/lpcxpresso_7.5.0_254/lpcxpresso/tools/bin/../lib/gcc/arm-none-eabi/4.8.4/../../../../arm-none-eabi/lib/armv6-m\libcr_nohost.a(__sys_close.o)
 .ARM.attributes
                0x0000080b       0x31 c:/nxp/lpcxpresso_7.5.0_254/lpcxpresso/tools/bin/../lib/gcc/arm-none-eabi/4.8.4/../../../../arm-none-eabi/lib/armv6-m\libcr_nohost.a(__sys_flen.o)
 .ARM.attributes
                0x0000083c       0x31 c:/nxp/lpcxpresso_7.5.0_254/lpcxpresso/tools/bin/../lib/gcc/arm-none-eabi/4.8.4/../../../../arm-none-eabi/lib/armv6-m\libcr_nohost.a(__sys_istty.o)
 .ARM.attributes
                0x0000086d       0x31 c:/nxp/lpcxpresso_7.5.0_254/lpcxpresso/tools/bin/../lib/gcc/arm-none-eabi/4.8.4/../../../../arm-none-eabi/lib/armv6-m\libcr_nohost.a(__sys_remove.o)
 .ARM.attributes
                0x0000089e       0x31 c:/nxp/lpcxpresso_7.5.0_254/lpcxpresso/tools/bin/../lib/gcc/arm-none-eabi/4.8.4/../../../../arm-none-eabi/lib/armv6-m\libcr_nohost.a(__sys_seek.o)
 .ARM.attributes
                0x000008cf       0x31 c:/nxp/lpcxpresso_7.5.0_254/lpcxpresso/tools/bin/../lib/gcc/arm-none-eabi/4.8.4/../../../../arm-none-eabi/lib/armv6-m\libcr_nohost.a(__sys_tmpnam.o)

.debug_frame    0x00000000     0x122c
 .debug_frame   0x00000000       0xa4 ./freertos/src/FreeRTOSCommonHooks.o
 .debug_frame   0x000000a4       0x88 ./freertos/src/heap_1.o
 .debug_frame   0x0000012c       0xb0 ./freertos/src/list.o
 .debug_frame   0x000001dc      0x12c ./freertos/src/port.o
 .debug_frame   0x00000308      0x4e4 ./freertos/src/tasks.o
 .debug_frame   0x000007ec       0xb0 ./example/src/cr_startup_lpc11xx.o
 .debug_frame   0x0000089c       0xac ./example/src/freertos_blinky.o
 .debug_frame   0x00000948       0x2c ./example/src/sysinit.o
 .debug_frame   0x00000974      0x2d8 C:\Users\david_000\Documents\LPCXpresso_7.5.0_254\controlbox\nxp_lpcxpresso_11u14_board_lib\Debug\libnxp_lpcxpresso_11u14_board_lib.a(board.o)
 .debug_frame   0x00000c4c      0x144 C:\Users\david_000\Documents\LPCXpresso_7.5.0_254\controlbox\nxp_lpcxpresso_11u14_board_lib\Debug\libnxp_lpcxpresso_11u14_board_lib.a(board_sysinit.o)
 .debug_frame   0x00000d90       0x2c C:\Users\david_000\Documents\LPCXpresso_7.5.0_254\controlbox\lpc_chip_11uxx_lib\Debug\liblpc_chip_11uxx_lib.a(chip_11xx.o)
 .debug_frame   0x00000dbc      0x220 C:\Users\david_000\Documents\LPCXpresso_7.5.0_254\controlbox\lpc_chip_11uxx_lib\Debug\liblpc_chip_11uxx_lib.a(clock_11xx.o)
 .debug_frame   0x00000fdc      0x190 C:\Users\david_000\Documents\LPCXpresso_7.5.0_254\controlbox\lpc_chip_11uxx_lib\Debug\liblpc_chip_11uxx_lib.a(gpio_11xx_1.o)
 .debug_frame   0x0000116c       0x30 C:\Users\david_000\Documents\LPCXpresso_7.5.0_254\controlbox\lpc_chip_11uxx_lib\Debug\liblpc_chip_11uxx_lib.a(iocon_11xx.o)
 .debug_frame   0x0000119c       0x90 C:\Users\david_000\Documents\LPCXpresso_7.5.0_254\controlbox\lpc_chip_11uxx_lib\Debug\liblpc_chip_11uxx_lib.a(sysctl_11xx.o)

.debug_loc      0x00000000      0x1bb
 .debug_loc     0x00000000      0x1bb ./example/src/cr_startup_lpc11xx.o
