Archive member included because of file (symbol)

C:\Users\david_000\Documents\LPCXpresso_7.5.0_254\controlbox\nxp_lpcxpresso_11u14_board_lib\Debug\libnxp_lpcxpresso_11u14_board_lib.a(board.o)
                              ./example/src/VirtualSerial.o (Board_Init)
C:\Users\david_000\Documents\LPCXpresso_7.5.0_254\controlbox\nxp_lpcxpresso_11u14_board_lib\Debug\libnxp_lpcxpresso_11u14_board_lib.a(board_sysinit.o)
                              ./example/src/sysinit.o (Board_SystemInit)
C:\Users\david_000\Documents\LPCXpresso_7.5.0_254\controlbox\lpc_chip_11uxx_lib\Debug\liblpc_chip_11uxx_lib.a(chip_11xx.o)
                              ./example/src/VirtualSerial.o (SystemCoreClockUpdate)
C:\Users\david_000\Documents\LPCXpresso_7.5.0_254\controlbox\lpc_chip_11uxx_lib\Debug\liblpc_chip_11uxx_lib.a(clock_11xx.o)
                              C:\Users\david_000\Documents\LPCXpresso_7.5.0_254\controlbox\nxp_lpcxpresso_11u14_board_lib\Debug\libnxp_lpcxpresso_11u14_board_lib.a(board_sysinit.o) (Chip_Clock_SetSystemPLLSource)
C:\Users\david_000\Documents\LPCXpresso_7.5.0_254\controlbox\lpc_chip_11uxx_lib\Debug\liblpc_chip_11uxx_lib.a(gpio_11xx_1.o)
                              C:\Users\david_000\Documents\LPCXpresso_7.5.0_254\controlbox\nxp_lpcxpresso_11u14_board_lib\Debug\libnxp_lpcxpresso_11u14_board_lib.a(board.o) (Chip_GPIO_Init)
C:\Users\david_000\Documents\LPCXpresso_7.5.0_254\controlbox\lpc_chip_11uxx_lib\Debug\liblpc_chip_11uxx_lib.a(iocon_11xx.o)
                              C:\Users\david_000\Documents\LPCXpresso_7.5.0_254\controlbox\nxp_lpcxpresso_11u14_board_lib\Debug\libnxp_lpcxpresso_11u14_board_lib.a(board.o) (Chip_IOCON_PinMuxSet)
C:\Users\david_000\Documents\LPCXpresso_7.5.0_254\controlbox\lpc_chip_11uxx_lib\Debug\liblpc_chip_11uxx_lib.a(sysctl_11xx.o)
                              C:\Users\david_000\Documents\LPCXpresso_7.5.0_254\controlbox\nxp_lpcxpresso_11u14_board_lib\Debug\libnxp_lpcxpresso_11u14_board_lib.a(board_sysinit.o) (Chip_SYSCTL_PowerDown)
C:\Users\david_000\Documents\LPCXpresso_7.5.0_254\controlbox\lpc_chip_11uxx_lib\Debug\liblpc_chip_11uxx_lib.a(uart_11xx.o)
                              C:\Users\david_000\Documents\LPCXpresso_7.5.0_254\controlbox\nxp_lpcxpresso_11u14_board_lib\Debug\libnxp_lpcxpresso_11u14_board_lib.a(board.o) (Chip_UART_Init)
C:\Users\david_000\Documents\LPCXpresso_7.5.0_254\controlbox\lpc_chip_11uxx_lib\Debug\liblpc_chip_11uxx_lib.a(ring_buffer.o)
                              C:\Users\david_000\Documents\LPCXpresso_7.5.0_254\controlbox\lpc_chip_11uxx_lib\Debug\liblpc_chip_11uxx_lib.a(uart_11xx.o) (RingBuffer_Insert)
C:\Users\david_000\Documents\LPCXpresso_7.5.0_254\controlbox\nxp_lpcxpresso_11u14_usblib_device\Debug\libnxp_lpcxpresso_11u14_usblib_device.a(USBController.o)
                              ./example/src/VirtualSerial.o (USB_Init)
C:\Users\david_000\Documents\LPCXpresso_7.5.0_254\controlbox\nxp_lpcxpresso_11u14_usblib_device\Debug\libnxp_lpcxpresso_11u14_usblib_device.a(USBTask.o)
                              C:\Users\david_000\Documents\LPCXpresso_7.5.0_254\controlbox\nxp_lpcxpresso_11u14_usblib_device\Debug\libnxp_lpcxpresso_11u14_usblib_device.a(USBController.o) (USB_IsInitialized)
C:\Users\david_000\Documents\LPCXpresso_7.5.0_254\controlbox\nxp_lpcxpresso_11u14_usblib_device\Debug\libnxp_lpcxpresso_11u14_usblib_device.a(CDCClassDevice.o)
                              ./example/src/VirtualSerial.o (CDC_Device_ProcessControlRequest)
C:\Users\david_000\Documents\LPCXpresso_7.5.0_254\controlbox\nxp_lpcxpresso_11u14_usblib_device\Debug\libnxp_lpcxpresso_11u14_usblib_device.a(HAL_LPC11Uxx.o)
                              C:\Users\david_000\Documents\LPCXpresso_7.5.0_254\controlbox\nxp_lpcxpresso_11u14_usblib_device\Debug\libnxp_lpcxpresso_11u14_usblib_device.a(USBController.o) (HAL_USBInit)
C:\Users\david_000\Documents\LPCXpresso_7.5.0_254\controlbox\nxp_lpcxpresso_11u14_usblib_device\Debug\libnxp_lpcxpresso_11u14_usblib_device.a(Endpoint_LPC11Uxx.o)
                              C:\Users\david_000\Documents\LPCXpresso_7.5.0_254\controlbox\nxp_lpcxpresso_11u14_usblib_device\Debug\libnxp_lpcxpresso_11u14_usblib_device.a(CDCClassDevice.o) (EndPointCmdStsList)
C:\Users\david_000\Documents\LPCXpresso_7.5.0_254\controlbox\nxp_lpcxpresso_11u14_usblib_device\Debug\libnxp_lpcxpresso_11u14_usblib_device.a(DeviceStandardReq.o)
                              C:\Users\david_000\Documents\LPCXpresso_7.5.0_254\controlbox\nxp_lpcxpresso_11u14_usblib_device\Debug\libnxp_lpcxpresso_11u14_usblib_device.a(USBController.o) (USB_Device_ConfigurationNumber)
C:\Users\david_000\Documents\LPCXpresso_7.5.0_254\controlbox\nxp_lpcxpresso_11u14_usblib_device\Debug\libnxp_lpcxpresso_11u14_usblib_device.a(Endpoint.o)
                              C:\Users\david_000\Documents\LPCXpresso_7.5.0_254\controlbox\nxp_lpcxpresso_11u14_usblib_device\Debug\libnxp_lpcxpresso_11u14_usblib_device.a(CDCClassDevice.o) (usb_data_buffer)
[...]
Memory Configuration

Name             Origin             Length             Attributes
MFlash32         0x00000000         0x00008000         xr
RamLoc4          0x10000000         0x00001000         xrw
RamUsb2          0x20004000         0x00000800         xrw
*default*        0x00000000         0xffffffff

Linker script and memory map

LOAD ./example/src/Lib/UsbRom.o
LOAD ./example/src/Descriptors.o
LOAD ./example/src/VirtualSerial.o
LOAD ./example/src/cr_startup_lpc11xx.o
LOAD ./example/src/sysinit.o
LOAD C:\Users\david_000\Documents\LPCXpresso_7.5.0_254\controlbox\nxp_lpcxpresso_11u14_board_lib\Debug\libnxp_lpcxpresso_11u14_board_lib.a
LOAD C:\Users\david_000\Documents\LPCXpresso_7.5.0_254\controlbox\lpc_chip_11uxx_lib\Debug\liblpc_chip_11uxx_lib.a
LOAD C:\Users\david_000\Documents\LPCXpresso_7.5.0_254\controlbox\nxp_lpcxpresso_11u14_usblib_device\Debug\libnxp_lpcxpresso_11u14_usblib_device.a
START GROUP
LOAD c:/nxp/lpcxpresso_7.5.0_254/lpcxpresso/tools/bin/../lib/gcc/arm-none-eabi/4.8.4/../../../../arm-none-eabi/lib/armv6-m\libcr_nohost.a
LOAD c:/nxp/lpcxpresso_7.5.0_254/lpcxpresso/tools/bin/../lib/gcc/arm-none-eabi/4.8.4/../../../../arm-none-eabi/lib/armv6-m\libcr_c.a
LOAD c:/nxp/lpcxpresso_7.5.0_254/lpcxpresso/tools/bin/../lib/gcc/arm-none-eabi/4.8.4/armv6-m\libcr_eabihelpers.a
END GROUP
                0x00008000                __top_MFlash32 = 0x8000
                0x10001000                __top_RamLoc4 = 0x10001000
                0x20004800                __top_RamUsb2 = 0x20004800

.text           0x00000000     0x3ec4
 FILL mask 0xff
                0x00000000                __vectors_start__ = ABSOLUTE (.)
 *(.isr_vector)
 .isr_vector    0x00000000       0xc0 ./example/src/cr_startup_lpc11xx.o
                0x00000000                g_pfnVectors
                0x000000c0                . = ALIGN (0x4)
                0x000000c0                __section_table_start = .
                0x000000c0                __data_section_table = .
                0x000000c0        0x4 LONG 0x3ec4 LOADADDR (.data)
                0x000000c4        0x4 LONG 0x10000000 ADDR (.data)
                0x000000c8        0x4 LONG 0xb0 SIZEOF (.data)
                0x000000cc        0x4 LONG 0x3ec4 LOADADDR (.data_RAM2)
                0x000000d0        0x4 LONG 0x20004000 ADDR (.data_RAM2)
                0x000000d4        0x4 LONG 0x0 SIZEOF (.data_RAM2)
                0x000000d8                __data_section_table_end = .
                0x000000d8                __bss_section_table = .
                0x000000d8        0x4 LONG 0x100000b0 ADDR (.bss)
                0x000000dc        0x4 LONG 0x1d0 SIZEOF (.bss)
                0x000000e0        0x4 LONG 0x20004000 ADDR (.bss_RAM2)
                0x000000e4        0x4 LONG 0x800 SIZEOF (.bss_RAM2)
                0x000000e8                __bss_section_table_end = .
                0x000000e8                __section_table_end = .
 *(.after_vectors*)
 .after_vectors
                0x000000e8      0x128 ./example/src/cr_startup_lpc11xx.o
                0x000000e8                data_init
                0x00000128                bss_init
                0x0000015c                ResetISR
                0x000001e0                NMI_Handler
                0x000001e8                HardFault_Handler
                0x000001f0                SVC_Handler
                0x000001f8                PendSV_Handler
                0x00000200                SysTick_Handler
                0x00000208                TIMER32_1_IRQHandler
                0x00000208                FLEX_INT1_IRQHandler
                0x00000208                IntDefaultHandler
                0x00000208                SSP0_IRQHandler
                0x00000208                UART_IRQHandler
                0x00000208                FLEX_INT7_IRQHandler
                0x00000208                TIMER32_0_IRQHandler
                0x00000208                FLEX_INT0_IRQHandler
                0x00000208                FLEX_INT2_IRQHandler
                0x00000208                TIMER16_1_IRQHandler
                0x00000208                USB_FIQHandler
                0x00000208                FLEX_INT5_IRQHandler
                0x00000208                ADC_IRQHandler
                0x00000208                SSP1_IRQHandler
                0x00000208                FLEX_INT3_IRQHandler
                0x00000208                BOD_IRQHandler
                0x00000208                I2C_IRQHandler
                0x00000208                WDT_IRQHandler
                0x00000208                USBWakeup_IRQHandler
                0x00000208                GINT0_IRQHandler
                0x00000208                FLEX_INT4_IRQHandler
                0x00000208                TIMER16_0_IRQHandler
                0x00000208                FLEX_INT6_IRQHandler
                0x00000208                FMC_IRQHandler
                0x00000208                GINT1_IRQHandler
 *(.text*)
 .text.CALLBACK_USB_GetDescriptor
                0x00000210       0xe4 ./example/src/Descriptors.o
                0x00000210                CALLBACK_USB_GetDescriptor
 .text.SetupHardware
                0x000002f4       0x20 ./example/src/VirtualSerial.o
 .text.EchoCharacter
                0x00000314       0x3c ./example/src/VirtualSerial.o
 .text.main     0x00000350       0x20 ./example/src/VirtualSerial.o
                0x00000350                main
 .text.EVENT_USB_Device_ConfigurationChanged
                0x00000370       0x30 ./example/src/VirtualSerial.o
                0x00000370                EVENT_USB_Device_ConfigurationChanged
 .text.EVENT_USB_Device_ControlRequest
                0x000003a0       0x14 ./example/src/VirtualSerial.o
                0x000003a0                EVENT_USB_Device_ControlRequest
 .text.EVENT_CDC_Device_LineEncodingChanged
                0x000003b4       0x10 ./example/src/VirtualSerial.o
                0x000003b4                EVENT_CDC_Device_LineEncodingChanged
 .text.SystemInit
                0x000003c4        0xc ./example/src/sysinit.o
                0x000003c4                SystemInit
 .text.Chip_GPIO_SetPinDIROutput
                0x000003d0       0x44 C:\Users\david_000\Documents\LPCXpresso_7.5.0_254\controlbox\nxp_lpcxpresso_11u14_board_lib\Debug\libnxp_lpcxpresso_11u14_board_lib.a(board.o)
 .text.__sys_write
                0x00000414       0x18 C:\Users\david_000\Documents\LPCXpresso_7.5.0_254\controlbox\nxp_lpcxpresso_11u14_board_lib\Debug\libnxp_lpcxpresso_11u14_board_lib.a(board.o)
                0x00000414                __sys_write
 .text.Board_LED_Init
                0x0000042c       0x18 C:\Users\david_000\Documents\LPCXpresso_7.5.0_254\controlbox\nxp_lpcxpresso_11u14_board_lib\Debug\libnxp_lpcxpresso_11u14_board_lib.a(board.o)
 .text.Board_Init
                0x00000444       0x18 C:\Users\david_000\Documents\LPCXpresso_7.5.0_254\controlbox\nxp_lpcxpresso_11u14_board_lib\Debug\libnxp_lpcxpresso_11u14_board_lib.a(board.o)
                0x00000444                Board_Init
 .text.Chip_FMC_SetFLASHAccess
                0x0000045c       0x2c C:\Users\david_000\Documents\LPCXpresso_7.5.0_254\controlbox\nxp_lpcxpresso_11u14_board_lib\Debug\libnxp_lpcxpresso_11u14_board_lib.a(board_sysinit.o)
 .text.Chip_Clock_SetupSystemPLL
                0x00000488       0x34 C:\Users\david_000\Documents\LPCXpresso_7.5.0_254\controlbox\nxp_lpcxpresso_11u14_board_lib\Debug\libnxp_lpcxpresso_11u14_board_lib.a(board_sysinit.o)
 .text.Chip_Clock_IsSystemPLLLocked
                0x000004bc       0x1c C:\Users\david_000\Documents\LPCXpresso_7.5.0_254\controlbox\nxp_lpcxpresso_11u14_board_lib\Debug\libnxp_lpcxpresso_11u14_board_lib.a(board_sysinit.o)
 .text.Chip_Clock_SetupUSBPLL
                0x000004d8       0x34 C:\Users\david_000\Documents\LPCXpresso_7.5.0_254\controlbox\nxp_lpcxpresso_11u14_board_lib\Debug\libnxp_lpcxpresso_11u14_board_lib.a(board_sysinit.o)
 .text.Chip_Clock_IsUSBPLLLocked
                0x0000050c       0x1c C:\Users\david_000\Documents\LPCXpresso_7.5.0_254\controlbox\nxp_lpcxpresso_11u14_board_lib\Debug\libnxp_lpcxpresso_11u14_board_lib.a(board_sysinit.o)
 .text.Chip_Clock_SetSysClockDiv
                0x00000528       0x18 C:\Users\david_000\Documents\LPCXpresso_7.5.0_254\controlbox\nxp_lpcxpresso_11u14_board_lib\Debug\libnxp_lpcxpresso_11u14_board_lib.a(board_sysinit.o)
 .text.Chip_Clock_EnablePeriphClock
                0x00000540       0x30 C:\Users\david_000\Documents\LPCXpresso_7.5.0_254\controlbox\nxp_lpcxpresso_11u14_board_lib\Debug\libnxp_lpcxpresso_11u14_board_lib.a(board_sysinit.o)
 .text.SystemSetupClocking
                0x00000570       0x8c C:\Users\david_000\Documents\LPCXpresso_7.5.0_254\controlbox\nxp_lpcxpresso_11u14_board_lib\Debug\libnxp_lpcxpresso_11u14_board_lib.a(board_sysinit.o)
 .text.SystemSetupMuxing
                0x000005fc       0x50 C:\Users\david_000\Documents\LPCXpresso_7.5.0_254\controlbox\nxp_lpcxpresso_11u14_board_lib\Debug\libnxp_lpcxpresso_11u14_board_lib.a(board_sysinit.o)
 .text.Board_SystemInit
                0x0000064c       0x10 C:\Users\david_000\Documents\LPCXpresso_7.5.0_254\controlbox\nxp_lpcxpresso_11u14_board_lib\Debug\libnxp_lpcxpresso_11u14_board_lib.a(board_sysinit.o)
                0x0000064c                Board_SystemInit
 .text.SystemCoreClockUpdate
                0x0000065c       0x18 C:\Users\david_000\Documents\LPCXpresso_7.5.0_254\controlbox\lpc_chip_11uxx_lib\Debug\liblpc_chip_11uxx_lib.a(chip_11xx.o)
                0x0000065c                SystemCoreClockUpdate
 .text.Chip_Clock_GetMainOscRate
                0x00000674       0x14 C:\Users\david_000\Documents\LPCXpresso_7.5.0_254\controlbox\lpc_chip_11uxx_lib\Debug\liblpc_chip_11uxx_lib.a(clock_11xx.o)
 .text.Chip_Clock_GetIntOscRate
                0x00000688       0x10 C:\Users\david_000\Documents\LPCXpresso_7.5.0_254\controlbox\lpc_chip_11uxx_lib\Debug\liblpc_chip_11uxx_lib.a(clock_11xx.o)
 .text.Chip_Clock_GetWDTLFORate
                0x00000698       0x48 C:\Users\david_000\Documents\LPCXpresso_7.5.0_254\controlbox\lpc_chip_11uxx_lib\Debug\liblpc_chip_11uxx_lib.a(clock_11xx.o)
 .text.Chip_Clock_GetPLLFreq
                0x000006e0       0x24 C:\Users\david_000\Documents\LPCXpresso_7.5.0_254\controlbox\lpc_chip_11uxx_lib\Debug\liblpc_chip_11uxx_lib.a(clock_11xx.o)
 .text.Chip_Clock_SetSystemPLLSource
                0x00000704       0x2c C:\Users\david_000\Documents\LPCXpresso_7.5.0_254\controlbox\lpc_chip_11uxx_lib\Debug\liblpc_chip_11uxx_lib.a(clock_11xx.o)
                0x00000704                Chip_Clock_SetSystemPLLSource
 .text.Chip_Clock_SetUSBPLLSource
                0x00000730       0x2c C:\Users\david_000\Documents\LPCXpresso_7.5.0_254\controlbox\lpc_chip_11uxx_lib\Debug\liblpc_chip_11uxx_lib.a(clock_11xx.o)
                0x00000730                Chip_Clock_SetUSBPLLSource
 .text.Chip_Clock_SetMainClockSource
                0x0000075c       0x2c C:\Users\david_000\Documents\LPCXpresso_7.5.0_254\controlbox\lpc_chip_11uxx_lib\Debug\liblpc_chip_11uxx_lib.a(clock_11xx.o)
                0x0000075c                Chip_Clock_SetMainClockSource
 .text.Chip_Clock_SetUSBClockSource
                0x00000788       0x3c C:\Users\david_000\Documents\LPCXpresso_7.5.0_254\controlbox\lpc_chip_11uxx_lib\Debug\liblpc_chip_11uxx_lib.a(clock_11xx.o)
                0x00000788                Chip_Clock_SetUSBClockSource
 .text.Chip_Clock_GetWDTOSCRate
                0x000007c4       0x1c C:\Users\david_000\Documents\LPCXpresso_7.5.0_254\controlbox\lpc_chip_11uxx_lib\Debug\liblpc_chip_11uxx_lib.a(clock_11xx.o)
                0x000007c4                Chip_Clock_GetWDTOSCRate
 .text.Chip_Clock_GetSystemPLLInClockRate
                0x000007e0       0x40 C:\Users\david_000\Documents\LPCXpresso_7.5.0_254\controlbox\lpc_chip_11uxx_lib\Debug\liblpc_chip_11uxx_lib.a(clock_11xx.o)
                0x000007e0                Chip_Clock_GetSystemPLLInClockRate
 .text.Chip_Clock_GetSystemPLLOutClockRate
                0x00000820       0x24 C:\Users\david_000\Documents\LPCXpresso_7.5.0_254\controlbox\lpc_chip_11uxx_lib\Debug\liblpc_chip_11uxx_lib.a(clock_11xx.o)
                0x00000820                Chip_Clock_GetSystemPLLOutClockRate
 .text.Chip_Clock_GetMainClockRate
                0x00000844       0x64 C:\Users\david_000\Documents\LPCXpresso_7.5.0_254\controlbox\lpc_chip_11uxx_lib\Debug\liblpc_chip_11uxx_lib.a(clock_11xx.o)
                0x00000844                Chip_Clock_GetMainClockRate
 .text.Chip_Clock_GetSystemClockRate
                0x000008a8       0x24 C:\Users\david_000\Documents\LPCXpresso_7.5.0_254\controlbox\lpc_chip_11uxx_lib\Debug\liblpc_chip_11uxx_lib.a(clock_11xx.o)
                0x000008a8                Chip_Clock_GetSystemClockRate
 .text.Chip_Clock_EnablePeriphClock
                0x000008cc       0x30 C:\Users\david_000\Documents\LPCXpresso_7.5.0_254\controlbox\lpc_chip_11uxx_lib\Debug\liblpc_chip_11uxx_lib.a(gpio_11xx_1.o)
 .text.Chip_GPIO_Init
                0x000008fc       0x14 C:\Users\david_000\Documents\LPCXpresso_7.5.0_254\controlbox\lpc_chip_11uxx_lib\Debug\liblpc_chip_11uxx_lib.a(gpio_11xx_1.o)
                0x000008fc                Chip_GPIO_Init
 .text.Chip_IOCON_PinMuxSet
                0x00000910       0x48 C:\Users\david_000\Documents\LPCXpresso_7.5.0_254\controlbox\lpc_chip_11uxx_lib\Debug\liblpc_chip_11uxx_lib.a(iocon_11xx.o)
                0x00000910                Chip_IOCON_PinMuxSet
 .text.Chip_SYSCTL_PowerDown
                0x00000958       0x40 C:\Users\david_000\Documents\LPCXpresso_7.5.0_254\controlbox\lpc_chip_11uxx_lib\Debug\liblpc_chip_11uxx_lib.a(sysctl_11xx.o)
                0x00000958                Chip_SYSCTL_PowerDown
 .text.Chip_SYSCTL_PowerUp
                0x00000998       0x44 C:\Users\david_000\Documents\LPCXpresso_7.5.0_254\controlbox\lpc_chip_11uxx_lib\Debug\liblpc_chip_11uxx_lib.a(sysctl_11xx.o)
                0x00000998                Chip_SYSCTL_PowerUp
 .text.USB_Init
                0x000009dc       0x4c C:\Users\david_000\Documents\LPCXpresso_7.5.0_254\controlbox\nxp_lpcxpresso_11u14_usblib_device\Debug\libnxp_lpcxpresso_11u14_usblib_device.a(USBController.o)
                0x000009dc                USB_Init
 .text.USB_ResetInterface
                0x00000a28       0x2c C:\Users\david_000\Documents\LPCXpresso_7.5.0_254\controlbox\nxp_lpcxpresso_11u14_usblib_device\Debug\libnxp_lpcxpresso_11u14_usblib_device.a(USBController.o)
                0x00000a28                USB_ResetInterface
 .text.USB_Init_Device
                0x00000a54       0x6c C:\Users\david_000\Documents\LPCXpresso_7.5.0_254\controlbox\nxp_lpcxpresso_11u14_usblib_device\Debug\libnxp_lpcxpresso_11u14_usblib_device.a(USBController.o)
 .text.USB_USBTask
                0x00000ac0       0x24 C:\Users\david_000\Documents\LPCXpresso_7.5.0_254\controlbox\nxp_lpcxpresso_11u14_usblib_device\Debug\libnxp_lpcxpresso_11u14_usblib_device.a(USBTask.o)
                0x00000ac0                USB_USBTask
 .text.USB_DeviceTask
                0x00000ae4       0xac C:\Users\david_000\Documents\LPCXpresso_7.5.0_254\controlbox\nxp_lpcxpresso_11u14_usblib_device\Debug\libnxp_lpcxpresso_11u14_usblib_device.a(USBTask.o)
 .text.CDC_Device_ProcessControlRequest
                0x00000b90      0xd64 C:\Users\david_000\Documents\LPCXpresso_7.5.0_254\controlbox\nxp_lpcxpresso_11u14_usblib_device\Debug\libnxp_lpcxpresso_11u14_usblib_device.a(CDCClassDevice.o)
                0x00000b90                CDC_Device_ProcessControlRequest
 .text.CDC_Device_ConfigureEndpoints
                0x000018f4      0x128 C:\Users\david_000\Documents\LPCXpresso_7.5.0_254\controlbox\nxp_lpcxpresso_11u14_usblib_device\Debug\libnxp_lpcxpresso_11u14_usblib_device.a(CDCClassDevice.o)
                0x000018f4                CDC_Device_ConfigureEndpoints
 .text.CDC_Device_SendData
                0x00001a1c      0x148 C:\Users\david_000\Documents\LPCXpresso_7.5.0_254\controlbox\nxp_lpcxpresso_11u14_usblib_device\Debug\libnxp_lpcxpresso_11u14_usblib_device.a(CDCClassDevice.o)
                0x00001a1c                CDC_Device_SendData
 .text.CDC_Device_BytesReceived
                0x00001b64      0x1a0 C:\Users\david_000\Documents\LPCXpresso_7.5.0_254\controlbox\nxp_lpcxpresso_11u14_usblib_device\Debug\libnxp_lpcxpresso_11u14_usblib_device.a(CDCClassDevice.o)
                0x00001b64                CDC_Device_BytesReceived
 .text.CDC_Device_ReceiveByte
                0x00001d04      0x274 C:\Users\david_000\Documents\LPCXpresso_7.5.0_254\controlbox\nxp_lpcxpresso_11u14_usblib_device\Debug\libnxp_lpcxpresso_11u14_usblib_device.a(CDCClassDevice.o)
                0x00001d04                CDC_Device_ReceiveByte
 .text.CDC_Device_Event_Stub
                0x00001f78       0x10 C:\Users\david_000\Documents\LPCXpresso_7.5.0_254\controlbox\nxp_lpcxpresso_11u14_usblib_device\Debug\libnxp_lpcxpresso_11u14_usblib_device.a(CDCClassDevice.o)
                0x00001f78                CDC_Device_Event_Stub
                0x00001f78                EVENT_CDC_Device_ControLineStateChanged
 .text.CDC_Device_Event_Stub2
                0x00001f88       0x14 C:\Users\david_000\Documents\LPCXpresso_7.5.0_254\controlbox\nxp_lpcxpresso_11u14_usblib_device\Debug\libnxp_lpcxpresso_11u14_usblib_device.a(CDCClassDevice.o)
                0x00001f88                CDC_Device_Event_Stub2
                0x00001f88                EVENT_CDC_Device_BreakSent
 .text.NVIC_EnableIRQ
                0x00001f9c       0x2c C:\Users\david_000\Documents\LPCXpresso_7.5.0_254\controlbox\nxp_lpcxpresso_11u14_usblib_device\Debug\libnxp_lpcxpresso_11u14_usblib_device.a(HAL_LPC11Uxx.o)
 .text.Chip_Clock_SetupUSBPLL
                0x00001fc8       0x34 C:\Users\david_000\Documents\LPCXpresso_7.5.0_254\controlbox\nxp_lpcxpresso_11u14_usblib_device\Debug\libnxp_lpcxpresso_11u14_usblib_device.a(HAL_LPC11Uxx.o)
 .text.Chip_Clock_IsUSBPLLLocked
                0x00001ffc       0x1c C:\Users\david_000\Documents\LPCXpresso_7.5.0_254\controlbox\nxp_lpcxpresso_11u14_usblib_device\Debug\libnxp_lpcxpresso_11u14_usblib_device.a(HAL_LPC11Uxx.o)
 .text.HAL_USBInit
                0x00002018       0x80 C:\Users\david_000\Documents\LPCXpresso_7.5.0_254\controlbox\nxp_lpcxpresso_11u14_usblib_device\Debug\libnxp_lpcxpresso_11u14_usblib_device.a(HAL_LPC11Uxx.o)
                0x00002018                HAL_USBInit
 .text.HAL_EnableUSBInterrupt
                0x00002098       0x18 C:\Users\david_000\Documents\LPCXpresso_7.5.0_254\controlbox\nxp_lpcxpresso_11u14_usblib_device\Debug\libnxp_lpcxpresso_11u14_usblib_device.a(HAL_LPC11Uxx.o)
                0x00002098                HAL_EnableUSBInterrupt
 .text.HAL_SetDeviceAddress
                0x000020b0       0x38 C:\Users\david_000\Documents\LPCXpresso_7.5.0_254\controlbox\nxp_lpcxpresso_11u14_usblib_device\Debug\libnxp_lpcxpresso_11u14_usblib_device.a(HAL_LPC11Uxx.o)
                0x000020b0                HAL_SetDeviceAddress
 .text.HAL_USBConnect
                0x000020e8       0x40 C:\Users\david_000\Documents\LPCXpresso_7.5.0_254\controlbox\nxp_lpcxpresso_11u14_usblib_device\Debug\libnxp_lpcxpresso_11u14_usblib_device.a(HAL_LPC11Uxx.o)
                0x000020e8                HAL_USBConnect
 .text.HAL_Reset
                0x00002128       0x80 C:\Users\david_000\Documents\LPCXpresso_7.5.0_254\controlbox\nxp_lpcxpresso_11u14_usblib_device\Debug\libnxp_lpcxpresso_11u14_usblib_device.a(Endpoint_LPC11Uxx.o)
                0x00002128                HAL_Reset
 .text.Endpoint_ConfigureEndpointControl
                0x000021a8       0x94 C:\Users\david_000\Documents\LPCXpresso_7.5.0_254\controlbox\nxp_lpcxpresso_11u14_usblib_device\Debug\libnxp_lpcxpresso_11u14_usblib_device.a(Endpoint_LPC11Uxx.o)
                0x000021a8                Endpoint_ConfigureEndpointControl
 .text.Endpoint_ConfigureEndpoint
                0x0000223c       0xe8 C:\Users\david_000\Documents\LPCXpresso_7.5.0_254\controlbox\nxp_lpcxpresso_11u14_usblib_device\Debug\libnxp_lpcxpresso_11u14_usblib_device.a(Endpoint_LPC11Uxx.o)
                0x0000223c                Endpoint_ConfigureEndpoint
 .text.DcdDataTransfer
                0x00002324       0xfc C:\Users\david_000\Documents\LPCXpresso_7.5.0_254\controlbox\nxp_lpcxpresso_11u14_usblib_device\Debug\libnxp_lpcxpresso_11u14_usblib_device.a(Endpoint_LPC11Uxx.o)
                0x00002324                DcdDataTransfer
 .text.Endpoint_GetSetupPackage
                0x00002420       0x44 C:\Users\david_000\Documents\LPCXpresso_7.5.0_254\controlbox\nxp_lpcxpresso_11u14_usblib_device\Debug\libnxp_lpcxpresso_11u14_usblib_device.a(Endpoint_LPC11Uxx.o)
                0x00002420                Endpoint_GetSetupPackage
 .text.USB_IRQHandler
                0x00002464      0x2b4 C:\Users\david_000\Documents\LPCXpresso_7.5.0_254\controlbox\nxp_lpcxpresso_11u14_usblib_device\Debug\libnxp_lpcxpresso_11u14_usblib_device.a(Endpoint_LPC11Uxx.o)
                0x00002464                USB_IRQHandler
 .text.USB_Device_ProcessControlRequest
                0x00002718      0x1c4 C:\Users\david_000\Documents\LPCXpresso_7.5.0_254\controlbox\nxp_lpcxpresso_11u14_usblib_device\Debug\libnxp_lpcxpresso_11u14_usblib_device.a(DeviceStandardReq.o)
                0x00002718                USB_Device_ProcessControlRequest
 .text.USB_Device_SetAddress
                0x000028dc      0x11c C:\Users\david_000\Documents\LPCXpresso_7.5.0_254\controlbox\nxp_lpcxpresso_11u14_usblib_device\Debug\libnxp_lpcxpresso_11u14_usblib_device.a(DeviceStandardReq.o)
 .text.USB_Device_SetConfiguration
                0x000029f8       0xa8 C:\Users\david_000\Documents\LPCXpresso_7.5.0_254\controlbox\nxp_lpcxpresso_11u14_usblib_device\Debug\libnxp_lpcxpresso_11u14_usblib_device.a(DeviceStandardReq.o)
 .text.USB_Device_GetConfiguration
                0x00002aa0      0x1ac C:\Users\david_000\Documents\LPCXpresso_7.5.0_254\controlbox\nxp_lpcxpresso_11u14_usblib_device\Debug\libnxp_lpcxpresso_11u14_usblib_device.a(DeviceStandardReq.o)
 .text.USB_Device_GetDescriptor
                0x00002c4c      0x110 C:\Users\david_000\Documents\LPCXpresso_7.5.0_254\controlbox\nxp_lpcxpresso_11u14_usblib_device\Debug\libnxp_lpcxpresso_11u14_usblib_device.a(DeviceStandardReq.o)
 .text.USB_Device_GetStatus
                0x00002d5c      0x344 C:\Users\david_000\Documents\LPCXpresso_7.5.0_254\controlbox\nxp_lpcxpresso_11u14_usblib_device\Debug\libnxp_lpcxpresso_11u14_usblib_device.a(DeviceStandardReq.o)
 .text.USB_Device_ClearSetFeature
                0x000030a0      0x1f0 C:\Users\david_000\Documents\LPCXpresso_7.5.0_254\controlbox\nxp_lpcxpresso_11u14_usblib_device\Debug\libnxp_lpcxpresso_11u14_usblib_device.a(DeviceStandardReq.o)
 .text.Endpoint_ClearStatusStage
                0x00003290      0x168 C:\Users\david_000\Documents\LPCXpresso_7.5.0_254\controlbox\nxp_lpcxpresso_11u14_usblib_device\Debug\libnxp_lpcxpresso_11u14_usblib_device.a(Endpoint.o)
                0x00003290                Endpoint_ClearStatusStage
 .text.Endpoint_Write_Stream_LE
                0x000033f8      0x194 C:\Users\david_000\Documents\LPCXpresso_7.5.0_254\controlbox\nxp_lpcxpresso_11u14_usblib_device\Debug\libnxp_lpcxpresso_11u14_usblib_device.a(EndpointStream.o)
                0x000033f8                Endpoint_Write_Stream_LE
 .text.Endpoint_Write_Control_Stream_LE
                0x0000358c      0x124 C:\Users\david_000\Documents\LPCXpresso_7.5.0_254\controlbox\nxp_lpcxpresso_11u14_usblib_device\Debug\libnxp_lpcxpresso_11u14_usblib_device.a(EndpointStream.o)
                0x0000358c                Endpoint_Write_Control_Stream_LE
 .text.__main   0x000036b0       0x12 c:/nxp/lpcxpresso_7.5.0_254/lpcxpresso/tools/bin/../lib/gcc/arm-none-eabi/4.8.4/../../../../arm-none-eabi/lib/armv6-m\libcr_nohost.a(_cr__main.o)
                0x000036b0                __main
 .text.memcpy   0x000036c2        0x8 c:/nxp/lpcxpresso_7.5.0_254/lpcxpresso/tools/bin/../lib/gcc/arm-none-eabi/4.8.4/../../../../arm-none-eabi/lib/armv6-m\libcr_c.a(memcpy.o)
                0x000036c2                memcpy
 .text.memset   0x000036ca        0x8 c:/nxp/lpcxpresso_7.5.0_254/lpcxpresso/tools/bin/../lib/gcc/arm-none-eabi/4.8.4/../../../../arm-none-eabi/lib/armv6-m\libcr_c.a(memset.o)
                0x000036ca                memset
 *fill*         0x000036d2        0x2 
 .text._initio  0x000036d4       0xa4 c:/nxp/lpcxpresso_7.5.0_254/lpcxpresso/tools/bin/../lib/gcc/arm-none-eabi/4.8.4/../../../../arm-none-eabi/lib/armv6-m\libcr_c.a(initio.o)
                0x000036d4                _initio
 .text.setvbuf  0x00003778       0x48 c:/nxp/lpcxpresso_7.5.0_254/lpcxpresso/tools/bin/../lib/gcc/arm-none-eabi/4.8.4/../../../../arm-none-eabi/lib/armv6-m\libcr_c.a(setvbuf.o)
                0x00003778                setvbuf
 .text.strlen   0x000037c0       0x54 c:/nxp/lpcxpresso_7.5.0_254/lpcxpresso/tools/bin/../lib/gcc/arm-none-eabi/4.8.4/../../../../arm-none-eabi/lib/armv6-m\libcr_c.a(strlen.o)
                0x000037c0                strlen
 .text._deferredlazyseek
                0x00003814       0x44 c:/nxp/lpcxpresso_7.5.0_254/lpcxpresso/tools/bin/../lib/gcc/arm-none-eabi/4.8.4/../../../../arm-none-eabi/lib/armv6-m\libcr_c.a(_deferredlazyseek.o)
                0x00003814                _deferredlazyseek
 .text._fdopen  0x00003858       0x68 c:/nxp/lpcxpresso_7.5.0_254/lpcxpresso/tools/bin/../lib/gcc/arm-none-eabi/4.8.4/../../../../arm-none-eabi/lib/armv6-m\libcr_c.a(_fdopen.o)
                0x00003858                _fdopen
 .text._fflush  0x000038c0       0x64 c:/nxp/lpcxpresso_7.5.0_254/lpcxpresso/tools/bin/../lib/gcc/arm-none-eabi/4.8.4/../../../../arm-none-eabi/lib/armv6-m\libcr_c.a(_fflush.o)
                0x000038c0                _fflush
 .text._Cwritebuf
                0x00003924       0x6c c:/nxp/lpcxpresso_7.5.0_254/lpcxpresso/tools/bin/../lib/gcc/arm-none-eabi/4.8.4/../../../../arm-none-eabi/lib/armv6-m\libcr_c.a(_writebuf.o)
                0x00003924                _Cwritebuf
 .text.malloc   0x00003990       0xc4 c:/nxp/lpcxpresso_7.5.0_254/lpcxpresso/tools/bin/../lib/gcc/arm-none-eabi/4.8.4/../../../../arm-none-eabi/lib/armv6-m\libcr_c.a(alloc.o)
                0x00003990                malloc
 .text.free     0x00003a54        0xe c:/nxp/lpcxpresso_7.5.0_254/lpcxpresso/tools/bin/../lib/gcc/arm-none-eabi/4.8.4/../../../../arm-none-eabi/lib/armv6-m\libcr_c.a(alloc.o)
                0x00003a54                free
 *fill*         0x00003a62        0x2 
 .text._Csys_alloc
                0x00003a64       0x20 c:/nxp/lpcxpresso_7.5.0_254/lpcxpresso/tools/bin/../lib/gcc/arm-none-eabi/4.8.4/../../../../arm-none-eabi/lib/armv6-m\libcr_c.a(alloc.o)
                0x00003a64                _Csys_alloc
 .text.fclose   0x00003a84       0x70 c:/nxp/lpcxpresso_7.5.0_254/lpcxpresso/tools/bin/../lib/gcc/arm-none-eabi/4.8.4/../../../../arm-none-eabi/lib/armv6-m\libcr_c.a(fclose.o)
                0x00003a84                fclose
 .text.fflush   0x00003af4       0x34 c:/nxp/lpcxpresso_7.5.0_254/lpcxpresso/tools/bin/../lib/gcc/arm-none-eabi/4.8.4/../../../../arm-none-eabi/lib/armv6-m\libcr_c.a(fflush.o)
                0x00003af4                fflush
 .text.fseek    0x00003b28       0xf8 c:/nxp/lpcxpresso_7.5.0_254/lpcxpresso/tools/bin/../lib/gcc/arm-none-eabi/4.8.4/../../../../arm-none-eabi/lib/armv6-m\libcr_c.a(fseek.o)
                0x00003b28                fseek
 .text.ftell    0x00003c20       0x4c c:/nxp/lpcxpresso_7.5.0_254/lpcxpresso/tools/bin/../lib/gcc/arm-none-eabi/4.8.4/../../../../arm-none-eabi/lib/armv6-m\libcr_c.a(ftell.o)
                0x00003c20                ftell
 .text.remove   0x00003c6c       0x12 c:/nxp/lpcxpresso_7.5.0_254/lpcxpresso/tools/bin/../lib/gcc/arm-none-eabi/4.8.4/../../../../arm-none-eabi/lib/armv6-m\libcr_c.a(remove.o)
                0x00003c6c                remove
 *fill*         0x00003c7e        0x2 
 .text._sbrk    0x00003c80       0x40 c:/nxp/lpcxpresso_7.5.0_254/lpcxpresso/tools/bin/../lib/gcc/arm-none-eabi/4.8.4/../../../../arm-none-eabi/lib/armv6-m\libcr_c.a(_cr_sbrk.o)
                0x00003c80                _sbrk
 .text._do_fflush
                0x00003cc0       0x48 c:/nxp/lpcxpresso_7.5.0_254/lpcxpresso/tools/bin/../lib/gcc/arm-none-eabi/4.8.4/../../../../arm-none-eabi/lib/armv6-m\libcr_c.a(_do_fflush.o)
                0x00003cc0                _do_fflush
 .text.__check_heap_overflow
                0x00003d08       0x18 c:/nxp/lpcxpresso_7.5.0_254/lpcxpresso/tools/bin/../lib/gcc/arm-none-eabi/4.8.4/../../../../arm-none-eabi/lib/armv6-m\libcr_c.a(_cr_check_heap.o)
                0x00003d08                __check_heap_overflow
 .text.__aeabi_division_idivmod
                0x00003d20       0x78 c:/nxp/lpcxpresso_7.5.0_254/lpcxpresso/tools/bin/../lib/gcc/arm-none-eabi/4.8.4/armv6-m\libcr_eabihelpers.a(division_32.o)
                0x00003d20                __aeabi_idivmod
                0x00003d20                __aeabi_idiv
                0x00003d26                __aeabi_uidivmod
                0x00003d26                __aeabi_uidiv
 .text.__aeabi_division_idiv0
                0x00003d98        0x2 c:/nxp/lpcxpresso_7.5.0_254/lpcxpresso/tools/bin/../lib/gcc/arm-none-eabi/4.8.4/armv6-m\libcr_eabihelpers.a(division_idiv0.o)
                0x00003d98                __aeabi_idiv0
 .text.__aeabi_memcpy
                0x00003d9a       0x2c c:/nxp/lpcxpresso_7.5.0_254/lpcxpresso/tools/bin/../lib/gcc/arm-none-eabi/4.8.4/armv6-m\libcr_eabihelpers.a(memcpy.o)
                0x00003d9a                __aeabi_memcpy4
                0x00003d9a                __aeabi_memcpy8
                0x00003d9a                __aeabi_memcpy
 .text.__aeabi_memset_lowlevel
                0x00003dc6       0x2a c:/nxp/lpcxpresso_7.5.0_254/lpcxpresso/tools/bin/../lib/gcc/arm-none-eabi/4.8.4/armv6-m\libcr_eabihelpers.a(memcpy.o)
                0x00003dc6                __aeabi_lowlevel_memset
 .text.__sys_appexit
                0x00003df0        0x2 c:/nxp/lpcxpresso_7.5.0_254/lpcxpresso/tools/bin/../lib/gcc/arm-none-eabi/4.8.4/../../../../arm-none-eabi/lib/armv6-m\libcr_nohost.a(__sys_appexit.o)
                0x00003df0                __sys_appexit
                0x00003df0                __exit
 .text.__sys_close
                0x00003df2        0x6 c:/nxp/lpcxpresso_7.5.0_254/lpcxpresso/tools/bin/../lib/gcc/arm-none-eabi/4.8.4/../../../../arm-none-eabi/lib/armv6-m\libcr_nohost.a(__sys_close.o)
                0x00003df2                __sys_close
 .text.__sys_flen
                0x00003df8        0x6 c:/nxp/lpcxpresso_7.5.0_254/lpcxpresso/tools/bin/../lib/gcc/arm-none-eabi/4.8.4/../../../../arm-none-eabi/lib/armv6-m\libcr_nohost.a(__sys_flen.o)
                0x00003df8                __sys_flen
 .text.__sys_istty
                0x00003dfe        0x6 c:/nxp/lpcxpresso_7.5.0_254/lpcxpresso/tools/bin/../lib/gcc/arm-none-eabi/4.8.4/../../../../arm-none-eabi/lib/armv6-m\libcr_nohost.a(__sys_istty.o)
                0x00003dfe                __sys_istty
 .text.__sys_remove
                0x00003e04        0x6 c:/nxp/lpcxpresso_7.5.0_254/lpcxpresso/tools/bin/../lib/gcc/arm-none-eabi/4.8.4/../../../../arm-none-eabi/lib/armv6-m\libcr_nohost.a(__sys_remove.o)
                0x00003e04                __sys_remove
 .text.__sys_seek
                0x00003e0a        0x6 c:/nxp/lpcxpresso_7.5.0_254/lpcxpresso/tools/bin/../lib/gcc/arm-none-eabi/4.8.4/../../../../arm-none-eabi/lib/armv6-m\libcr_nohost.a(__sys_seek.o)
                0x00003e0a                __sys_seek
 .text.__sys_tmpnam
                0x00003e10        0x6 c:/nxp/lpcxpresso_7.5.0_254/lpcxpresso/tools/bin/../lib/gcc/arm-none-eabi/4.8.4/../../../../arm-none-eabi/lib/armv6-m\libcr_nohost.a(__sys_tmpnam.o)
                0x00003e10                __sys_tmpnam
 *(.rodata .rodata.* .constdata .constdata.*)
 *fill*         0x00003e16        0x2 
 .rodata.OscRateIn
                0x00003e18        0x4 C:\Users\david_000\Documents\LPCXpresso_7.5.0_254\controlbox\nxp_lpcxpresso_11u14_board_lib\Debug\libnxp_lpcxpresso_11u14_board_lib.a(board.o)
                0x00003e18                OscRateIn
 .rodata.pinmuxing
                0x00003e1c       0x24 C:\Users\david_000\Documents\LPCXpresso_7.5.0_254\controlbox\nxp_lpcxpresso_11u14_board_lib\Debug\libnxp_lpcxpresso_11u14_board_lib.a(board_sysinit.o)
 .rodata.wdtOSCRate
                0x00003e40       0x40 C:\Users\david_000\Documents\LPCXpresso_7.5.0_254\controlbox\lpc_chip_11uxx_lib\Debug\liblpc_chip_11uxx_lib.a(clock_11xx.o)
 .rodata.USB_Device_ProcessControlRequest
                0x00003e80       0x28 C:\Users\david_000\Documents\LPCXpresso_7.5.0_254\controlbox\nxp_lpcxpresso_11u14_usblib_device\Debug\libnxp_lpcxpresso_11u14_usblib_device.a(DeviceStandardReq.o)
 .rodata.str1.1
                0x00003ea8        0x4 c:/nxp/lpcxpresso_7.5.0_254/lpcxpresso/tools/bin/../lib/gcc/arm-none-eabi/4.8.4/../../../../arm-none-eabi/lib/armv6-m\libcr_c.a(initio.o)
 .rodata.str1.1
                0x00003eac       0x18 c:/nxp/lpcxpresso_7.5.0_254/lpcxpresso/tools/bin/../lib/gcc/arm-none-eabi/4.8.4/../../../../arm-none-eabi/lib/armv6-m\libcr_c.a(alloc.o)
                0x00003ec4                . = ALIGN (0x4)

.glue_7         0x00003ec4        0x0
 .glue_7        0x00000000        0x0 linker stubs

.glue_7t        0x00003ec4        0x0
 .glue_7t       0x00000000        0x0 linker stubs

.vfp11_veneer   0x00003ec4        0x0
 .vfp11_veneer  0x00000000        0x0 linker stubs

.v4_bx          0x00003ec4        0x0
 .v4_bx         0x00000000        0x0 linker stubs

.iplt           0x00003ec4        0x0
 .iplt          0x00000000        0x0 ./example/src/Lib/UsbRom.o

.rel.dyn        0x00003ec4        0x0
 .rel.iplt      0x00000000        0x0 ./example/src/Lib/UsbRom.o

.ARM.extab
 *(.ARM.extab* .gnu.linkonce.armextab.*)
                0x00003ec4                __exidx_start = .

.ARM.exidx
 *(.ARM.exidx* .gnu.linkonce.armexidx.*)
                0x00003ec4                __exidx_end = .
                0x00003ec4                _etext = .

.data_RAM2      0x20004000        0x0 load address 0x00003ec4
 FILL mask 0xff
 *(.ramfunc.$RAM2)
 *(.ramfunc.$RamUsb2)
 *(.data.$RAM2*)
 *(.data.$RamUsb2*)
                0x20004000                . = ALIGN (0x4)

.uninit_RESERVED
                0x10000000        0x0
 *(.bss.$RESERVED*)
                0x10000000                . = ALIGN (0x4)
                0x10000000                _end_uninit_RESERVED = .

.data           0x10000000       0xb0 load address 0x00003ec4
 FILL mask 0xff
                0x10000000                _data = .
 *(vtable)
 *(.ramfunc*)
 *(.data*)
 .data.DeviceDescriptor
                0x10000000       0x14 ./example/src/Descriptors.o
                0x10000000                DeviceDescriptor
 .data.ConfigurationDescriptor
                0x10000014       0x40 ./example/src/Descriptors.o
                0x10000014                ConfigurationDescriptor
 .data.LanguageString
                0x10000054        0x4 ./example/src/Descriptors.o
                0x10000054                LanguageString
 .data.LanguageStringPtr
                0x10000058        0x4 ./example/src/Descriptors.o
                0x10000058                LanguageStringPtr
 .data.ManufacturerString
                0x1000005c        0x8 ./example/src/Descriptors.o
                0x1000005c                ManufacturerString
 .data.ManufacturerStringPtr
                0x10000064        0x4 ./example/src/Descriptors.o
                0x10000064                ManufacturerStringPtr
 .data.ProductString
                0x10000068       0x28 ./example/src/Descriptors.o
                0x10000068                ProductString
 .data.ProductStringPtr
                0x10000090        0x4 ./example/src/Descriptors.o
                0x10000090                ProductStringPtr
 .data.VirtualSerial_CDC_Interface
                0x10000094       0x1c ./example/src/VirtualSerial.o
                0x10000094                VirtualSerial_CDC_Interface
                0x100000b0                . = ALIGN (0x4)
                0x100000b0                _edata = .

.igot.plt       0x100000b0        0x0 load address 0x00003f74
 .igot.plt      0x00000000        0x0 ./example/src/Lib/UsbRom.o

.bss_RAM2       0x20004000      0x800
 *(.bss.$RAM2*)
 .bss.$RAM2     0x20004000        0x8 C:\Users\david_000\Documents\LPCXpresso_7.5.0_254\controlbox\nxp_lpcxpresso_11u14_usblib_device\Debug\libnxp_lpcxpresso_11u14_usblib_device.a(USBTask.o)
                0x20004000                USB_ControlRequest
 *fill*         0x20004008       0xf8 
 .bss.$RAM2     0x20004100      0x100 C:\Users\david_000\Documents\LPCXpresso_7.5.0_254\controlbox\nxp_lpcxpresso_11u14_usblib_device\Debug\libnxp_lpcxpresso_11u14_usblib_device.a(Endpoint_LPC11Uxx.o)
                0x20004100                EndPointCmdStsList
 .bss.$RAM2     0x20004200      0x600 C:\Users\david_000\Documents\LPCXpresso_7.5.0_254\controlbox\nxp_lpcxpresso_11u14_usblib_device\Debug\libnxp_lpcxpresso_11u14_usblib_device.a(Endpoint.o)
                0x20004200                usb_data_buffer
                0x20004400                usb_data_buffer_OUT
                0x20004600                usb_data_buffer_IN
 *(.bss.$RamUsb2*)
                0x20004800                . = ALIGN (0x4)

.bss            0x100000b0      0x1d0
                0x100000b0                _bss = .
 *(.bss*)
 .bss.errno     0x100000b0        0x4 c:/nxp/lpcxpresso_7.5.0_254/lpcxpresso/tools/bin/../lib/gcc/arm-none-eabi/4.8.4/../../../../arm-none-eabi/lib/armv6-m\libcr_c.a(errno.o)
                0x100000b0                errno
 *(COMMON)
 COMMON         0x100000b4        0x4 C:\Users\david_000\Documents\LPCXpresso_7.5.0_254\controlbox\lpc_chip_11uxx_lib\Debug\liblpc_chip_11uxx_lib.a(chip_11xx.o)
                0x100000b4                SystemCoreClock
 COMMON         0x100000b8        0x1 C:\Users\david_000\Documents\LPCXpresso_7.5.0_254\controlbox\nxp_lpcxpresso_11u14_usblib_device\Debug\libnxp_lpcxpresso_11u14_usblib_device.a(USBController.o)
                0x100000b8                USB_CurrentMode
 *fill*         0x100000b9        0x3 
 COMMON         0x100000bc        0x5 C:\Users\david_000\Documents\LPCXpresso_7.5.0_254\controlbox\nxp_lpcxpresso_11u14_usblib_device\Debug\libnxp_lpcxpresso_11u14_usblib_device.a(USBTask.o)
                0x100000bc                USB_IsInitialized
                0x100000c0                USB_DeviceState
 *fill*         0x100000c1        0x3 
 COMMON         0x100000c4       0x45 C:\Users\david_000\Documents\LPCXpresso_7.5.0_254\controlbox\nxp_lpcxpresso_11u14_usblib_device\Debug\libnxp_lpcxpresso_11u14_usblib_device.a(Endpoint_LPC11Uxx.o)
                0x100000c4                stream_total_packets
                0x100000c8                Remain_length
                0x100000dc                epout_primed
                0x100000e0                EndpointMaxPacketSize
                0x10000108                shortpacket
 COMMON         0x10000109        0x3 C:\Users\david_000\Documents\LPCXpresso_7.5.0_254\controlbox\nxp_lpcxpresso_11u14_usblib_device\Debug\libnxp_lpcxpresso_11u14_usblib_device.a(DeviceStandardReq.o)
                0x10000109                USB_Device_ConfigurationNumber
                0x1000010a                USB_Device_CurrentlySelfPowered
                0x1000010b                USB_Device_RemoteWakeupEnabled
 COMMON         0x1000010c       0x25 C:\Users\david_000\Documents\LPCXpresso_7.5.0_254\controlbox\nxp_lpcxpresso_11u14_usblib_device\Debug\libnxp_lpcxpresso_11u14_usblib_device.a(Endpoint.o)
                0x1000010c                usb_data_buffer_OUT_size
                0x10000110                endpointselected
                0x10000114                usb_data_buffer_index
                0x10000118                usb_data_buffer_IN_index
                0x1000011c                usb_data_buffer_size
                0x10000120                usb_data_buffer_OUT_index
                0x10000124                endpointhandle0
                0x1000012c                endpointhandle1
 *fill*         0x10000131        0x3 
 COMMON         0x10000134        0x4 c:/nxp/lpcxpresso_7.5.0_254/lpcxpresso/tools/bin/../lib/gcc/arm-none-eabi/4.8.4/../../../../arm-none-eabi/lib/armv6-m\libcr_c.a(initio.o)
                0x10000134                _extra
 COMMON         0x10000138      0x140 c:/nxp/lpcxpresso_7.5.0_254/lpcxpresso/tools/bin/../lib/gcc/arm-none-eabi/4.8.4/../../../../arm-none-eabi/lib/armv6-m\libcr_c.a(stdio.o)
                0x10000138                __Ciob
 COMMON         0x10000278        0x8 c:/nxp/lpcxpresso_7.5.0_254/lpcxpresso/tools/bin/../lib/gcc/arm-none-eabi/4.8.4/../../../../arm-none-eabi/lib/armv6-m\libcr_c.a(__init_alloc.o)
                0x10000278                __heaps
                0x1000027c                __end_of_heap
                0x10000280                . = ALIGN (0x4)
                0x10000280                _ebss = .
                0x10000280                PROVIDE (end, .)

.noinit_RAM2    0x20004800        0x0
 *(.noinit.$RAM2*)
 *(.noinit.$RamUsb2*)
                0x20004800                . = ALIGN (0x4)

.noinit         0x10000280        0x0
                0x10000280                _noinit = .
 *(.noinit*)
                0x10000280                . = ALIGN (0x4)
                0x10000280                _end_noinit = .
                0x10000280                PROVIDE (_pvHeapStart, DEFINED (__user_heap_base)?__user_heap_base:.)
                0x10001000                PROVIDE (_vStackTop, DEFINED (__user_stack_top)?__user_stack_top:(__top_RamLoc4 - 0x0))
OUTPUT(nxp_lpcxpresso_11u14_lpcusblib_VirtualSerialDevice.axf elf32-littlearm)

.debug_info     0x00000000     0x853f
 .debug_info    0x00000000      0x874 ./example/src/Descriptors.o
 .debug_info    0x00000874      0x4ad ./example/src/VirtualSerial.o
 .debug_info    0x00000d21      0x21b ./example/src/cr_startup_lpc11xx.o
 .debug_info    0x00000f3c       0xb8 ./example/src/sysinit.o
 .debug_info    0x00000ff4      0x79e C:\Users\david_000\Documents\LPCXpresso_7.5.0_254\controlbox\nxp_lpcxpresso_11u14_board_lib\Debug\libnxp_lpcxpresso_11u14_board_lib.a(board.o)
 .debug_info    0x00001792      0x95c C:\Users\david_000\Documents\LPCXpresso_7.5.0_254\controlbox\nxp_lpcxpresso_11u14_board_lib\Debug\libnxp_lpcxpresso_11u14_board_lib.a(board_sysinit.o)
 .debug_info    0x000020ee       0xc2 C:\Users\david_000\Documents\LPCXpresso_7.5.0_254\controlbox\lpc_chip_11uxx_lib\Debug\liblpc_chip_11uxx_lib.a(chip_11xx.o)
 .debug_info    0x000021b0      0x8ca C:\Users\david_000\Documents\LPCXpresso_7.5.0_254\controlbox\lpc_chip_11uxx_lib\Debug\liblpc_chip_11uxx_lib.a(clock_11xx.o)
 .debug_info    0x00002a7a      0x96f C:\Users\david_000\Documents\LPCXpresso_7.5.0_254\controlbox\lpc_chip_11uxx_lib\Debug\liblpc_chip_11uxx_lib.a(gpio_11xx_1.o)
 .debug_info    0x000033e9      0x155 C:\Users\david_000\Documents\LPCXpresso_7.5.0_254\controlbox\lpc_chip_11uxx_lib\Debug\liblpc_chip_11uxx_lib.a(iocon_11xx.o)
 .debug_info    0x0000353e      0x583 C:\Users\david_000\Documents\LPCXpresso_7.5.0_254\controlbox\lpc_chip_11uxx_lib\Debug\liblpc_chip_11uxx_lib.a(sysctl_11xx.o)
 .debug_info    0x00003ac1      0x3c5 C:\Users\david_000\Documents\LPCXpresso_7.5.0_254\controlbox\nxp_lpcxpresso_11u14_usblib_device\Debug\libnxp_lpcxpresso_11u14_usblib_device.a(USBController.o)
 .debug_info    0x00003e86      0x533 C:\Users\david_000\Documents\LPCXpresso_7.5.0_254\controlbox\nxp_lpcxpresso_11u14_usblib_device\Debug\libnxp_lpcxpresso_11u14_usblib_device.a(USBTask.o)
 .debug_info    0x000043b9     0x12c5 C:\Users\david_000\Documents\LPCXpresso_7.5.0_254\controlbox\nxp_lpcxpresso_11u14_usblib_device\Debug\libnxp_lpcxpresso_11u14_usblib_device.a(CDCClassDevice.o)
 .debug_info    0x0000567e      0xb2d C:\Users\david_000\Documents\LPCXpresso_7.5.0_254\controlbox\nxp_lpcxpresso_11u14_usblib_device\Debug\libnxp_lpcxpresso_11u14_usblib_device.a(HAL_LPC11Uxx.o)
 .debug_info    0x000061ab      0x9b4 C:\Users\david_000\Documents\LPCXpresso_7.5.0_254\controlbox\nxp_lpcxpresso_11u14_usblib_device\Debug\libnxp_lpcxpresso_11u14_usblib_device.a(Endpoint_LPC11Uxx.o)
 .debug_info    0x00006b5f      0xb7c C:\Users\david_000\Documents\LPCXpresso_7.5.0_254\controlbox\nxp_lpcxpresso_11u14_usblib_device\Debug\libnxp_lpcxpresso_11u14_usblib_device.a(DeviceStandardReq.o)
 .debug_info    0x000076db      0x548 C:\Users\david_000\Documents\LPCXpresso_7.5.0_254\controlbox\nxp_lpcxpresso_11u14_usblib_device\Debug\libnxp_lpcxpresso_11u14_usblib_device.a(Endpoint.o)
 .debug_info    0x00007c23      0x91c C:\Users\david_000\Documents\LPCXpresso_7.5.0_254\controlbox\nxp_lpcxpresso_11u14_usblib_device\Debug\libnxp_lpcxpresso_11u14_usblib_device.a(EndpointStream.o)

.debug_abbrev   0x00000000     0x1e86
 .debug_abbrev  0x00000000      0x15a ./example/src/Descriptors.o
 .debug_abbrev  0x0000015a      0x1cf ./example/src/VirtualSerial.o
 .debug_abbrev  0x00000329       0xf7 ./example/src/cr_startup_lpc11xx.o
 .debug_abbrev  0x00000420       0x6a ./example/src/sysinit.o
 .debug_abbrev  0x0000048a      0x238 C:\Users\david_000\Documents\LPCXpresso_7.5.0_254\controlbox\nxp_lpcxpresso_11u14_board_lib\Debug\libnxp_lpcxpresso_11u14_board_lib.a(board.o)
 .debug_abbrev  0x000006c2      0x1cb C:\Users\david_000\Documents\LPCXpresso_7.5.0_254\controlbox\nxp_lpcxpresso_11u14_board_lib\Debug\libnxp_lpcxpresso_11u14_board_lib.a(board_sysinit.o)
 .debug_abbrev  0x0000088d       0x7b C:\Users\david_000\Documents\LPCXpresso_7.5.0_254\controlbox\lpc_chip_11uxx_lib\Debug\liblpc_chip_11uxx_lib.a(chip_11xx.o)
 .debug_abbrev  0x00000908      0x1bc C:\Users\david_000\Documents\LPCXpresso_7.5.0_254\controlbox\lpc_chip_11uxx_lib\Debug\liblpc_chip_11uxx_lib.a(clock_11xx.o)
 .debug_abbrev  0x00000ac4      0x173 C:\Users\david_000\Documents\LPCXpresso_7.5.0_254\controlbox\lpc_chip_11uxx_lib\Debug\liblpc_chip_11uxx_lib.a(gpio_11xx_1.o)
 .debug_abbrev  0x00000c37       0xc8 C:\Users\david_000\Documents\LPCXpresso_7.5.0_254\controlbox\lpc_chip_11uxx_lib\Debug\liblpc_chip_11uxx_lib.a(iocon_11xx.o)
 .debug_abbrev  0x00000cff       0xce C:\Users\david_000\Documents\LPCXpresso_7.5.0_254\controlbox\lpc_chip_11uxx_lib\Debug\liblpc_chip_11uxx_lib.a(sysctl_11xx.o)
 .debug_abbrev  0x00000dcd      0x123 C:\Users\david_000\Documents\LPCXpresso_7.5.0_254\controlbox\nxp_lpcxpresso_11u14_usblib_device\Debug\libnxp_lpcxpresso_11u14_usblib_device.a(USBController.o)
 .debug_abbrev  0x00000ef0      0x1bc C:\Users\david_000\Documents\LPCXpresso_7.5.0_254\controlbox\nxp_lpcxpresso_11u14_usblib_device\Debug\libnxp_lpcxpresso_11u14_usblib_device.a(USBTask.o)
 .debug_abbrev  0x000010ac      0x2e6 C:\Users\david_000\Documents\LPCXpresso_7.5.0_254\controlbox\nxp_lpcxpresso_11u14_usblib_device\Debug\libnxp_lpcxpresso_11u14_usblib_device.a(CDCClassDevice.o)
 .debug_abbrev  0x00001392      0x1ec C:\Users\david_000\Documents\LPCXpresso_7.5.0_254\controlbox\nxp_lpcxpresso_11u14_usblib_device\Debug\libnxp_lpcxpresso_11u14_usblib_device.a(HAL_LPC11Uxx.o)
 .debug_abbrev  0x0000157e      0x26f C:\Users\david_000\Documents\LPCXpresso_7.5.0_254\controlbox\nxp_lpcxpresso_11u14_usblib_device\Debug\libnxp_lpcxpresso_11u14_usblib_device.a(Endpoint_LPC11Uxx.o)
 .debug_abbrev  0x000017ed      0x286 C:\Users\david_000\Documents\LPCXpresso_7.5.0_254\controlbox\nxp_lpcxpresso_11u14_usblib_device\Debug\libnxp_lpcxpresso_11u14_usblib_device.a(DeviceStandardReq.o)
 .debug_abbrev  0x00001a73      0x214 C:\Users\david_000\Documents\LPCXpresso_7.5.0_254\controlbox\nxp_lpcxpresso_11u14_usblib_device\Debug\libnxp_lpcxpresso_11u14_usblib_device.a(Endpoint.o)
 .debug_abbrev  0x00001c87      0x1ff C:\Users\david_000\Documents\LPCXpresso_7.5.0_254\controlbox\nxp_lpcxpresso_11u14_usblib_device\Debug\libnxp_lpcxpresso_11u14_usblib_device.a(EndpointStream.o)

.debug_aranges  0x00000000      0x640
 .debug_aranges
                0x00000000       0x20 ./example/src/Descriptors.o
 .debug_aranges
                0x00000020       0x58 ./example/src/VirtualSerial.o
 .debug_aranges
                0x00000078       0x60 ./example/src/cr_startup_lpc11xx.o
 .debug_aranges
                0x000000d8       0x20 ./example/src/sysinit.o
 .debug_aranges
                0x000000f8       0xd0 C:\Users\david_000\Documents\LPCXpresso_7.5.0_254\controlbox\nxp_lpcxpresso_11u14_board_lib\Debug\libnxp_lpcxpresso_11u14_board_lib.a(board.o)
 .debug_aranges
                0x000001c8       0x68 C:\Users\david_000\Documents\LPCXpresso_7.5.0_254\controlbox\nxp_lpcxpresso_11u14_board_lib\Debug\libnxp_lpcxpresso_11u14_board_lib.a(board_sysinit.o)
 .debug_aranges
                0x00000230       0x20 C:\Users\david_000\Documents\LPCXpresso_7.5.0_254\controlbox\lpc_chip_11uxx_lib\Debug\liblpc_chip_11uxx_lib.a(chip_11xx.o)
 .debug_aranges
                0x00000250       0xa0 C:\Users\david_000\Documents\LPCXpresso_7.5.0_254\controlbox\lpc_chip_11uxx_lib\Debug\liblpc_chip_11uxx_lib.a(clock_11xx.o)
 .debug_aranges
                0x000002f0       0x78 C:\Users\david_000\Documents\LPCXpresso_7.5.0_254\controlbox\lpc_chip_11uxx_lib\Debug\liblpc_chip_11uxx_lib.a(gpio_11xx_1.o)
 .debug_aranges
                0x00000368       0x20 C:\Users\david_000\Documents\LPCXpresso_7.5.0_254\controlbox\lpc_chip_11uxx_lib\Debug\liblpc_chip_11uxx_lib.a(iocon_11xx.o)
 .debug_aranges
                0x00000388       0x38 C:\Users\david_000\Documents\LPCXpresso_7.5.0_254\controlbox\lpc_chip_11uxx_lib\Debug\liblpc_chip_11uxx_lib.a(sysctl_11xx.o)
 .debug_aranges
                0x000003c0       0x38 C:\Users\david_000\Documents\LPCXpresso_7.5.0_254\controlbox\nxp_lpcxpresso_11u14_usblib_device\Debug\libnxp_lpcxpresso_11u14_usblib_device.a(USBController.o)
 .debug_aranges
                0x000003f8       0x28 C:\Users\david_000\Documents\LPCXpresso_7.5.0_254\controlbox\nxp_lpcxpresso_11u14_usblib_device\Debug\libnxp_lpcxpresso_11u14_usblib_device.a(USBTask.o)
 .debug_aranges
                0x00000420       0x78 C:\Users\david_000\Documents\LPCXpresso_7.5.0_254\controlbox\nxp_lpcxpresso_11u14_usblib_device\Debug\libnxp_lpcxpresso_11u14_usblib_device.a(CDCClassDevice.o)
 .debug_aranges
                0x00000498       0x68 C:\Users\david_000\Documents\LPCXpresso_7.5.0_254\controlbox\nxp_lpcxpresso_11u14_usblib_device\Debug\libnxp_lpcxpresso_11u14_usblib_device.a(HAL_LPC11Uxx.o)
 .debug_aranges
                0x00000500       0x50 C:\Users\david_000\Documents\LPCXpresso_7.5.0_254\controlbox\nxp_lpcxpresso_11u14_usblib_device\Debug\libnxp_lpcxpresso_11u14_usblib_device.a(Endpoint_LPC11Uxx.o)
 .debug_aranges
                0x00000550       0x50 C:\Users\david_000\Documents\LPCXpresso_7.5.0_254\controlbox\nxp_lpcxpresso_11u14_usblib_device\Debug\libnxp_lpcxpresso_11u14_usblib_device.a(DeviceStandardReq.o)
 .debug_aranges
                0x000005a0       0x38 C:\Users\david_000\Documents\LPCXpresso_7.5.0_254\controlbox\nxp_lpcxpresso_11u14_usblib_device\Debug\libnxp_lpcxpresso_11u14_usblib_device.a(Endpoint.o)
 .debug_aranges
                0x000005d8       0x68 C:\Users\david_000\Documents\LPCXpresso_7.5.0_254\controlbox\nxp_lpcxpresso_11u14_usblib_device\Debug\libnxp_lpcxpresso_11u14_usblib_device.a(EndpointStream.o)

.debug_ranges   0x00000000      0x540
 .debug_ranges  0x00000000       0x10 ./example/src/Descriptors.o
 .debug_ranges  0x00000010       0x48 ./example/src/VirtualSerial.o
 .debug_ranges  0x00000058       0x50 ./example/src/cr_startup_lpc11xx.o
 .debug_ranges  0x000000a8       0x10 ./example/src/sysinit.o
 .debug_ranges  0x000000b8       0xc0 C:\Users\david_000\Documents\LPCXpresso_7.5.0_254\controlbox\nxp_lpcxpresso_11u14_board_lib\Debug\libnxp_lpcxpresso_11u14_board_lib.a(board.o)
 .debug_ranges  0x00000178       0x58 C:\Users\david_000\Documents\LPCXpresso_7.5.0_254\controlbox\nxp_lpcxpresso_11u14_board_lib\Debug\libnxp_lpcxpresso_11u14_board_lib.a(board_sysinit.o)
 .debug_ranges  0x000001d0       0x10 C:\Users\david_000\Documents\LPCXpresso_7.5.0_254\controlbox\lpc_chip_11uxx_lib\Debug\liblpc_chip_11uxx_lib.a(chip_11xx.o)
 .debug_ranges  0x000001e0       0x90 C:\Users\david_000\Documents\LPCXpresso_7.5.0_254\controlbox\lpc_chip_11uxx_lib\Debug\liblpc_chip_11uxx_lib.a(clock_11xx.o)
 .debug_ranges  0x00000270       0x68 C:\Users\david_000\Documents\LPCXpresso_7.5.0_254\controlbox\lpc_chip_11uxx_lib\Debug\liblpc_chip_11uxx_lib.a(gpio_11xx_1.o)
 .debug_ranges  0x000002d8       0x10 C:\Users\david_000\Documents\LPCXpresso_7.5.0_254\controlbox\lpc_chip_11uxx_lib\Debug\liblpc_chip_11uxx_lib.a(iocon_11xx.o)
 .debug_ranges  0x000002e8       0x28 C:\Users\david_000\Documents\LPCXpresso_7.5.0_254\controlbox\lpc_chip_11uxx_lib\Debug\liblpc_chip_11uxx_lib.a(sysctl_11xx.o)
 .debug_ranges  0x00000310       0x28 C:\Users\david_000\Documents\LPCXpresso_7.5.0_254\controlbox\nxp_lpcxpresso_11u14_usblib_device\Debug\libnxp_lpcxpresso_11u14_usblib_device.a(USBController.o)
 .debug_ranges  0x00000338       0x18 C:\Users\david_000\Documents\LPCXpresso_7.5.0_254\controlbox\nxp_lpcxpresso_11u14_usblib_device\Debug\libnxp_lpcxpresso_11u14_usblib_device.a(USBTask.o)
 .debug_ranges  0x00000350       0x80 C:\Users\david_000\Documents\LPCXpresso_7.5.0_254\controlbox\nxp_lpcxpresso_11u14_usblib_device\Debug\libnxp_lpcxpresso_11u14_usblib_device.a(CDCClassDevice.o)
 .debug_ranges  0x000003d0       0x58 C:\Users\david_000\Documents\LPCXpresso_7.5.0_254\controlbox\nxp_lpcxpresso_11u14_usblib_device\Debug\libnxp_lpcxpresso_11u14_usblib_device.a(HAL_LPC11Uxx.o)
 .debug_ranges  0x00000428       0x40 C:\Users\david_000\Documents\LPCXpresso_7.5.0_254\controlbox\nxp_lpcxpresso_11u14_usblib_device\Debug\libnxp_lpcxpresso_11u14_usblib_device.a(Endpoint_LPC11Uxx.o)
 .debug_ranges  0x00000468       0x58 C:\Users\david_000\Documents\LPCXpresso_7.5.0_254\controlbox\nxp_lpcxpresso_11u14_usblib_device\Debug\libnxp_lpcxpresso_11u14_usblib_device.a(DeviceStandardReq.o)
 .debug_ranges  0x000004c0       0x28 C:\Users\david_000\Documents\LPCXpresso_7.5.0_254\controlbox\nxp_lpcxpresso_11u14_usblib_device\Debug\libnxp_lpcxpresso_11u14_usblib_device.a(Endpoint.o)
 .debug_ranges  0x000004e8       0x58 C:\Users\david_000\Documents\LPCXpresso_7.5.0_254\controlbox\nxp_lpcxpresso_11u14_usblib_device\Debug\libnxp_lpcxpresso_11u14_usblib_device.a(EndpointStream.o)

.debug_macro    0x00000000     0x4b9b
 .debug_macro   0x00000000      0x459 ./example/src/Descriptors.o
 .debug_macro   0x00000459       0x2b ./example/src/Descriptors.o
 .debug_macro   0x00000484       0x6c ./example/src/Descriptors.o
 .debug_macro   0x000004f0       0x22 ./example/src/Descriptors.o
 .debug_macro   0x00000512      0x46d ./example/src/VirtualSerial.o
 .debug_macro   0x0000097f       0x26 ./example/src/cr_startup_lpc11xx.o
 .debug_macro   0x000009a5      0x193 ./example/src/sysinit.o
 .debug_macro   0x00000b38      0x1e8 C:\Users\david_000\Documents\LPCXpresso_7.5.0_254\controlbox\nxp_lpcxpresso_11u14_board_lib\Debug\libnxp_lpcxpresso_11u14_board_lib.a(board.o)
 .debug_macro   0x00000d20      0x81a C:\Users\david_000\Documents\LPCXpresso_7.5.0_254\controlbox\nxp_lpcxpresso_11u14_board_lib\Debug\libnxp_lpcxpresso_11u14_board_lib.a(board.o)
 .debug_macro   0x0000153a       0x12 C:\Users\david_000\Documents\LPCXpresso_7.5.0_254\controlbox\nxp_lpcxpresso_11u14_board_lib\Debug\libnxp_lpcxpresso_11u14_board_lib.a(board.o)
 .debug_macro   0x0000154c      0x1a1 C:\Users\david_000\Documents\LPCXpresso_7.5.0_254\controlbox\nxp_lpcxpresso_11u14_board_lib\Debug\libnxp_lpcxpresso_11u14_board_lib.a(board_sysinit.o)
 .debug_macro   0x000016ed      0x15d C:\Users\david_000\Documents\LPCXpresso_7.5.0_254\controlbox\lpc_chip_11uxx_lib\Debug\liblpc_chip_11uxx_lib.a(chip_11xx.o)
 .debug_macro   0x0000184a      0x15d C:\Users\david_000\Documents\LPCXpresso_7.5.0_254\controlbox\lpc_chip_11uxx_lib\Debug\liblpc_chip_11uxx_lib.a(clock_11xx.o)
 .debug_macro   0x000019a7      0x15d C:\Users\david_000\Documents\LPCXpresso_7.5.0_254\controlbox\lpc_chip_11uxx_lib\Debug\liblpc_chip_11uxx_lib.a(gpio_11xx_1.o)
 .debug_macro   0x00001b04      0x15d C:\Users\david_000\Documents\LPCXpresso_7.5.0_254\controlbox\lpc_chip_11uxx_lib\Debug\liblpc_chip_11uxx_lib.a(iocon_11xx.o)
 .debug_macro   0x00001c61      0x187 C:\Users\david_000\Documents\LPCXpresso_7.5.0_254\controlbox\lpc_chip_11uxx_lib\Debug\liblpc_chip_11uxx_lib.a(sysctl_11xx.o)
 .debug_macro   0x00001de8      0x2fb C:\Users\david_000\Documents\LPCXpresso_7.5.0_254\controlbox\nxp_lpcxpresso_11u14_usblib_device\Debug\libnxp_lpcxpresso_11u14_usblib_device.a(USBController.o)
 .debug_macro   0x000020e3      0x838 C:\Users\david_000\Documents\LPCXpresso_7.5.0_254\controlbox\nxp_lpcxpresso_11u14_usblib_device\Debug\libnxp_lpcxpresso_11u14_usblib_device.a(USBController.o)
 .debug_macro   0x0000291b       0x10 C:\Users\david_000\Documents\LPCXpresso_7.5.0_254\controlbox\nxp_lpcxpresso_11u14_usblib_device\Debug\libnxp_lpcxpresso_11u14_usblib_device.a(USBController.o)
 .debug_macro   0x0000292b       0x28 C:\Users\david_000\Documents\LPCXpresso_7.5.0_254\controlbox\nxp_lpcxpresso_11u14_usblib_device\Debug\libnxp_lpcxpresso_11u14_usblib_device.a(USBController.o)
 .debug_macro   0x00002953       0x22 C:\Users\david_000\Documents\LPCXpresso_7.5.0_254\controlbox\nxp_lpcxpresso_11u14_usblib_device\Debug\libnxp_lpcxpresso_11u14_usblib_device.a(USBController.o)
 .debug_macro   0x00002975       0x2b C:\Users\david_000\Documents\LPCXpresso_7.5.0_254\controlbox\nxp_lpcxpresso_11u14_usblib_device\Debug\libnxp_lpcxpresso_11u14_usblib_device.a(USBController.o)
 .debug_macro   0x000029a0       0x34 C:\Users\david_000\Documents\LPCXpresso_7.5.0_254\controlbox\nxp_lpcxpresso_11u14_usblib_device\Debug\libnxp_lpcxpresso_11u14_usblib_device.a(USBController.o)
 .debug_macro   0x000029d4       0x10 C:\Users\david_000\Documents\LPCXpresso_7.5.0_254\controlbox\nxp_lpcxpresso_11u14_usblib_device\Debug\libnxp_lpcxpresso_11u14_usblib_device.a(USBController.o)
 .debug_macro   0x000029e4      0x2f5 C:\Users\david_000\Documents\LPCXpresso_7.5.0_254\controlbox\nxp_lpcxpresso_11u14_usblib_device\Debug\libnxp_lpcxpresso_11u14_usblib_device.a(USBTask.o)
 .debug_macro   0x00002cd9      0x464 C:\Users\david_000\Documents\LPCXpresso_7.5.0_254\controlbox\nxp_lpcxpresso_11u14_usblib_device\Debug\libnxp_lpcxpresso_11u14_usblib_device.a(CDCClassDevice.o)
 .debug_macro   0x0000313d      0x12a C:\Users\david_000\Documents\LPCXpresso_7.5.0_254\controlbox\nxp_lpcxpresso_11u14_usblib_device\Debug\libnxp_lpcxpresso_11u14_usblib_device.a(CDCClassDevice.o)
 .debug_macro   0x00003267      0x640 C:\Users\david_000\Documents\LPCXpresso_7.5.0_254\controlbox\nxp_lpcxpresso_11u14_usblib_device\Debug\libnxp_lpcxpresso_11u14_usblib_device.a(CDCClassDevice.o)
 .debug_macro   0x000038a7      0x129 C:\Users\david_000\Documents\LPCXpresso_7.5.0_254\controlbox\nxp_lpcxpresso_11u14_usblib_device\Debug\libnxp_lpcxpresso_11u14_usblib_device.a(CDCClassDevice.o)
 .debug_macro   0x000039d0       0x10 C:\Users\david_000\Documents\LPCXpresso_7.5.0_254\controlbox\nxp_lpcxpresso_11u14_usblib_device\Debug\libnxp_lpcxpresso_11u14_usblib_device.a(CDCClassDevice.o)
 .debug_macro   0x000039e0       0x1c C:\Users\david_000\Documents\LPCXpresso_7.5.0_254\controlbox\nxp_lpcxpresso_11u14_usblib_device\Debug\libnxp_lpcxpresso_11u14_usblib_device.a(CDCClassDevice.o)
 .debug_macro   0x000039fc       0x10 C:\Users\david_000\Documents\LPCXpresso_7.5.0_254\controlbox\nxp_lpcxpresso_11u14_usblib_device\Debug\libnxp_lpcxpresso_11u14_usblib_device.a(CDCClassDevice.o)
 .debug_macro   0x00003a0c       0x46 C:\Users\david_000\Documents\LPCXpresso_7.5.0_254\controlbox\nxp_lpcxpresso_11u14_usblib_device\Debug\libnxp_lpcxpresso_11u14_usblib_device.a(CDCClassDevice.o)
 .debug_macro   0x00003a52      0x1bd C:\Users\david_000\Documents\LPCXpresso_7.5.0_254\controlbox\nxp_lpcxpresso_11u14_usblib_device\Debug\libnxp_lpcxpresso_11u14_usblib_device.a(CDCClassDevice.o)
 .debug_macro   0x00003c0f      0x2ed C:\Users\david_000\Documents\LPCXpresso_7.5.0_254\controlbox\nxp_lpcxpresso_11u14_usblib_device\Debug\libnxp_lpcxpresso_11u14_usblib_device.a(HAL_LPC11Uxx.o)
 .debug_macro   0x00003efc       0x1e C:\Users\david_000\Documents\LPCXpresso_7.5.0_254\controlbox\nxp_lpcxpresso_11u14_usblib_device\Debug\libnxp_lpcxpresso_11u14_usblib_device.a(HAL_LPC11Uxx.o)
 .debug_macro   0x00003f1a      0x303 C:\Users\david_000\Documents\LPCXpresso_7.5.0_254\controlbox\nxp_lpcxpresso_11u14_usblib_device\Debug\libnxp_lpcxpresso_11u14_usblib_device.a(Endpoint_LPC11Uxx.o)
 .debug_macro   0x0000421d       0x10 C:\Users\david_000\Documents\LPCXpresso_7.5.0_254\controlbox\nxp_lpcxpresso_11u14_usblib_device\Debug\libnxp_lpcxpresso_11u14_usblib_device.a(Endpoint_LPC11Uxx.o)
 .debug_macro   0x0000422d      0x2fb C:\Users\david_000\Documents\LPCXpresso_7.5.0_254\controlbox\nxp_lpcxpresso_11u14_usblib_device\Debug\libnxp_lpcxpresso_11u14_usblib_device.a(DeviceStandardReq.o)
 .debug_macro   0x00004528       0x87 C:\Users\david_000\Documents\LPCXpresso_7.5.0_254\controlbox\nxp_lpcxpresso_11u14_usblib_device\Debug\libnxp_lpcxpresso_11u14_usblib_device.a(DeviceStandardReq.o)
 .debug_macro   0x000045af      0x2f9 C:\Users\david_000\Documents\LPCXpresso_7.5.0_254\controlbox\nxp_lpcxpresso_11u14_usblib_device\Debug\libnxp_lpcxpresso_11u14_usblib_device.a(Endpoint.o)
 .debug_macro   0x000048a8      0x2f3 C:\Users\david_000\Documents\LPCXpresso_7.5.0_254\controlbox\nxp_lpcxpresso_11u14_usblib_device\Debug\libnxp_lpcxpresso_11u14_usblib_device.a(EndpointStream.o)

.debug_line     0x00000000     0x89fe
 .debug_line    0x00000000      0xce1 ./example/src/Descriptors.o
 .debug_line    0x00000ce1      0xd6a ./example/src/VirtualSerial.o
 .debug_line    0x00001a4b      0x130 ./example/src/cr_startup_lpc11xx.o
 .debug_line    0x00001b7b      0x37b ./example/src/sysinit.o
 .debug_line    0x00001ef6      0x55e C:\Users\david_000\Documents\LPCXpresso_7.5.0_254\controlbox\nxp_lpcxpresso_11u14_board_lib\Debug\libnxp_lpcxpresso_11u14_board_lib.a(board.o)
 .debug_line    0x00002454      0x47d C:\Users\david_000\Documents\LPCXpresso_7.5.0_254\controlbox\nxp_lpcxpresso_11u14_board_lib\Debug\libnxp_lpcxpresso_11u14_board_lib.a(board_sysinit.o)
 .debug_line    0x000028d1      0x2f0 C:\Users\david_000\Documents\LPCXpresso_7.5.0_254\controlbox\lpc_chip_11uxx_lib\Debug\liblpc_chip_11uxx_lib.a(chip_11xx.o)
 .debug_line    0x00002bc1      0x45f C:\Users\david_000\Documents\LPCXpresso_7.5.0_254\controlbox\lpc_chip_11uxx_lib\Debug\liblpc_chip_11uxx_lib.a(clock_11xx.o)
 .debug_line    0x00003020      0x3db C:\Users\david_000\Documents\LPCXpresso_7.5.0_254\controlbox\lpc_chip_11uxx_lib\Debug\liblpc_chip_11uxx_lib.a(gpio_11xx_1.o)
 .debug_line    0x000033fb      0x2f3 C:\Users\david_000\Documents\LPCXpresso_7.5.0_254\controlbox\lpc_chip_11uxx_lib\Debug\liblpc_chip_11uxx_lib.a(iocon_11xx.o)
 .debug_line    0x000036ee      0x32d C:\Users\david_000\Documents\LPCXpresso_7.5.0_254\controlbox\lpc_chip_11uxx_lib\Debug\liblpc_chip_11uxx_lib.a(sysctl_11xx.o)
 .debug_line    0x00003a1b      0x7ba C:\Users\david_000\Documents\LPCXpresso_7.5.0_254\controlbox\nxp_lpcxpresso_11u14_usblib_device\Debug\libnxp_lpcxpresso_11u14_usblib_device.a(USBController.o)
 .debug_line    0x000041d5      0x7ac C:\Users\david_000\Documents\LPCXpresso_7.5.0_254\controlbox\nxp_lpcxpresso_11u14_usblib_device\Debug\libnxp_lpcxpresso_11u14_usblib_device.a(USBTask.o)
 .debug_line    0x00004981     0x1141 C:\Users\david_000\Documents\LPCXpresso_7.5.0_254\controlbox\nxp_lpcxpresso_11u14_usblib_device\Debug\libnxp_lpcxpresso_11u14_usblib_device.a(CDCClassDevice.o)
 .debug_line    0x00005ac2      0x932 C:\Users\david_000\Documents\LPCXpresso_7.5.0_254\controlbox\nxp_lpcxpresso_11u14_usblib_device\Debug\libnxp_lpcxpresso_11u14_usblib_device.a(HAL_LPC11Uxx.o)
 .debug_line    0x000063f4      0xb11 C:\Users\david_000\Documents\LPCXpresso_7.5.0_254\controlbox\nxp_lpcxpresso_11u14_usblib_device\Debug\libnxp_lpcxpresso_11u14_usblib_device.a(Endpoint_LPC11Uxx.o)
 .debug_line    0x00006f05      0x9a5 C:\Users\david_000\Documents\LPCXpresso_7.5.0_254\controlbox\nxp_lpcxpresso_11u14_usblib_device\Debug\libnxp_lpcxpresso_11u14_usblib_device.a(DeviceStandardReq.o)
 .debug_line    0x000078aa      0x807 C:\Users\david_000\Documents\LPCXpresso_7.5.0_254\controlbox\nxp_lpcxpresso_11u14_usblib_device\Debug\libnxp_lpcxpresso_11u14_usblib_device.a(Endpoint.o)
 .debug_line    0x000080b1      0x94d C:\Users\david_000\Documents\LPCXpresso_7.5.0_254\controlbox\nxp_lpcxpresso_11u14_usblib_device\Debug\libnxp_lpcxpresso_11u14_usblib_device.a(EndpointStream.o)

.debug_str      0x00000000    0x12cea
 .debug_str     0x00000000     0xfdf3 ./example/src/Descriptors.o
                               0xff59 (size before relaxing)
 .debug_str     0x0000fdf3      0x455 ./example/src/VirtualSerial.o
                               0xfa13 (size before relaxing)
 .debug_str     0x00010248      0x164 ./example/src/cr_startup_lpc11xx.o
                               0x2530 (size before relaxing)
 .debug_str     0x000103ac       0x19 ./example/src/sysinit.o
                               0x7fd6 (size before relaxing)
 .debug_str     0x000103c5      0x533 C:\Users\david_000\Documents\LPCXpresso_7.5.0_254\controlbox\nxp_lpcxpresso_11u14_board_lib\Debug\libnxp_lpcxpresso_11u14_board_lib.a(board.o)
                               0x8361 (size before relaxing)
 .debug_str     0x000108f8      0x7e9 C:\Users\david_000\Documents\LPCXpresso_7.5.0_254\controlbox\nxp_lpcxpresso_11u14_board_lib\Debug\libnxp_lpcxpresso_11u14_board_lib.a(board_sysinit.o)
                               0x8759 (size before relaxing)
 .debug_str     0x000110e1       0x8f C:\Users\david_000\Documents\LPCXpresso_7.5.0_254\controlbox\lpc_chip_11uxx_lib\Debug\liblpc_chip_11uxx_lib.a(chip_11xx.o)
                               0x7bd0 (size before relaxing)
 .debug_str     0x00011170      0x48e C:\Users\david_000\Documents\LPCXpresso_7.5.0_254\controlbox\lpc_chip_11uxx_lib\Debug\liblpc_chip_11uxx_lib.a(clock_11xx.o)
                               0x83db (size before relaxing)
 .debug_str     0x000115fe       0xff C:\Users\david_000\Documents\LPCXpresso_7.5.0_254\controlbox\lpc_chip_11uxx_lib\Debug\liblpc_chip_11uxx_lib.a(gpio_11xx_1.o)
                               0x8239 (size before relaxing)
 .debug_str     0x000116fd       0x30 C:\Users\david_000\Documents\LPCXpresso_7.5.0_254\controlbox\lpc_chip_11uxx_lib\Debug\liblpc_chip_11uxx_lib.a(iocon_11xx.o)
                               0x7bf3 (size before relaxing)
 .debug_str     0x0001172d      0x19f C:\Users\david_000\Documents\LPCXpresso_7.5.0_254\controlbox\lpc_chip_11uxx_lib\Debug\liblpc_chip_11uxx_lib.a(sysctl_11xx.o)
                               0x7fde (size before relaxing)
 .debug_str     0x000118cc      0x216 C:\Users\david_000\Documents\LPCXpresso_7.5.0_254\controlbox\nxp_lpcxpresso_11u14_usblib_device\Debug\libnxp_lpcxpresso_11u14_usblib_device.a(USBController.o)
                               0xa078 (size before relaxing)
 .debug_str     0x00011ae2      0x16c C:\Users\david_000\Documents\LPCXpresso_7.5.0_254\controlbox\nxp_lpcxpresso_11u14_usblib_device\Debug\libnxp_lpcxpresso_11u14_usblib_device.a(USBTask.o)
                               0xa0c9 (size before relaxing)
 .debug_str     0x00011c4e      0x559 C:\Users\david_000\Documents\LPCXpresso_7.5.0_254\controlbox\nxp_lpcxpresso_11u14_usblib_device\Debug\libnxp_lpcxpresso_11u14_usblib_device.a(CDCClassDevice.o)
                               0xfe4b (size before relaxing)
 .debug_str     0x000121a7      0x2f7 C:\Users\david_000\Documents\LPCXpresso_7.5.0_254\controlbox\nxp_lpcxpresso_11u14_usblib_device\Debug\libnxp_lpcxpresso_11u14_usblib_device.a(HAL_LPC11Uxx.o)
                               0xa5c6 (size before relaxing)
 .debug_str     0x0001249e      0x19a C:\Users\david_000\Documents\LPCXpresso_7.5.0_254\controlbox\nxp_lpcxpresso_11u14_usblib_device\Debug\libnxp_lpcxpresso_11u14_usblib_device.a(Endpoint_LPC11Uxx.o)
                               0xa212 (size before relaxing)
 .debug_str     0x00012638      0x3b0 C:\Users\david_000\Documents\LPCXpresso_7.5.0_254\controlbox\nxp_lpcxpresso_11u14_usblib_device\Debug\libnxp_lpcxpresso_11u14_usblib_device.a(DeviceStandardReq.o)
                               0xa4c0 (size before relaxing)
 .debug_str     0x000129e8       0xe7 C:\Users\david_000\Documents\LPCXpresso_7.5.0_254\controlbox\nxp_lpcxpresso_11u14_usblib_device\Debug\libnxp_lpcxpresso_11u14_usblib_device.a(Endpoint.o)
                               0xa0d0 (size before relaxing)
 .debug_str     0x00012acf      0x21b C:\Users\david_000\Documents\LPCXpresso_7.5.0_254\controlbox\nxp_lpcxpresso_11u14_usblib_device\Debug\libnxp_lpcxpresso_11u14_usblib_device.a(EndpointStream.o)
                               0xa249 (size before relaxing)

.comment        0x00000000       0xe0
 .comment       0x00000000       0x70 ./example/src/Descriptors.o
                                 0x71 (size before relaxing)
 .comment       0x00000000       0x71 ./example/src/VirtualSerial.o
 .comment       0x00000000       0x71 ./example/src/cr_startup_lpc11xx.o
 .comment       0x00000000       0x71 ./example/src/sysinit.o
 .comment       0x00000000       0x71 C:\Users\david_000\Documents\LPCXpresso_7.5.0_254\controlbox\nxp_lpcxpresso_11u14_board_lib\Debug\libnxp_lpcxpresso_11u14_board_lib.a(board.o)
 .comment       0x00000000       0x71 C:\Users\david_000\Documents\LPCXpresso_7.5.0_254\controlbox\nxp_lpcxpresso_11u14_board_lib\Debug\libnxp_lpcxpresso_11u14_board_lib.a(board_sysinit.o)
 .comment       0x00000000       0x71 C:\Users\david_000\Documents\LPCXpresso_7.5.0_254\controlbox\lpc_chip_11uxx_lib\Debug\liblpc_chip_11uxx_lib.a(chip_11xx.o)
 .comment       0x00000000       0x71 C:\Users\david_000\Documents\LPCXpresso_7.5.0_254\controlbox\lpc_chip_11uxx_lib\Debug\liblpc_chip_11uxx_lib.a(clock_11xx.o)
 .comment       0x00000000       0x71 C:\Users\david_000\Documents\LPCXpresso_7.5.0_254\controlbox\lpc_chip_11uxx_lib\Debug\liblpc_chip_11uxx_lib.a(gpio_11xx_1.o)
 .comment       0x00000000       0x71 C:\Users\david_000\Documents\LPCXpresso_7.5.0_254\controlbox\lpc_chip_11uxx_lib\Debug\liblpc_chip_11uxx_lib.a(iocon_11xx.o)
 .comment       0x00000000       0x71 C:\Users\david_000\Documents\LPCXpresso_7.5.0_254\controlbox\lpc_chip_11uxx_lib\Debug\liblpc_chip_11uxx_lib.a(sysctl_11xx.o)
 .comment       0x00000000       0x71 C:\Users\david_000\Documents\LPCXpresso_7.5.0_254\controlbox\nxp_lpcxpresso_11u14_usblib_device\Debug\libnxp_lpcxpresso_11u14_usblib_device.a(USBController.o)
 .comment       0x00000000       0x71 C:\Users\david_000\Documents\LPCXpresso_7.5.0_254\controlbox\nxp_lpcxpresso_11u14_usblib_device\Debug\libnxp_lpcxpresso_11u14_usblib_device.a(USBTask.o)
 .comment       0x00000000       0x71 C:\Users\david_000\Documents\LPCXpresso_7.5.0_254\controlbox\nxp_lpcxpresso_11u14_usblib_device\Debug\libnxp_lpcxpresso_11u14_usblib_device.a(CDCClassDevice.o)
 .comment       0x00000000       0x71 C:\Users\david_000\Documents\LPCXpresso_7.5.0_254\controlbox\nxp_lpcxpresso_11u14_usblib_device\Debug\libnxp_lpcxpresso_11u14_usblib_device.a(HAL_LPC11Uxx.o)
 .comment       0x00000000       0x71 C:\Users\david_000\Documents\LPCXpresso_7.5.0_254\controlbox\nxp_lpcxpresso_11u14_usblib_device\Debug\libnxp_lpcxpresso_11u14_usblib_device.a(Endpoint_LPC11Uxx.o)
 .comment       0x00000000       0x71 C:\Users\david_000\Documents\LPCXpresso_7.5.0_254\controlbox\nxp_lpcxpresso_11u14_usblib_device\Debug\libnxp_lpcxpresso_11u14_usblib_device.a(DeviceStandardReq.o)
 .comment       0x00000000       0x71 C:\Users\david_000\Documents\LPCXpresso_7.5.0_254\controlbox\nxp_lpcxpresso_11u14_usblib_device\Debug\libnxp_lpcxpresso_11u14_usblib_device.a(Endpoint.o)
 .comment       0x00000000       0x71 C:\Users\david_000\Documents\LPCXpresso_7.5.0_254\controlbox\nxp_lpcxpresso_11u14_usblib_device\Debug\libnxp_lpcxpresso_11u14_usblib_device.a(EndpointStream.o)
 .comment       0x00000070       0x70 c:/nxp/lpcxpresso_7.5.0_254/lpcxpresso/tools/bin/../lib/gcc/arm-none-eabi/4.8.4/../../../../arm-none-eabi/lib/armv6-m\libcr_nohost.a(_cr__main.o)
                                 0x71 (size before relaxing)
 .comment       0x00000000       0x71 c:/nxp/lpcxpresso_7.5.0_254/lpcxpresso/tools/bin/../lib/gcc/arm-none-eabi/4.8.4/../../../../arm-none-eabi/lib/armv6-m\libcr_c.a(memcpy.o)
 .comment       0x00000000       0x71 c:/nxp/lpcxpresso_7.5.0_254/lpcxpresso/tools/bin/../lib/gcc/arm-none-eabi/4.8.4/../../../../arm-none-eabi/lib/armv6-m\libcr_c.a(memset.o)
 .comment       0x00000000       0x71 c:/nxp/lpcxpresso_7.5.0_254/lpcxpresso/tools/bin/../lib/gcc/arm-none-eabi/4.8.4/../../../../arm-none-eabi/lib/armv6-m\libcr_c.a(initio.o)
 .comment       0x00000000       0x71 c:/nxp/lpcxpresso_7.5.0_254/lpcxpresso/tools/bin/../lib/gcc/arm-none-eabi/4.8.4/../../../../arm-none-eabi/lib/armv6-m\libcr_c.a(setvbuf.o)
 .comment       0x00000000       0x71 c:/nxp/lpcxpresso_7.5.0_254/lpcxpresso/tools/bin/../lib/gcc/arm-none-eabi/4.8.4/../../../../arm-none-eabi/lib/armv6-m\libcr_c.a(stdio.o)
 .comment       0x00000000       0x71 c:/nxp/lpcxpresso_7.5.0_254/lpcxpresso/tools/bin/../lib/gcc/arm-none-eabi/4.8.4/../../../../arm-none-eabi/lib/armv6-m\libcr_c.a(strlen.o)
 .comment       0x00000000       0x71 c:/nxp/lpcxpresso_7.5.0_254/lpcxpresso/tools/bin/../lib/gcc/arm-none-eabi/4.8.4/../../../../arm-none-eabi/lib/armv6-m\libcr_c.a(_deferredlazyseek.o)
 .comment       0x00000000       0x71 c:/nxp/lpcxpresso_7.5.0_254/lpcxpresso/tools/bin/../lib/gcc/arm-none-eabi/4.8.4/../../../../arm-none-eabi/lib/armv6-m\libcr_c.a(_fdopen.o)
 .comment       0x00000000       0x71 c:/nxp/lpcxpresso_7.5.0_254/lpcxpresso/tools/bin/../lib/gcc/arm-none-eabi/4.8.4/../../../../arm-none-eabi/lib/armv6-m\libcr_c.a(_fflush.o)
 .comment       0x00000000       0x71 c:/nxp/lpcxpresso_7.5.0_254/lpcxpresso/tools/bin/../lib/gcc/arm-none-eabi/4.8.4/../../../../arm-none-eabi/lib/armv6-m\libcr_c.a(_writebuf.o)
 .comment       0x00000000       0x71 c:/nxp/lpcxpresso_7.5.0_254/lpcxpresso/tools/bin/../lib/gcc/arm-none-eabi/4.8.4/../../../../arm-none-eabi/lib/armv6-m\libcr_c.a(alloc.o)
 .comment       0x00000000       0x71 c:/nxp/lpcxpresso_7.5.0_254/lpcxpresso/tools/bin/../lib/gcc/arm-none-eabi/4.8.4/../../../../arm-none-eabi/lib/armv6-m\libcr_c.a(fclose.o)
 .comment       0x00000000       0x71 c:/nxp/lpcxpresso_7.5.0_254/lpcxpresso/tools/bin/../lib/gcc/arm-none-eabi/4.8.4/../../../../arm-none-eabi/lib/armv6-m\libcr_c.a(fflush.o)
 .comment       0x00000000       0x71 c:/nxp/lpcxpresso_7.5.0_254/lpcxpresso/tools/bin/../lib/gcc/arm-none-eabi/4.8.4/../../../../arm-none-eabi/lib/armv6-m\libcr_c.a(fseek.o)
 .comment       0x00000000       0x71 c:/nxp/lpcxpresso_7.5.0_254/lpcxpresso/tools/bin/../lib/gcc/arm-none-eabi/4.8.4/../../../../arm-none-eabi/lib/armv6-m\libcr_c.a(ftell.o)
 .comment       0x00000000       0x71 c:/nxp/lpcxpresso_7.5.0_254/lpcxpresso/tools/bin/../lib/gcc/arm-none-eabi/4.8.4/../../../../arm-none-eabi/lib/armv6-m\libcr_c.a(remove.o)
 .comment       0x00000000       0x71 c:/nxp/lpcxpresso_7.5.0_254/lpcxpresso/tools/bin/../lib/gcc/arm-none-eabi/4.8.4/../../../../arm-none-eabi/lib/armv6-m\libcr_c.a(__init_alloc.o)
 .comment       0x00000000       0x71 c:/nxp/lpcxpresso_7.5.0_254/lpcxpresso/tools/bin/../lib/gcc/arm-none-eabi/4.8.4/../../../../arm-none-eabi/lib/armv6-m\libcr_c.a(_cr_sbrk.o)
 .comment       0x00000000       0x71 c:/nxp/lpcxpresso_7.5.0_254/lpcxpresso/tools/bin/../lib/gcc/arm-none-eabi/4.8.4/../../../../arm-none-eabi/lib/armv6-m\libcr_c.a(_do_fflush.o)
 .comment       0x00000000       0x71 c:/nxp/lpcxpresso_7.5.0_254/lpcxpresso/tools/bin/../lib/gcc/arm-none-eabi/4.8.4/../../../../arm-none-eabi/lib/armv6-m\libcr_c.a(errno.o)
 .comment       0x00000000       0x71 c:/nxp/lpcxpresso_7.5.0_254/lpcxpresso/tools/bin/../lib/gcc/arm-none-eabi/4.8.4/../../../../arm-none-eabi/lib/armv6-m\libcr_c.a(_cr_check_heap.o)
 .comment       0x00000000       0x71 c:/nxp/lpcxpresso_7.5.0_254/lpcxpresso/tools/bin/../lib/gcc/arm-none-eabi/4.8.4/../../../../arm-none-eabi/lib/armv6-m\libcr_nohost.a(__sys_appexit.o)
 .comment       0x00000000       0x71 c:/nxp/lpcxpresso_7.5.0_254/lpcxpresso/tools/bin/../lib/gcc/arm-none-eabi/4.8.4/../../../../arm-none-eabi/lib/armv6-m\libcr_nohost.a(__sys_close.o)
 .comment       0x00000000       0x71 c:/nxp/lpcxpresso_7.5.0_254/lpcxpresso/tools/bin/../lib/gcc/arm-none-eabi/4.8.4/../../../../arm-none-eabi/lib/armv6-m\libcr_nohost.a(__sys_flen.o)
 .comment       0x00000000       0x71 c:/nxp/lpcxpresso_7.5.0_254/lpcxpresso/tools/bin/../lib/gcc/arm-none-eabi/4.8.4/../../../../arm-none-eabi/lib/armv6-m\libcr_nohost.a(__sys_istty.o)
 .comment       0x00000000       0x71 c:/nxp/lpcxpresso_7.5.0_254/lpcxpresso/tools/bin/../lib/gcc/arm-none-eabi/4.8.4/../../../../arm-none-eabi/lib/armv6-m\libcr_nohost.a(__sys_remove.o)
 .comment       0x00000000       0x71 c:/nxp/lpcxpresso_7.5.0_254/lpcxpresso/tools/bin/../lib/gcc/arm-none-eabi/4.8.4/../../../../arm-none-eabi/lib/armv6-m\libcr_nohost.a(__sys_seek.o)
 .comment       0x00000000       0x71 c:/nxp/lpcxpresso_7.5.0_254/lpcxpresso/tools/bin/../lib/gcc/arm-none-eabi/4.8.4/../../../../arm-none-eabi/lib/armv6-m\libcr_nohost.a(__sys_tmpnam.o)

.ARM.attributes
                0x00000000       0x2f
 .ARM.attributes
                0x00000000       0x31 ./example/src/Descriptors.o
 .ARM.attributes
                0x00000031       0x31 ./example/src/VirtualSerial.o
 .ARM.attributes
                0x00000062       0x31 ./example/src/cr_startup_lpc11xx.o
 .ARM.attributes
                0x00000093       0x31 ./example/src/sysinit.o
 .ARM.attributes
                0x000000c4       0x31 C:\Users\david_000\Documents\LPCXpresso_7.5.0_254\controlbox\nxp_lpcxpresso_11u14_board_lib\Debug\libnxp_lpcxpresso_11u14_board_lib.a(board.o)
 .ARM.attributes
                0x000000f5       0x31 C:\Users\david_000\Documents\LPCXpresso_7.5.0_254\controlbox\nxp_lpcxpresso_11u14_board_lib\Debug\libnxp_lpcxpresso_11u14_board_lib.a(board_sysinit.o)
 .ARM.attributes
                0x00000126       0x31 C:\Users\david_000\Documents\LPCXpresso_7.5.0_254\controlbox\lpc_chip_11uxx_lib\Debug\liblpc_chip_11uxx_lib.a(chip_11xx.o)
 .ARM.attributes
                0x00000157       0x31 C:\Users\david_000\Documents\LPCXpresso_7.5.0_254\controlbox\lpc_chip_11uxx_lib\Debug\liblpc_chip_11uxx_lib.a(clock_11xx.o)
 .ARM.attributes
                0x00000188       0x31 C:\Users\david_000\Documents\LPCXpresso_7.5.0_254\controlbox\lpc_chip_11uxx_lib\Debug\liblpc_chip_11uxx_lib.a(gpio_11xx_1.o)
 .ARM.attributes
                0x000001b9       0x31 C:\Users\david_000\Documents\LPCXpresso_7.5.0_254\controlbox\lpc_chip_11uxx_lib\Debug\liblpc_chip_11uxx_lib.a(iocon_11xx.o)
 .ARM.attributes
                0x000001ea       0x31 C:\Users\david_000\Documents\LPCXpresso_7.5.0_254\controlbox\lpc_chip_11uxx_lib\Debug\liblpc_chip_11uxx_lib.a(sysctl_11xx.o)
 .ARM.attributes
                0x0000021b       0x31 C:\Users\david_000\Documents\LPCXpresso_7.5.0_254\controlbox\nxp_lpcxpresso_11u14_usblib_device\Debug\libnxp_lpcxpresso_11u14_usblib_device.a(USBController.o)
 .ARM.attributes
                0x0000024c       0x31 C:\Users\david_000\Documents\LPCXpresso_7.5.0_254\controlbox\nxp_lpcxpresso_11u14_usblib_device\Debug\libnxp_lpcxpresso_11u14_usblib_device.a(USBTask.o)
 .ARM.attributes
                0x0000027d       0x31 C:\Users\david_000\Documents\LPCXpresso_7.5.0_254\controlbox\nxp_lpcxpresso_11u14_usblib_device\Debug\libnxp_lpcxpresso_11u14_usblib_device.a(CDCClassDevice.o)
 .ARM.attributes
                0x000002ae       0x31 C:\Users\david_000\Documents\LPCXpresso_7.5.0_254\controlbox\nxp_lpcxpresso_11u14_usblib_device\Debug\libnxp_lpcxpresso_11u14_usblib_device.a(HAL_LPC11Uxx.o)
 .ARM.attributes
                0x000002df       0x31 C:\Users\david_000\Documents\LPCXpresso_7.5.0_254\controlbox\nxp_lpcxpresso_11u14_usblib_device\Debug\libnxp_lpcxpresso_11u14_usblib_device.a(Endpoint_LPC11Uxx.o)
 .ARM.attributes
                0x00000310       0x31 C:\Users\david_000\Documents\LPCXpresso_7.5.0_254\controlbox\nxp_lpcxpresso_11u14_usblib_device\Debug\libnxp_lpcxpresso_11u14_usblib_device.a(DeviceStandardReq.o)
 .ARM.attributes
                0x00000341       0x31 C:\Users\david_000\Documents\LPCXpresso_7.5.0_254\controlbox\nxp_lpcxpresso_11u14_usblib_device\Debug\libnxp_lpcxpresso_11u14_usblib_device.a(Endpoint.o)
 .ARM.attributes
                0x00000372       0x31 C:\Users\david_000\Documents\LPCXpresso_7.5.0_254\controlbox\nxp_lpcxpresso_11u14_usblib_device\Debug\libnxp_lpcxpresso_11u14_usblib_device.a(EndpointStream.o)
 .ARM.attributes
                0x000003a3       0x31 c:/nxp/lpcxpresso_7.5.0_254/lpcxpresso/tools/bin/../lib/gcc/arm-none-eabi/4.8.4/../../../../arm-none-eabi/lib/armv6-m\libcr_nohost.a(_cr__main.o)
 .ARM.attributes
                0x000003d4       0x31 c:/nxp/lpcxpresso_7.5.0_254/lpcxpresso/tools/bin/../lib/gcc/arm-none-eabi/4.8.4/../../../../arm-none-eabi/lib/armv6-m\libcr_c.a(memcpy.o)
 .ARM.attributes
                0x00000405       0x31 c:/nxp/lpcxpresso_7.5.0_254/lpcxpresso/tools/bin/../lib/gcc/arm-none-eabi/4.8.4/../../../../arm-none-eabi/lib/armv6-m\libcr_c.a(memset.o)
 .ARM.attributes
                0x00000436       0x31 c:/nxp/lpcxpresso_7.5.0_254/lpcxpresso/tools/bin/../lib/gcc/arm-none-eabi/4.8.4/../../../../arm-none-eabi/lib/armv6-m\libcr_c.a(initio.o)
 .ARM.attributes
                0x00000467       0x31 c:/nxp/lpcxpresso_7.5.0_254/lpcxpresso/tools/bin/../lib/gcc/arm-none-eabi/4.8.4/../../../../arm-none-eabi/lib/armv6-m\libcr_c.a(setvbuf.o)
 .ARM.attributes
                0x00000498       0x31 c:/nxp/lpcxpresso_7.5.0_254/lpcxpresso/tools/bin/../lib/gcc/arm-none-eabi/4.8.4/../../../../arm-none-eabi/lib/armv6-m\libcr_c.a(stdio.o)
 .ARM.attributes
                0x000004c9       0x31 c:/nxp/lpcxpresso_7.5.0_254/lpcxpresso/tools/bin/../lib/gcc/arm-none-eabi/4.8.4/../../../../arm-none-eabi/lib/armv6-m\libcr_c.a(strlen.o)
 .ARM.attributes
                0x000004fa       0x31 c:/nxp/lpcxpresso_7.5.0_254/lpcxpresso/tools/bin/../lib/gcc/arm-none-eabi/4.8.4/../../../../arm-none-eabi/lib/armv6-m\libcr_c.a(_deferredlazyseek.o)
 .ARM.attributes
                0x0000052b       0x31 c:/nxp/lpcxpresso_7.5.0_254/lpcxpresso/tools/bin/../lib/gcc/arm-none-eabi/4.8.4/../../../../arm-none-eabi/lib/armv6-m\libcr_c.a(_fdopen.o)
 .ARM.attributes
                0x0000055c       0x31 c:/nxp/lpcxpresso_7.5.0_254/lpcxpresso/tools/bin/../lib/gcc/arm-none-eabi/4.8.4/../../../../arm-none-eabi/lib/armv6-m\libcr_c.a(_fflush.o)
 .ARM.attributes
                0x0000058d       0x31 c:/nxp/lpcxpresso_7.5.0_254/lpcxpresso/tools/bin/../lib/gcc/arm-none-eabi/4.8.4/../../../../arm-none-eabi/lib/armv6-m\libcr_c.a(_writebuf.o)
 .ARM.attributes
                0x000005be       0x31 c:/nxp/lpcxpresso_7.5.0_254/lpcxpresso/tools/bin/../lib/gcc/arm-none-eabi/4.8.4/../../../../arm-none-eabi/lib/armv6-m\libcr_c.a(alloc.o)
 .ARM.attributes
                0x000005ef       0x31 c:/nxp/lpcxpresso_7.5.0_254/lpcxpresso/tools/bin/../lib/gcc/arm-none-eabi/4.8.4/../../../../arm-none-eabi/lib/armv6-m\libcr_c.a(fclose.o)
 .ARM.attributes
                0x00000620       0x31 c:/nxp/lpcxpresso_7.5.0_254/lpcxpresso/tools/bin/../lib/gcc/arm-none-eabi/4.8.4/../../../../arm-none-eabi/lib/armv6-m\libcr_c.a(fflush.o)
 .ARM.attributes
                0x00000651       0x31 c:/nxp/lpcxpresso_7.5.0_254/lpcxpresso/tools/bin/../lib/gcc/arm-none-eabi/4.8.4/../../../../arm-none-eabi/lib/armv6-m\libcr_c.a(fseek.o)
 .ARM.attributes
                0x00000682       0x31 c:/nxp/lpcxpresso_7.5.0_254/lpcxpresso/tools/bin/../lib/gcc/arm-none-eabi/4.8.4/../../../../arm-none-eabi/lib/armv6-m\libcr_c.a(ftell.o)
 .ARM.attributes
                0x000006b3       0x31 c:/nxp/lpcxpresso_7.5.0_254/lpcxpresso/tools/bin/../lib/gcc/arm-none-eabi/4.8.4/../../../../arm-none-eabi/lib/armv6-m\libcr_c.a(remove.o)
 .ARM.attributes
                0x000006e4       0x31 c:/nxp/lpcxpresso_7.5.0_254/lpcxpresso/tools/bin/../lib/gcc/arm-none-eabi/4.8.4/../../../../arm-none-eabi/lib/armv6-m\libcr_c.a(__init_alloc.o)
 .ARM.attributes
                0x00000715       0x31 c:/nxp/lpcxpresso_7.5.0_254/lpcxpresso/tools/bin/../lib/gcc/arm-none-eabi/4.8.4/../../../../arm-none-eabi/lib/armv6-m\libcr_c.a(_cr_sbrk.o)
 .ARM.attributes
                0x00000746       0x31 c:/nxp/lpcxpresso_7.5.0_254/lpcxpresso/tools/bin/../lib/gcc/arm-none-eabi/4.8.4/../../../../arm-none-eabi/lib/armv6-m\libcr_c.a(_do_fflush.o)
 .ARM.attributes
                0x00000777       0x31 c:/nxp/lpcxpresso_7.5.0_254/lpcxpresso/tools/bin/../lib/gcc/arm-none-eabi/4.8.4/../../../../arm-none-eabi/lib/armv6-m\libcr_c.a(errno.o)
 .ARM.attributes
                0x000007a8       0x31 c:/nxp/lpcxpresso_7.5.0_254/lpcxpresso/tools/bin/../lib/gcc/arm-none-eabi/4.8.4/../../../../arm-none-eabi/lib/armv6-m\libcr_c.a(_cr_check_heap.o)
 .ARM.attributes
                0x000007d9       0x21 c:/nxp/lpcxpresso_7.5.0_254/lpcxpresso/tools/bin/../lib/gcc/arm-none-eabi/4.8.4/armv6-m\libcr_eabihelpers.a(division_32.o)
 .ARM.attributes
                0x000007fa       0x21 c:/nxp/lpcxpresso_7.5.0_254/lpcxpresso/tools/bin/../lib/gcc/arm-none-eabi/4.8.4/armv6-m\libcr_eabihelpers.a(division_idiv0.o)
 .ARM.attributes
                0x0000081b       0x21 c:/nxp/lpcxpresso_7.5.0_254/lpcxpresso/tools/bin/../lib/gcc/arm-none-eabi/4.8.4/armv6-m\libcr_eabihelpers.a(memcpy.o)
 .ARM.attributes
                0x0000083c       0x31 c:/nxp/lpcxpresso_7.5.0_254/lpcxpresso/tools/bin/../lib/gcc/arm-none-eabi/4.8.4/../../../../arm-none-eabi/lib/armv6-m\libcr_nohost.a(__sys_appexit.o)
 .ARM.attributes
                0x0000086d       0x31 c:/nxp/lpcxpresso_7.5.0_254/lpcxpresso/tools/bin/../lib/gcc/arm-none-eabi/4.8.4/../../../../arm-none-eabi/lib/armv6-m\libcr_nohost.a(__sys_close.o)
 .ARM.attributes
                0x0000089e       0x31 c:/nxp/lpcxpresso_7.5.0_254/lpcxpresso/tools/bin/../lib/gcc/arm-none-eabi/4.8.4/../../../../arm-none-eabi/lib/armv6-m\libcr_nohost.a(__sys_flen.o)
 .ARM.attributes
                0x000008cf       0x31 c:/nxp/lpcxpresso_7.5.0_254/lpcxpresso/tools/bin/../lib/gcc/arm-none-eabi/4.8.4/../../../../arm-none-eabi/lib/armv6-m\libcr_nohost.a(__sys_istty.o)
 .ARM.attributes
                0x00000900       0x31 c:/nxp/lpcxpresso_7.5.0_254/lpcxpresso/tools/bin/../lib/gcc/arm-none-eabi/4.8.4/../../../../arm-none-eabi/lib/armv6-m\libcr_nohost.a(__sys_remove.o)
 .ARM.attributes
                0x00000931       0x31 c:/nxp/lpcxpresso_7.5.0_254/lpcxpresso/tools/bin/../lib/gcc/arm-none-eabi/4.8.4/../../../../arm-none-eabi/lib/armv6-m\libcr_nohost.a(__sys_seek.o)
 .ARM.attributes
                0x00000962       0x31 c:/nxp/lpcxpresso_7.5.0_254/lpcxpresso/tools/bin/../lib/gcc/arm-none-eabi/4.8.4/../../../../arm-none-eabi/lib/armv6-m\libcr_nohost.a(__sys_tmpnam.o)

.debug_frame    0x00000000     0x12a0
 .debug_frame   0x00000000       0x30 ./example/src/Descriptors.o
 .debug_frame   0x00000030       0xfc ./example/src/VirtualSerial.o
 .debug_frame   0x0000012c      0x118 ./example/src/cr_startup_lpc11xx.o
 .debug_frame   0x00000244       0x2c ./example/src/sysinit.o
 .debug_frame   0x00000270      0x2d8 C:\Users\david_000\Documents\LPCXpresso_7.5.0_254\controlbox\nxp_lpcxpresso_11u14_board_lib\Debug\libnxp_lpcxpresso_11u14_board_lib.a(board.o)
 .debug_frame   0x00000548      0x144 C:\Users\david_000\Documents\LPCXpresso_7.5.0_254\controlbox\nxp_lpcxpresso_11u14_board_lib\Debug\libnxp_lpcxpresso_11u14_board_lib.a(board_sysinit.o)
 .debug_frame   0x0000068c       0x2c C:\Users\david_000\Documents\LPCXpresso_7.5.0_254\controlbox\lpc_chip_11uxx_lib\Debug\liblpc_chip_11uxx_lib.a(chip_11xx.o)
 .debug_frame   0x000006b8      0x220 C:\Users\david_000\Documents\LPCXpresso_7.5.0_254\controlbox\lpc_chip_11uxx_lib\Debug\liblpc_chip_11uxx_lib.a(clock_11xx.o)
 .debug_frame   0x000008d8      0x190 C:\Users\david_000\Documents\LPCXpresso_7.5.0_254\controlbox\lpc_chip_11uxx_lib\Debug\liblpc_chip_11uxx_lib.a(gpio_11xx_1.o)
 .debug_frame   0x00000a68       0x30 C:\Users\david_000\Documents\LPCXpresso_7.5.0_254\controlbox\lpc_chip_11uxx_lib\Debug\liblpc_chip_11uxx_lib.a(iocon_11xx.o)
 .debug_frame   0x00000a98       0x90 C:\Users\david_000\Documents\LPCXpresso_7.5.0_254\controlbox\lpc_chip_11uxx_lib\Debug\liblpc_chip_11uxx_lib.a(sysctl_11xx.o)
 .debug_frame   0x00000b28       0x90 C:\Users\david_000\Documents\LPCXpresso_7.5.0_254\controlbox\nxp_lpcxpresso_11u14_usblib_device\Debug\libnxp_lpcxpresso_11u14_usblib_device.a(USBController.o)
 .debug_frame   0x00000bb8       0x50 C:\Users\david_000\Documents\LPCXpresso_7.5.0_254\controlbox\nxp_lpcxpresso_11u14_usblib_device\Debug\libnxp_lpcxpresso_11u14_usblib_device.a(USBTask.o)
 .debug_frame   0x00000c08      0x194 C:\Users\david_000\Documents\LPCXpresso_7.5.0_254\controlbox\nxp_lpcxpresso_11u14_usblib_device\Debug\libnxp_lpcxpresso_11u14_usblib_device.a(CDCClassDevice.o)
 .debug_frame   0x00000d9c      0x14c C:\Users\david_000\Documents\LPCXpresso_7.5.0_254\controlbox\nxp_lpcxpresso_11u14_usblib_device\Debug\libnxp_lpcxpresso_11u14_usblib_device.a(HAL_LPC11Uxx.o)
 .debug_frame   0x00000ee8       0xec C:\Users\david_000\Documents\LPCXpresso_7.5.0_254\controlbox\nxp_lpcxpresso_11u14_usblib_device\Debug\libnxp_lpcxpresso_11u14_usblib_device.a(Endpoint_LPC11Uxx.o)
 .debug_frame   0x00000fd4       0xf0 C:\Users\david_000\Documents\LPCXpresso_7.5.0_254\controlbox\nxp_lpcxpresso_11u14_usblib_device\Debug\libnxp_lpcxpresso_11u14_usblib_device.a(DeviceStandardReq.o)
 .debug_frame   0x000010c4       0x8c C:\Users\david_000\Documents\LPCXpresso_7.5.0_254\controlbox\nxp_lpcxpresso_11u14_usblib_device\Debug\libnxp_lpcxpresso_11u14_usblib_device.a(Endpoint.o)
 .debug_frame   0x00001150      0x150 C:\Users\david_000\Documents\LPCXpresso_7.5.0_254\controlbox\nxp_lpcxpresso_11u14_usblib_device\Debug\libnxp_lpcxpresso_11u14_usblib_device.a(EndpointStream.o)
