Archive member included because of file (symbol)

C:\Users\david_000\Documents\LPCXpresso_7.5.0_254\controlbox\nxp_lpcxpresso_11u14_board_lib\Debug\libnxp_lpcxpresso_11u14_board_lib.a(board.o)
                              ./example/src/composite_main.o (Board_Init)
C:\Users\david_000\Documents\LPCXpresso_7.5.0_254\controlbox\nxp_lpcxpresso_11u14_board_lib\Debug\libnxp_lpcxpresso_11u14_board_lib.a(board_sysinit.o)
                              ./example/src/sysinit.o (Board_SystemInit)
C:\Users\david_000\Documents\LPCXpresso_7.5.0_254\controlbox\lpc_chip_11uxx_lib\Debug\liblpc_chip_11uxx_lib.a(clock_11xx.o)
                              C:\Users\david_000\Documents\LPCXpresso_7.5.0_254\controlbox\nxp_lpcxpresso_11u14_board_lib\Debug\libnxp_lpcxpresso_11u14_board_lib.a(board_sysinit.o) (Chip_Clock_SetSystemPLLSource)
C:\Users\david_000\Documents\LPCXpresso_7.5.0_254\controlbox\lpc_chip_11uxx_lib\Debug\liblpc_chip_11uxx_lib.a(gpio_11xx_1.o)
                              C:\Users\david_000\Documents\LPCXpresso_7.5.0_254\controlbox\nxp_lpcxpresso_11u14_board_lib\Debug\libnxp_lpcxpresso_11u14_board_lib.a(board.o) (Chip_GPIO_Init)
C:\Users\david_000\Documents\LPCXpresso_7.5.0_254\controlbox\lpc_chip_11uxx_lib\Debug\liblpc_chip_11uxx_lib.a(iocon_11xx.o)
                              C:\Users\david_000\Documents\LPCXpresso_7.5.0_254\controlbox\nxp_lpcxpresso_11u14_board_lib\Debug\libnxp_lpcxpresso_11u14_board_lib.a(board.o) (Chip_IOCON_PinMuxSet)
C:\Users\david_000\Documents\LPCXpresso_7.5.0_254\controlbox\lpc_chip_11uxx_lib\Debug\liblpc_chip_11uxx_lib.a(sysctl_11xx.o)
                              C:\Users\david_000\Documents\LPCXpresso_7.5.0_254\controlbox\nxp_lpcxpresso_11u14_board_lib\Debug\libnxp_lpcxpresso_11u14_board_lib.a(board_sysinit.o) (Chip_SYSCTL_PowerDown)
C:\Users\david_000\Documents\LPCXpresso_7.5.0_254\controlbox\lpc_chip_11uxx_lib\Debug\liblpc_chip_11uxx_lib.a(uart_11xx.o)
                              C:\Users\david_000\Documents\LPCXpresso_7.5.0_254\controlbox\nxp_lpcxpresso_11u14_board_lib\Debug\libnxp_lpcxpresso_11u14_board_lib.a(board.o) (Chip_UART_Init)
C:\Users\david_000\Documents\LPCXpresso_7.5.0_254\controlbox\lpc_chip_11uxx_lib\Debug\liblpc_chip_11uxx_lib.a(ring_buffer.o)
                              C:\Users\david_000\Documents\LPCXpresso_7.5.0_254\controlbox\lpc_chip_11uxx_lib\Debug\liblpc_chip_11uxx_lib.a(uart_11xx.o) (RingBuffer_Insert)
C:\Users\david_000\Documents\LPCXpresso_7.5.0_254\controlbox\lpc_chip_11uxx_lib\libs\libusbd_11uxx_lib.a(mw_usbd_rom_api.o)
                              ./example/src/composite_main.o (cdc_api)
C:\Users\david_000\Documents\LPCXpresso_7.5.0_254\controlbox\lpc_chip_11uxx_lib\libs\libusbd_11uxx_lib.a(hw_usbd_ip3511.o)
                              C:\Users\david_000\Documents\LPCXpresso_7.5.0_254\controlbox\lpc_chip_11uxx_lib\libs\libusbd_11uxx_lib.a(mw_usbd_rom_api.o) (hwUSB_ForceFullSpeed)
C:\Users\david_000\Documents\LPCXpresso_7.5.0_254\controlbox\lpc_chip_11uxx_lib\libs\libusbd_11uxx_lib.a(mw_usbd_cdcuser.o)
                              C:\Users\david_000\Documents\LPCXpresso_7.5.0_254\controlbox\lpc_chip_11uxx_lib\libs\libusbd_11uxx_lib.a(mw_usbd_rom_api.o) (mwCDC_SendNotification)
C:\Users\david_000\Documents\LPCXpresso_7.5.0_254\controlbox\lpc_chip_11uxx_lib\libs\libusbd_11uxx_lib.a(mw_usbd_core.o)
                              C:\Users\david_000\Documents\LPCXpresso_7.5.0_254\controlbox\lpc_chip_11uxx_lib\libs\libusbd_11uxx_lib.a(hw_usbd_ip3511.o) (mwUSB_ResetCore)
C:\Users\david_000\Documents\LPCXpresso_7.5.0_254\controlbox\lpc_chip_11uxx_lib\libs\libusbd_11uxx_lib.a(mw_usbd_dfuuser.o)
                              C:\Users\david_000\Documents\LPCXpresso_7.5.0_254\controlbox\lpc_chip_11uxx_lib\libs\libusbd_11uxx_lib.a(mw_usbd_rom_api.o) (mwDFU_GetMemSize)
C:\Users\david_000\Documents\LPCXpresso_7.5.0_254\controlbox\lpc_chip_11uxx_lib\libs\libusbd_11uxx_lib.a(mw_usbd_hiduser.o)
                              C:\Users\david_000\Documents\LPCXpresso_7.5.0_254\controlbox\lpc_chip_11uxx_lib\libs\libusbd_11uxx_lib.a(mw_usbd_rom_api.o) (mwHID_GetMemSize)
C:\Users\david_000\Documents\LPCXpresso_7.5.0_254\controlbox\lpc_chip_11uxx_lib\libs\libusbd_11uxx_lib.a(mw_usbd_mscuser.o)
                              C:\Users\david_000\Documents\LPCXpresso_7.5.0_254\controlbox\lpc_chip_11uxx_lib\libs\libusbd_11uxx_lib.a(mw_usbd_rom_api.o) (mwMSC_GetMemSize)
c:/nxp/lpcxpresso_7.5.0_254/lpcxpresso/tools/bin/../lib/gcc/arm-none-eabi/4.8.4/../../../../arm-none-eabi/lib/armv6-m\libcr_nohost.a(_cr__main.o)
                              ./example/src/cr_startup_lpc11xx.o (__main)
c:/nxp/lpcxpresso_7.5.0_254/lpcxpresso/tools/bin/../lib/gcc/arm-none-eabi/4.8.4/../../../../arm-none-eabi/lib/armv6-m\libcr_c.a(memcpy.o)
                              ./example/src/cdc_vcom.o (memcpy)
c:/nxp/lpcxpresso_7.5.0_254/lpcxpresso/tools/bin/../lib/gcc/arm-none-eabi/4.8.4/../../../../arm-none-eabi/lib/armv6-m\libcr_c.a(memset.o)
[...]
Memory Configuration

Name             Origin             Length             Attributes
MFlash32         0x00000000         0x00008000         xr
RamLoc4          0x10000000         0x00001000         xrw
RamUsb2          0x20004000         0x00000800         xrw
*default*        0x00000000         0xffffffff

Linker script and memory map

LOAD ./example/src/cdc_vcom.o
LOAD ./example/src/composite_desc.o
LOAD ./example/src/composite_main.o
LOAD ./example/src/cr_startup_lpc11xx.o
LOAD ./example/src/hid_mouse.o
LOAD ./example/src/sysinit.o
LOAD C:\Users\david_000\Documents\LPCXpresso_7.5.0_254\controlbox\nxp_lpcxpresso_11u14_board_lib\Debug\libnxp_lpcxpresso_11u14_board_lib.a
LOAD C:\Users\david_000\Documents\LPCXpresso_7.5.0_254\controlbox\lpc_chip_11uxx_lib\Debug\liblpc_chip_11uxx_lib.a
LOAD C:\Users\david_000\Documents\LPCXpresso_7.5.0_254\controlbox\lpc_chip_11uxx_lib\libs\libusbd_11uxx_lib.a
START GROUP
LOAD c:/nxp/lpcxpresso_7.5.0_254/lpcxpresso/tools/bin/../lib/gcc/arm-none-eabi/4.8.4/../../../../arm-none-eabi/lib/armv6-m\libcr_nohost.a
LOAD c:/nxp/lpcxpresso_7.5.0_254/lpcxpresso/tools/bin/../lib/gcc/arm-none-eabi/4.8.4/../../../../arm-none-eabi/lib/armv6-m\libcr_c.a
LOAD c:/nxp/lpcxpresso_7.5.0_254/lpcxpresso/tools/bin/../lib/gcc/arm-none-eabi/4.8.4/armv6-m\libcr_eabihelpers.a
END GROUP
                0x00008000                __top_MFlash32 = 0x8000
                0x10001000                __top_RamLoc4 = 0x10001000
                0x20004800                __top_RamUsb2 = 0x20004800

.text           0x00000000     0x3b7c
 FILL mask 0xff
                0x00000000                __vectors_start__ = ABSOLUTE (.)
 *(.isr_vector)
 .isr_vector    0x00000000       0xc0 ./example/src/cr_startup_lpc11xx.o
                0x00000000                g_pfnVectors
                0x000000c0                . = ALIGN (0x4)
                0x000000c0                __section_table_start = .
                0x000000c0                __data_section_table = .
                0x000000c0        0x4 LONG 0x3b7c LOADADDR (.data)
                0x000000c4        0x4 LONG 0x10000000 ADDR (.data)
                0x000000c8        0x4 LONG 0x6c SIZEOF (.data)
                0x000000cc        0x4 LONG 0x3b7c LOADADDR (.data_RAM2)
                0x000000d0        0x4 LONG 0x20004000 ADDR (.data_RAM2)
                0x000000d4        0x4 LONG 0x0 SIZEOF (.data_RAM2)
                0x000000d8                __data_section_table_end = .
                0x000000d8                __bss_section_table = .
                0x000000d8        0x4 LONG 0x1000006c ADDR (.bss)
                0x000000dc        0x4 LONG 0x270 SIZEOF (.bss)
                0x000000e0        0x4 LONG 0x20004000 ADDR (.bss_RAM2)
                0x000000e4        0x4 LONG 0x0 SIZEOF (.bss_RAM2)
                0x000000e8                __bss_section_table_end = .
                0x000000e8                __section_table_end = .
 *(.after_vectors*)
 .after_vectors
                0x000000e8       0x70 ./example/src/cr_startup_lpc11xx.o
                0x000000e8                NMI_Handler
                0x000000ea                HardFault_Handler
                0x000000ec                SVC_Handler
                0x000000ee                PendSV_Handler
                0x000000f0                SysTick_Handler
                0x000000f2                UART_IRQHandler
                0x000000f2                TIMER32_0_IRQHandler
                0x000000f2                FLEX_INT7_IRQHandler
                0x000000f2                FMC_IRQHandler
                0x000000f2                TIMER32_1_IRQHandler
                0x000000f2                FLEX_INT1_IRQHandler
                0x000000f2                IntDefaultHandler
                0x000000f2                SSP0_IRQHandler
                0x000000f2                USBWakeup_IRQHandler
                0x000000f2                FLEX_INT6_IRQHandler
                0x000000f2                FLEX_INT0_IRQHandler
                0x000000f2                FLEX_INT2_IRQHandler
                0x000000f2                TIMER16_1_IRQHandler
                0x000000f2                USB_FIQHandler
                0x000000f2                FLEX_INT5_IRQHandler
                0x000000f2                ADC_IRQHandler
                0x000000f2                SSP1_IRQHandler
                0x000000f2                FLEX_INT3_IRQHandler
                0x000000f2                BOD_IRQHandler
                0x000000f2                I2C_IRQHandler
                0x000000f2                WDT_IRQHandler
                0x000000f2                TIMER16_0_IRQHandler
                0x000000f2                GINT0_IRQHandler
                0x000000f2                FLEX_INT4_IRQHandler
                0x000000f2                GINT1_IRQHandler
                0x000000f4                data_init
                0x00000106                bss_init
                0x00000116                ResetISR
 *(.text*)
 .text.NVIC_EnableIRQ
                0x00000158       0x2c ./example/src/cdc_vcom.o
 .text.NVIC_DisableIRQ
                0x00000184       0x30 ./example/src/cdc_vcom.o
 .text.VCOM_bulk_in_hdlr
                0x000001b4       0x30 ./example/src/cdc_vcom.o
 .text.VCOM_bulk_out_hdlr
                0x000001e4       0xec ./example/src/cdc_vcom.o
 .text.VCOM_SetLineCode
                0x000002d0       0x24 ./example/src/cdc_vcom.o
 .text.vcom_init
                0x000002f4      0x128 ./example/src/cdc_vcom.o
                0x000002f4                vcom_init
 .text.vcom_bread
                0x0000041c       0xa0 ./example/src/cdc_vcom.o
                0x0000041c                vcom_bread
 .text.vcom_write
                0x000004bc       0x78 ./example/src/cdc_vcom.o
                0x000004bc                vcom_write
 .text.NVIC_EnableIRQ
                0x00000534       0x2c ./example/src/composite_main.o
 .text.Chip_Clock_EnablePeriphClock
                0x00000560       0x30 ./example/src/composite_main.o
 .text.vcom_connected
                0x00000590       0x1c ./example/src/composite_main.o
 .text.usb_pin_clk_init
                0x000005ac       0x28 ./example/src/composite_main.o
 .text.USB_IRQHandler
                0x000005d4       0x20 ./example/src/composite_main.o
                0x000005d4                USB_IRQHandler
 .text.find_IntfDesc
                0x000005f4       0x58 ./example/src/composite_main.o
                0x000005f4                find_IntfDesc
 .text.main     0x0000064c      0x164 ./example/src/composite_main.o
                0x0000064c                main
 .text.USB_IsConfigured
                0x000007b0       0x20 ./example/src/hid_mouse.o
 .text.setXYMouseReport
                0x000007d0       0x2c ./example/src/hid_mouse.o
 .text.setLeftButtonMouseReport
                0x000007fc       0x3c ./example/src/hid_mouse.o
 .text.Mouse_UpdateReport
                0x00000838       0x88 ./example/src/hid_mouse.o
 .text.Mouse_GetReport
                0x000008c0       0x48 ./example/src/hid_mouse.o
 .text.Mouse_SetReport
                0x00000908       0x3c ./example/src/hid_mouse.o
 .text.Mouse_EpIN_Hdlr
                0x00000944       0x28 ./example/src/hid_mouse.o
 .text.Mouse_Init
                0x0000096c       0xf0 ./example/src/hid_mouse.o
                0x0000096c                Mouse_Init
 .text.Mouse_Tasks
                0x00000a5c       0x58 ./example/src/hid_mouse.o
                0x00000a5c                Mouse_Tasks
 .text.SystemInit
                0x00000ab4        0xc ./example/src/sysinit.o
                0x00000ab4                SystemInit
 .text.Chip_GPIO_GetPinState
                0x00000ac0       0x30 C:\Users\david_000\Documents\LPCXpresso_7.5.0_254\controlbox\nxp_lpcxpresso_11u14_board_lib\Debug\libnxp_lpcxpresso_11u14_board_lib.a(board.o)
 .text.Chip_GPIO_SetPinDIROutput
                0x00000af0       0x44 C:\Users\david_000\Documents\LPCXpresso_7.5.0_254\controlbox\nxp_lpcxpresso_11u14_board_lib\Debug\libnxp_lpcxpresso_11u14_board_lib.a(board.o)
 .text.Chip_GPIO_SetPinDIRInput
                0x00000b34       0x48 C:\Users\david_000\Documents\LPCXpresso_7.5.0_254\controlbox\nxp_lpcxpresso_11u14_board_lib\Debug\libnxp_lpcxpresso_11u14_board_lib.a(board.o)
 .text.__sys_write
                0x00000b7c       0x18 C:\Users\david_000\Documents\LPCXpresso_7.5.0_254\controlbox\nxp_lpcxpresso_11u14_board_lib\Debug\libnxp_lpcxpresso_11u14_board_lib.a(board.o)
                0x00000b7c                __sys_write
 .text.Board_LED_Init
                0x00000b94       0x18 C:\Users\david_000\Documents\LPCXpresso_7.5.0_254\controlbox\nxp_lpcxpresso_11u14_board_lib\Debug\libnxp_lpcxpresso_11u14_board_lib.a(board.o)
 .text.Board_Init
                0x00000bac       0x18 C:\Users\david_000\Documents\LPCXpresso_7.5.0_254\controlbox\nxp_lpcxpresso_11u14_board_lib\Debug\libnxp_lpcxpresso_11u14_board_lib.a(board.o)
                0x00000bac                Board_Init
 .text.Board_Joystick_Init
                0x00000bc4       0x98 C:\Users\david_000\Documents\LPCXpresso_7.5.0_254\controlbox\nxp_lpcxpresso_11u14_board_lib\Debug\libnxp_lpcxpresso_11u14_board_lib.a(board.o)
                0x00000bc4                Board_Joystick_Init
 .text.Joystick_GetStatus
                0x00000c5c       0xe0 C:\Users\david_000\Documents\LPCXpresso_7.5.0_254\controlbox\nxp_lpcxpresso_11u14_board_lib\Debug\libnxp_lpcxpresso_11u14_board_lib.a(board.o)
                0x00000c5c                Joystick_GetStatus
 .text.Chip_FMC_SetFLASHAccess
                0x00000d3c       0x2c C:\Users\david_000\Documents\LPCXpresso_7.5.0_254\controlbox\nxp_lpcxpresso_11u14_board_lib\Debug\libnxp_lpcxpresso_11u14_board_lib.a(board_sysinit.o)
 .text.Chip_Clock_SetupSystemPLL
                0x00000d68       0x34 C:\Users\david_000\Documents\LPCXpresso_7.5.0_254\controlbox\nxp_lpcxpresso_11u14_board_lib\Debug\libnxp_lpcxpresso_11u14_board_lib.a(board_sysinit.o)
 .text.Chip_Clock_IsSystemPLLLocked
                0x00000d9c       0x1c C:\Users\david_000\Documents\LPCXpresso_7.5.0_254\controlbox\nxp_lpcxpresso_11u14_board_lib\Debug\libnxp_lpcxpresso_11u14_board_lib.a(board_sysinit.o)
 .text.Chip_Clock_SetupUSBPLL
                0x00000db8       0x34 C:\Users\david_000\Documents\LPCXpresso_7.5.0_254\controlbox\nxp_lpcxpresso_11u14_board_lib\Debug\libnxp_lpcxpresso_11u14_board_lib.a(board_sysinit.o)
 .text.Chip_Clock_IsUSBPLLLocked
                0x00000dec       0x1c C:\Users\david_000\Documents\LPCXpresso_7.5.0_254\controlbox\nxp_lpcxpresso_11u14_board_lib\Debug\libnxp_lpcxpresso_11u14_board_lib.a(board_sysinit.o)
 .text.Chip_Clock_SetSysClockDiv
                0x00000e08       0x18 C:\Users\david_000\Documents\LPCXpresso_7.5.0_254\controlbox\nxp_lpcxpresso_11u14_board_lib\Debug\libnxp_lpcxpresso_11u14_board_lib.a(board_sysinit.o)
 .text.Chip_Clock_EnablePeriphClock
                0x00000e20       0x30 C:\Users\david_000\Documents\LPCXpresso_7.5.0_254\controlbox\nxp_lpcxpresso_11u14_board_lib\Debug\libnxp_lpcxpresso_11u14_board_lib.a(board_sysinit.o)
 .text.SystemSetupClocking
                0x00000e50       0x8c C:\Users\david_000\Documents\LPCXpresso_7.5.0_254\controlbox\nxp_lpcxpresso_11u14_board_lib\Debug\libnxp_lpcxpresso_11u14_board_lib.a(board_sysinit.o)
 .text.SystemSetupMuxing
                0x00000edc       0x50 C:\Users\david_000\Documents\LPCXpresso_7.5.0_254\controlbox\nxp_lpcxpresso_11u14_board_lib\Debug\libnxp_lpcxpresso_11u14_board_lib.a(board_sysinit.o)
 .text.Board_SystemInit
                0x00000f2c       0x10 C:\Users\david_000\Documents\LPCXpresso_7.5.0_254\controlbox\nxp_lpcxpresso_11u14_board_lib\Debug\libnxp_lpcxpresso_11u14_board_lib.a(board_sysinit.o)
                0x00000f2c                Board_SystemInit
 .text.Chip_Clock_SetSystemPLLSource
                0x00000f3c       0x2c C:\Users\david_000\Documents\LPCXpresso_7.5.0_254\controlbox\lpc_chip_11uxx_lib\Debug\liblpc_chip_11uxx_lib.a(clock_11xx.o)
                0x00000f3c                Chip_Clock_SetSystemPLLSource
 .text.Chip_Clock_SetUSBPLLSource
                0x00000f68       0x2c C:\Users\david_000\Documents\LPCXpresso_7.5.0_254\controlbox\lpc_chip_11uxx_lib\Debug\liblpc_chip_11uxx_lib.a(clock_11xx.o)
                0x00000f68                Chip_Clock_SetUSBPLLSource
 .text.Chip_Clock_SetMainClockSource
                0x00000f94       0x2c C:\Users\david_000\Documents\LPCXpresso_7.5.0_254\controlbox\lpc_chip_11uxx_lib\Debug\liblpc_chip_11uxx_lib.a(clock_11xx.o)
                0x00000f94                Chip_Clock_SetMainClockSource
 .text.Chip_Clock_SetUSBClockSource
                0x00000fc0       0x3c C:\Users\david_000\Documents\LPCXpresso_7.5.0_254\controlbox\lpc_chip_11uxx_lib\Debug\liblpc_chip_11uxx_lib.a(clock_11xx.o)
                0x00000fc0                Chip_Clock_SetUSBClockSource
 .text.Chip_Clock_EnablePeriphClock
                0x00000ffc       0x30 C:\Users\david_000\Documents\LPCXpresso_7.5.0_254\controlbox\lpc_chip_11uxx_lib\Debug\liblpc_chip_11uxx_lib.a(gpio_11xx_1.o)
 .text.Chip_GPIO_Init
                0x0000102c       0x14 C:\Users\david_000\Documents\LPCXpresso_7.5.0_254\controlbox\lpc_chip_11uxx_lib\Debug\liblpc_chip_11uxx_lib.a(gpio_11xx_1.o)
                0x0000102c                Chip_GPIO_Init
 .text.Chip_IOCON_PinMuxSet
                0x00001040       0x48 C:\Users\david_000\Documents\LPCXpresso_7.5.0_254\controlbox\lpc_chip_11uxx_lib\Debug\liblpc_chip_11uxx_lib.a(iocon_11xx.o)
                0x00001040                Chip_IOCON_PinMuxSet
 .text.Chip_SYSCTL_PowerDown
                0x00001088       0x40 C:\Users\david_000\Documents\LPCXpresso_7.5.0_254\controlbox\lpc_chip_11uxx_lib\Debug\liblpc_chip_11uxx_lib.a(sysctl_11xx.o)
                0x00001088                Chip_SYSCTL_PowerDown
 .text.Chip_SYSCTL_PowerUp
                0x000010c8       0x44 C:\Users\david_000\Documents\LPCXpresso_7.5.0_254\controlbox\lpc_chip_11uxx_lib\Debug\liblpc_chip_11uxx_lib.a(sysctl_11xx.o)
                0x000010c8                Chip_SYSCTL_PowerUp
 .text.def_ep_handler
                0x0000110c        0x4 C:\Users\david_000\Documents\LPCXpresso_7.5.0_254\controlbox\lpc_chip_11uxx_lib\libs\libusbd_11uxx_lib.a(hw_usbd_ip3511.o)
                0x0000110c                def_ep_handler
 .text.hwUSB_ForceFullSpeed
                0x00001110        0x4 C:\Users\david_000\Documents\LPCXpresso_7.5.0_254\controlbox\lpc_chip_11uxx_lib\libs\libusbd_11uxx_lib.a(hw_usbd_ip3511.o)
                0x00001110                hwUSB_ForceFullSpeed
 .text.hwUSB_GetMemSize
                0x00001114       0x14 C:\Users\david_000\Documents\LPCXpresso_7.5.0_254\controlbox\lpc_chip_11uxx_lib\libs\libusbd_11uxx_lib.a(hw_usbd_ip3511.o)
                0x00001114                hwUSB_GetMemSize
 .text.hwUSB_Connect
                0x00001128       0x28 C:\Users\david_000\Documents\LPCXpresso_7.5.0_254\controlbox\lpc_chip_11uxx_lib\libs\libusbd_11uxx_lib.a(hw_usbd_ip3511.o)
                0x00001128                hwUSB_Connect
 .text.hwUSB_WakeUp
                0x00001150       0x20 C:\Users\david_000\Documents\LPCXpresso_7.5.0_254\controlbox\lpc_chip_11uxx_lib\libs\libusbd_11uxx_lib.a(hw_usbd_ip3511.o)
                0x00001150                hwUSB_WakeUp
 .text.hwUSB_WakeUpCfg
                0x00001170       0x28 C:\Users\david_000\Documents\LPCXpresso_7.5.0_254\controlbox\lpc_chip_11uxx_lib\libs\libusbd_11uxx_lib.a(hw_usbd_ip3511.o)
                0x00001170                hwUSB_WakeUpCfg
 .text.hwUSB_SetAddress
                0x00001198       0x1c C:\Users\david_000\Documents\LPCXpresso_7.5.0_254\controlbox\lpc_chip_11uxx_lib\libs\libusbd_11uxx_lib.a(hw_usbd_ip3511.o)
                0x00001198                hwUSB_SetAddress
 .text.hwUSB_SetTestMode
                0x000011b4        0x8 C:\Users\david_000\Documents\LPCXpresso_7.5.0_254\controlbox\lpc_chip_11uxx_lib\libs\libusbd_11uxx_lib.a(hw_usbd_ip3511.o)
                0x000011b4                hwUSB_SetTestMode
 .text.hwUSB_Configure
                0x000011bc       0x24 C:\Users\david_000\Documents\LPCXpresso_7.5.0_254\controlbox\lpc_chip_11uxx_lib\libs\libusbd_11uxx_lib.a(hw_usbd_ip3511.o)
                0x000011bc                hwUSB_Configure
 .text.hwUSB_ConfigEP
                0x000011e0       0xcc C:\Users\david_000\Documents\LPCXpresso_7.5.0_254\controlbox\lpc_chip_11uxx_lib\libs\libusbd_11uxx_lib.a(hw_usbd_ip3511.o)
                0x000011e0                hwUSB_ConfigEP
 .text.hwUSB_DirCtrlEP
                0x000012ac        0x4 C:\Users\david_000\Documents\LPCXpresso_7.5.0_254\controlbox\lpc_chip_11uxx_lib\libs\libusbd_11uxx_lib.a(hw_usbd_ip3511.o)
                0x000012ac                hwUSB_DirCtrlEP
 .text.hwUSB_EnableEP
                0x000012b0       0x50 C:\Users\david_000\Documents\LPCXpresso_7.5.0_254\controlbox\lpc_chip_11uxx_lib\libs\libusbd_11uxx_lib.a(hw_usbd_ip3511.o)
                0x000012b0                hwUSB_EnableEP
 .text.hwUSB_DisableEP
                0x00001300       0x34 C:\Users\david_000\Documents\LPCXpresso_7.5.0_254\controlbox\lpc_chip_11uxx_lib\libs\libusbd_11uxx_lib.a(hw_usbd_ip3511.o)
                0x00001300                hwUSB_DisableEP
 .text.hwUSB_ResetEP
                0x00001334       0x4c C:\Users\david_000\Documents\LPCXpresso_7.5.0_254\controlbox\lpc_chip_11uxx_lib\libs\libusbd_11uxx_lib.a(hw_usbd_ip3511.o)
                0x00001334                hwUSB_ResetEP
 .text.hwUSB_SetStallEP
                0x00001380       0xb0 C:\Users\david_000\Documents\LPCXpresso_7.5.0_254\controlbox\lpc_chip_11uxx_lib\libs\libusbd_11uxx_lib.a(hw_usbd_ip3511.o)
                0x00001380                hwUSB_SetStallEP
 .text.hwUSB_ClrStallEP
                0x00001430       0xc0 C:\Users\david_000\Documents\LPCXpresso_7.5.0_254\controlbox\lpc_chip_11uxx_lib\libs\libusbd_11uxx_lib.a(hw_usbd_ip3511.o)
                0x00001430                hwUSB_ClrStallEP
 .text.hwUSB_EnableEvent
                0x000014f0      0x120 C:\Users\david_000\Documents\LPCXpresso_7.5.0_254\controlbox\lpc_chip_11uxx_lib\libs\libusbd_11uxx_lib.a(hw_usbd_ip3511.o)
                0x000014f0                hwUSB_EnableEvent
 .text.hwUSB_ReadSetupPkt
                0x00001610       0x58 C:\Users\david_000\Documents\LPCXpresso_7.5.0_254\controlbox\lpc_chip_11uxx_lib\libs\libusbd_11uxx_lib.a(hw_usbd_ip3511.o)
                0x00001610                hwUSB_ReadSetupPkt
 .text.hwUSB_ReadReqEP
                0x00001668        0x4 C:\Users\david_000\Documents\LPCXpresso_7.5.0_254\controlbox\lpc_chip_11uxx_lib\libs\libusbd_11uxx_lib.a(hw_usbd_ip3511.o)
                0x00001668                hwUSB_ReadReqEP
 .text.hwUSB_ReadEP
                0x0000166c       0xdc C:\Users\david_000\Documents\LPCXpresso_7.5.0_254\controlbox\lpc_chip_11uxx_lib\libs\libusbd_11uxx_lib.a(hw_usbd_ip3511.o)
                0x0000166c                hwUSB_ReadEP
 .text.hwUSB_WriteEP
                0x00001748       0xdc C:\Users\david_000\Documents\LPCXpresso_7.5.0_254\controlbox\lpc_chip_11uxx_lib\libs\libusbd_11uxx_lib.a(hw_usbd_ip3511.o)
                0x00001748                hwUSB_WriteEP
 .text.hwUSB_Reset
                0x00001824       0xcc C:\Users\david_000\Documents\LPCXpresso_7.5.0_254\controlbox\lpc_chip_11uxx_lib\libs\libusbd_11uxx_lib.a(hw_usbd_ip3511.o)
                0x00001824                hwUSB_Reset
 .text.hwUSB_Init
                0x000018f0      0x1fc C:\Users\david_000\Documents\LPCXpresso_7.5.0_254\controlbox\lpc_chip_11uxx_lib\libs\libusbd_11uxx_lib.a(hw_usbd_ip3511.o)
                0x000018f0                hwUSB_Init
 .text.hwUSB_ISR
                0x00001aec      0x1b0 C:\Users\david_000\Documents\LPCXpresso_7.5.0_254\controlbox\lpc_chip_11uxx_lib\libs\libusbd_11uxx_lib.a(hw_usbd_ip3511.o)
                0x00001aec                hwUSB_ISR
 .text.mwCDC_SetRequest
                0x00001c9c       0x98 C:\Users\david_000\Documents\LPCXpresso_7.5.0_254\controlbox\lpc_chip_11uxx_lib\libs\libusbd_11uxx_lib.a(mw_usbd_cdcuser.o)
                0x00001c9c                mwCDC_SetRequest
 .text.mwCDC_ep0_hdlr
                0x00001d34       0xe4 C:\Users\david_000\Documents\LPCXpresso_7.5.0_254\controlbox\lpc_chip_11uxx_lib\libs\libusbd_11uxx_lib.a(mw_usbd_cdcuser.o)
                0x00001d34                mwCDC_ep0_hdlr
 .text.mwCDC_GetRequest
                0x00001e18       0x54 C:\Users\david_000\Documents\LPCXpresso_7.5.0_254\controlbox\lpc_chip_11uxx_lib\libs\libusbd_11uxx_lib.a(mw_usbd_cdcuser.o)
                0x00001e18                mwCDC_GetRequest
 .text.mwCDC_SendNotification
                0x00001e6c       0x54 C:\Users\david_000\Documents\LPCXpresso_7.5.0_254\controlbox\lpc_chip_11uxx_lib\libs\libusbd_11uxx_lib.a(mw_usbd_cdcuser.o)
                0x00001e6c                mwCDC_SendNotification
 .text.mwCDC_GetMemSize
                0x00001ec0        0x4 C:\Users\david_000\Documents\LPCXpresso_7.5.0_254\controlbox\lpc_chip_11uxx_lib\libs\libusbd_11uxx_lib.a(mw_usbd_cdcuser.o)
                0x00001ec0                mwCDC_GetMemSize
 .text.mwCDC_init
                0x00001ec4      0x154 C:\Users\david_000\Documents\LPCXpresso_7.5.0_254\controlbox\lpc_chip_11uxx_lib\libs\libusbd_11uxx_lib.a(mw_usbd_cdcuser.o)
                0x00001ec4                mwCDC_init
 .text.USB_ReqGetConfiguration
                0x00002018       0x24 C:\Users\david_000\Documents\LPCXpresso_7.5.0_254\controlbox\lpc_chip_11uxx_lib\libs\libusbd_11uxx_lib.a(mw_usbd_core.o)
                0x00002018                USB_ReqGetConfiguration
 .text.USBD_virt_to_phys
                0x0000203c        0x4 C:\Users\david_000\Documents\LPCXpresso_7.5.0_254\controlbox\lpc_chip_11uxx_lib\libs\libusbd_11uxx_lib.a(mw_usbd_core.o)
                0x0000203c                USBD_virt_to_phys
 .text.USBD_cache_flush
                0x00002040        0x4 C:\Users\david_000\Documents\LPCXpresso_7.5.0_254\controlbox\lpc_chip_11uxx_lib\libs\libusbd_11uxx_lib.a(mw_usbd_core.o)
                0x00002040                USBD_cache_flush
 .text.USB_ReqGetStatus
                0x00002044       0xa4 C:\Users\david_000\Documents\LPCXpresso_7.5.0_254\controlbox\lpc_chip_11uxx_lib\libs\libusbd_11uxx_lib.a(mw_usbd_core.o)
                0x00002044                USB_ReqGetStatus
 .text.USB_ReqGetDescriptor
                0x000020e8      0x11c C:\Users\david_000\Documents\LPCXpresso_7.5.0_254\controlbox\lpc_chip_11uxx_lib\libs\libusbd_11uxx_lib.a(mw_usbd_core.o)
                0x000020e8                USB_ReqGetDescriptor
 .text.USB_ReqGetInterface
                0x00002204       0x40 C:\Users\david_000\Documents\LPCXpresso_7.5.0_254\controlbox\lpc_chip_11uxx_lib\libs\libusbd_11uxx_lib.a(mw_usbd_core.o)
                0x00002204                USB_ReqGetInterface
 .text.USB_ReqSetInterface
                0x00002244      0x170 C:\Users\david_000\Documents\LPCXpresso_7.5.0_254\controlbox\lpc_chip_11uxx_lib\libs\libusbd_11uxx_lib.a(mw_usbd_core.o)
                0x00002244                USB_ReqSetInterface
 .text.USB_ReqSetConfiguration
                0x000023b4      0x258 C:\Users\david_000\Documents\LPCXpresso_7.5.0_254\controlbox\lpc_chip_11uxx_lib\libs\libusbd_11uxx_lib.a(mw_usbd_core.o)
                0x000023b4                USB_ReqSetConfiguration
 .text.USB_ReqSetClrFeature
                0x0000260c       0xe0 C:\Users\david_000\Documents\LPCXpresso_7.5.0_254\controlbox\lpc_chip_11uxx_lib\libs\libusbd_11uxx_lib.a(mw_usbd_core.o)
                0x0000260c                USB_ReqSetClrFeature
 .text.USB_EvtOutHandler
                0x000026ec       0xe4 C:\Users\david_000\Documents\LPCXpresso_7.5.0_254\controlbox\lpc_chip_11uxx_lib\libs\libusbd_11uxx_lib.a(mw_usbd_core.o)
                0x000026ec                USB_EvtOutHandler
 .text.USB_EndPoint0
                0x000027d0      0x140 C:\Users\david_000\Documents\LPCXpresso_7.5.0_254\controlbox\lpc_chip_11uxx_lib\libs\libusbd_11uxx_lib.a(mw_usbd_core.o)
                0x000027d0                USB_EndPoint0
 .text.USB_EvtSetupHandler
                0x00002910      0x1f4 C:\Users\david_000\Documents\LPCXpresso_7.5.0_254\controlbox\lpc_chip_11uxx_lib\libs\libusbd_11uxx_lib.a(mw_usbd_core.o)
                0x00002910                USB_EvtSetupHandler
 .text.mwUSB_ResetCore
                0x00002b04       0x80 C:\Users\david_000\Documents\LPCXpresso_7.5.0_254\controlbox\lpc_chip_11uxx_lib\libs\libusbd_11uxx_lib.a(mw_usbd_core.o)
                0x00002b04                mwUSB_ResetCore
 .text.mwUSB_SetupStage
                0x00002b84       0x10 C:\Users\david_000\Documents\LPCXpresso_7.5.0_254\controlbox\lpc_chip_11uxx_lib\libs\libusbd_11uxx_lib.a(mw_usbd_core.o)
                0x00002b84                mwUSB_SetupStage
 .text.mwUSB_DataInStage
                0x00002b94       0x34 C:\Users\david_000\Documents\LPCXpresso_7.5.0_254\controlbox\lpc_chip_11uxx_lib\libs\libusbd_11uxx_lib.a(mw_usbd_core.o)
                0x00002b94                mwUSB_DataInStage
 .text.mwUSB_DataOutStage
                0x00002bc8       0x24 C:\Users\david_000\Documents\LPCXpresso_7.5.0_254\controlbox\lpc_chip_11uxx_lib\libs\libusbd_11uxx_lib.a(mw_usbd_core.o)
                0x00002bc8                mwUSB_DataOutStage
 .text.mwUSB_StatusInStage
                0x00002bec       0x10 C:\Users\david_000\Documents\LPCXpresso_7.5.0_254\controlbox\lpc_chip_11uxx_lib\libs\libusbd_11uxx_lib.a(mw_usbd_core.o)
                0x00002bec                mwUSB_StatusInStage
 .text.mwUSB_StatusOutStage
                0x00002bfc       0x10 C:\Users\david_000\Documents\LPCXpresso_7.5.0_254\controlbox\lpc_chip_11uxx_lib\libs\libusbd_11uxx_lib.a(mw_usbd_core.o)
                0x00002bfc                mwUSB_StatusOutStage
 .text.mwUSB_StallEp0
                0x00002c0c       0x14 C:\Users\david_000\Documents\LPCXpresso_7.5.0_254\controlbox\lpc_chip_11uxx_lib\libs\libusbd_11uxx_lib.a(mw_usbd_core.o)
                0x00002c0c                mwUSB_StallEp0
 .text.mwUSB_InitCore
                0x00002c20       0xe8 C:\Users\david_000\Documents\LPCXpresso_7.5.0_254\controlbox\lpc_chip_11uxx_lib\libs\libusbd_11uxx_lib.a(mw_usbd_core.o)
                0x00002c20                mwUSB_InitCore
 .text.mwUSB_RegisterClassHandler
                0x00002d08       0x2c C:\Users\david_000\Documents\LPCXpresso_7.5.0_254\controlbox\lpc_chip_11uxx_lib\libs\libusbd_11uxx_lib.a(mw_usbd_core.o)
                0x00002d08                mwUSB_RegisterClassHandler
 .text.mwUSB_RegisterEpHandler
                0x00002d34       0x28 C:\Users\david_000\Documents\LPCXpresso_7.5.0_254\controlbox\lpc_chip_11uxx_lib\libs\libusbd_11uxx_lib.a(mw_usbd_core.o)
                0x00002d34                mwUSB_RegisterEpHandler
 .text.mwHID_GetReportDesc
                0x00002d5c       0x1c C:\Users\david_000\Documents\LPCXpresso_7.5.0_254\controlbox\lpc_chip_11uxx_lib\libs\libusbd_11uxx_lib.a(mw_usbd_hiduser.o)
                0x00002d5c                mwHID_GetReportDesc
 .text.mwHID_SetIdle
                0x00002d78       0x30 C:\Users\david_000\Documents\LPCXpresso_7.5.0_254\controlbox\lpc_chip_11uxx_lib\libs\libusbd_11uxx_lib.a(mw_usbd_hiduser.o)
                0x00002d78                mwHID_SetIdle
 .text.mwHID_ep0_hdlr
                0x00002da8      0x1e8 C:\Users\david_000\Documents\LPCXpresso_7.5.0_254\controlbox\lpc_chip_11uxx_lib\libs\libusbd_11uxx_lib.a(mw_usbd_hiduser.o)
                0x00002da8                mwHID_ep0_hdlr
 .text.mwHID_GetMemSize
                0x00002f90        0x8 C:\Users\david_000\Documents\LPCXpresso_7.5.0_254\controlbox\lpc_chip_11uxx_lib\libs\libusbd_11uxx_lib.a(mw_usbd_hiduser.o)
                0x00002f90                mwHID_GetMemSize
 .text.mwHID_init
                0x00002f98      0x1a0 C:\Users\david_000\Documents\LPCXpresso_7.5.0_254\controlbox\lpc_chip_11uxx_lib\libs\libusbd_11uxx_lib.a(mw_usbd_hiduser.o)
                0x00002f98                mwHID_init
 .text.__main   0x00003138       0x12 c:/nxp/lpcxpresso_7.5.0_254/lpcxpresso/tools/bin/../lib/gcc/arm-none-eabi/4.8.4/../../../../arm-none-eabi/lib/armv6-m\libcr_nohost.a(_cr__main.o)
                0x00003138                __main
 .text.memcpy   0x0000314a        0x8 c:/nxp/lpcxpresso_7.5.0_254/lpcxpresso/tools/bin/../lib/gcc/arm-none-eabi/4.8.4/../../../../arm-none-eabi/lib/armv6-m\libcr_c.a(memcpy.o)
                0x0000314a                memcpy
 .text.memset   0x00003152        0x8 c:/nxp/lpcxpresso_7.5.0_254/lpcxpresso/tools/bin/../lib/gcc/arm-none-eabi/4.8.4/../../../../arm-none-eabi/lib/armv6-m\libcr_c.a(memset.o)
                0x00003152                memset
 *fill*         0x0000315a        0x2 
 .text._initio  0x0000315c       0xa4 c:/nxp/lpcxpresso_7.5.0_254/lpcxpresso/tools/bin/../lib/gcc/arm-none-eabi/4.8.4/../../../../arm-none-eabi/lib/armv6-m\libcr_c.a(initio.o)
                0x0000315c                _initio
 .text.setvbuf  0x00003200       0x48 c:/nxp/lpcxpresso_7.5.0_254/lpcxpresso/tools/bin/../lib/gcc/arm-none-eabi/4.8.4/../../../../arm-none-eabi/lib/armv6-m\libcr_c.a(setvbuf.o)
                0x00003200                setvbuf
 .text._deferredlazyseek
                0x00003248       0x44 c:/nxp/lpcxpresso_7.5.0_254/lpcxpresso/tools/bin/../lib/gcc/arm-none-eabi/4.8.4/../../../../arm-none-eabi/lib/armv6-m\libcr_c.a(_deferredlazyseek.o)
                0x00003248                _deferredlazyseek
 .text._fdopen  0x0000328c       0x68 c:/nxp/lpcxpresso_7.5.0_254/lpcxpresso/tools/bin/../lib/gcc/arm-none-eabi/4.8.4/../../../../arm-none-eabi/lib/armv6-m\libcr_c.a(_fdopen.o)
                0x0000328c                _fdopen
 .text._fflush  0x000032f4       0x64 c:/nxp/lpcxpresso_7.5.0_254/lpcxpresso/tools/bin/../lib/gcc/arm-none-eabi/4.8.4/../../../../arm-none-eabi/lib/armv6-m\libcr_c.a(_fflush.o)
                0x000032f4                _fflush
 .text._Cwritebuf
                0x00003358       0x6c c:/nxp/lpcxpresso_7.5.0_254/lpcxpresso/tools/bin/../lib/gcc/arm-none-eabi/4.8.4/../../../../arm-none-eabi/lib/armv6-m\libcr_c.a(_writebuf.o)
                0x00003358                _Cwritebuf
 .text.malloc   0x000033c4       0xc4 c:/nxp/lpcxpresso_7.5.0_254/lpcxpresso/tools/bin/../lib/gcc/arm-none-eabi/4.8.4/../../../../arm-none-eabi/lib/armv6-m\libcr_c.a(alloc.o)
                0x000033c4                malloc
 .text.free     0x00003488        0xe c:/nxp/lpcxpresso_7.5.0_254/lpcxpresso/tools/bin/../lib/gcc/arm-none-eabi/4.8.4/../../../../arm-none-eabi/lib/armv6-m\libcr_c.a(alloc.o)
                0x00003488                free
 *fill*         0x00003496        0x2 
 .text._Csys_alloc
                0x00003498       0x20 c:/nxp/lpcxpresso_7.5.0_254/lpcxpresso/tools/bin/../lib/gcc/arm-none-eabi/4.8.4/../../../../arm-none-eabi/lib/armv6-m\libcr_c.a(alloc.o)
                0x00003498                _Csys_alloc
 .text.fclose   0x000034b8       0x70 c:/nxp/lpcxpresso_7.5.0_254/lpcxpresso/tools/bin/../lib/gcc/arm-none-eabi/4.8.4/../../../../arm-none-eabi/lib/armv6-m\libcr_c.a(fclose.o)
                0x000034b8                fclose
 .text.fflush   0x00003528       0x34 c:/nxp/lpcxpresso_7.5.0_254/lpcxpresso/tools/bin/../lib/gcc/arm-none-eabi/4.8.4/../../../../arm-none-eabi/lib/armv6-m\libcr_c.a(fflush.o)
                0x00003528                fflush
 .text.fseek    0x0000355c       0xf8 c:/nxp/lpcxpresso_7.5.0_254/lpcxpresso/tools/bin/../lib/gcc/arm-none-eabi/4.8.4/../../../../arm-none-eabi/lib/armv6-m\libcr_c.a(fseek.o)
                0x0000355c                fseek
 .text.ftell    0x00003654       0x4c c:/nxp/lpcxpresso_7.5.0_254/lpcxpresso/tools/bin/../lib/gcc/arm-none-eabi/4.8.4/../../../../arm-none-eabi/lib/armv6-m\libcr_c.a(ftell.o)
                0x00003654                ftell
 .text.remove   0x000036a0       0x12 c:/nxp/lpcxpresso_7.5.0_254/lpcxpresso/tools/bin/../lib/gcc/arm-none-eabi/4.8.4/../../../../arm-none-eabi/lib/armv6-m\libcr_c.a(remove.o)
                0x000036a0                remove
 *fill*         0x000036b2        0x2 
 .text.strlen   0x000036b4       0x54 c:/nxp/lpcxpresso_7.5.0_254/lpcxpresso/tools/bin/../lib/gcc/arm-none-eabi/4.8.4/../../../../arm-none-eabi/lib/armv6-m\libcr_c.a(strlen.o)
                0x000036b4                strlen
 .text._sbrk    0x00003708       0x40 c:/nxp/lpcxpresso_7.5.0_254/lpcxpresso/tools/bin/../lib/gcc/arm-none-eabi/4.8.4/../../../../arm-none-eabi/lib/armv6-m\libcr_c.a(_cr_sbrk.o)
                0x00003708                _sbrk
 .text._do_fflush
                0x00003748       0x48 c:/nxp/lpcxpresso_7.5.0_254/lpcxpresso/tools/bin/../lib/gcc/arm-none-eabi/4.8.4/../../../../arm-none-eabi/lib/armv6-m\libcr_c.a(_do_fflush.o)
                0x00003748                _do_fflush
 .text.__check_heap_overflow
                0x00003790       0x18 c:/nxp/lpcxpresso_7.5.0_254/lpcxpresso/tools/bin/../lib/gcc/arm-none-eabi/4.8.4/../../../../arm-none-eabi/lib/armv6-m\libcr_c.a(_cr_check_heap.o)
                0x00003790                __check_heap_overflow
 .text.__aeabi_memcpy
                0x000037a8       0x2c c:/nxp/lpcxpresso_7.5.0_254/lpcxpresso/tools/bin/../lib/gcc/arm-none-eabi/4.8.4/armv6-m\libcr_eabihelpers.a(memcpy.o)
                0x000037a8                __aeabi_memcpy4
                0x000037a8                __aeabi_memcpy8
                0x000037a8                __aeabi_memcpy
 .text.__aeabi_memset_lowlevel
                0x000037d4       0x2a c:/nxp/lpcxpresso_7.5.0_254/lpcxpresso/tools/bin/../lib/gcc/arm-none-eabi/4.8.4/armv6-m\libcr_eabihelpers.a(memcpy.o)
                0x000037d4                __aeabi_lowlevel_memset
 .text.__sys_appexit
                0x000037fe        0x2 c:/nxp/lpcxpresso_7.5.0_254/lpcxpresso/tools/bin/../lib/gcc/arm-none-eabi/4.8.4/../../../../arm-none-eabi/lib/armv6-m\libcr_nohost.a(__sys_appexit.o)
                0x000037fe                __sys_appexit
                0x000037fe                __exit
 .text.__sys_close
                0x00003800        0x6 c:/nxp/lpcxpresso_7.5.0_254/lpcxpresso/tools/bin/../lib/gcc/arm-none-eabi/4.8.4/../../../../arm-none-eabi/lib/armv6-m\libcr_nohost.a(__sys_close.o)
                0x00003800                __sys_close
 .text.__sys_flen
                0x00003806        0x6 c:/nxp/lpcxpresso_7.5.0_254/lpcxpresso/tools/bin/../lib/gcc/arm-none-eabi/4.8.4/../../../../arm-none-eabi/lib/armv6-m\libcr_nohost.a(__sys_flen.o)
                0x00003806                __sys_flen
 .text.__sys_istty
                0x0000380c        0x6 c:/nxp/lpcxpresso_7.5.0_254/lpcxpresso/tools/bin/../lib/gcc/arm-none-eabi/4.8.4/../../../../arm-none-eabi/lib/armv6-m\libcr_nohost.a(__sys_istty.o)
                0x0000380c                __sys_istty
 .text.__sys_remove
                0x00003812        0x6 c:/nxp/lpcxpresso_7.5.0_254/lpcxpresso/tools/bin/../lib/gcc/arm-none-eabi/4.8.4/../../../../arm-none-eabi/lib/armv6-m\libcr_nohost.a(__sys_remove.o)
                0x00003812                __sys_remove
 .text.__sys_seek
                0x00003818        0x6 c:/nxp/lpcxpresso_7.5.0_254/lpcxpresso/tools/bin/../lib/gcc/arm-none-eabi/4.8.4/../../../../arm-none-eabi/lib/armv6-m\libcr_nohost.a(__sys_seek.o)
                0x00003818                __sys_seek
 .text.__sys_tmpnam
                0x0000381e        0x6 c:/nxp/lpcxpresso_7.5.0_254/lpcxpresso/tools/bin/../lib/gcc/arm-none-eabi/4.8.4/../../../../arm-none-eabi/lib/armv6-m\libcr_nohost.a(__sys_tmpnam.o)
                0x0000381e                __sys_tmpnam
 *(.rodata .rodata.* .constdata .constdata.*)
 .rodata.Mouse_ReportDescriptor
                0x00003824       0x34 ./example/src/composite_desc.o
                0x00003824                Mouse_ReportDescriptor
 .rodata.Mouse_ReportDescSize
                0x00003858        0x2 ./example/src/composite_desc.o
                0x00003858                Mouse_ReportDescSize
 *fill*         0x0000385a        0x2 
 .rodata.USB_DeviceDescriptor
                0x0000385c       0x14 ./example/src/composite_desc.o
                0x0000385c                USB_DeviceDescriptor
 .rodata.USB_StringDescriptor
                0x00003870       0x80 ./example/src/composite_desc.o
                0x00003870                USB_StringDescriptor
 .rodata.g_usbApi
                0x000038f0       0x20 ./example/src/composite_main.o
 .rodata        0x00003910       0x10 ./example/src/composite_main.o
 .rodata.Mouse_UpdateReport
                0x00003920       0x44 ./example/src/hid_mouse.o
 .rodata.pinmuxing
                0x00003964       0x24 C:\Users\david_000\Documents\LPCXpresso_7.5.0_254\controlbox\nxp_lpcxpresso_11u14_board_lib\Debug\libnxp_lpcxpresso_11u14_board_lib.a(board_sysinit.o)
 .rodata.hw_api
                0x00003988       0x5c C:\Users\david_000\Documents\LPCXpresso_7.5.0_254\controlbox\lpc_chip_11uxx_lib\libs\libusbd_11uxx_lib.a(mw_usbd_rom_api.o)
                0x00003988                hw_api
 .rodata.core_api
                0x000039e4       0x20 C:\Users\david_000\Documents\LPCXpresso_7.5.0_254\controlbox\lpc_chip_11uxx_lib\libs\libusbd_11uxx_lib.a(mw_usbd_rom_api.o)
                0x000039e4                core_api
 .rodata.hid_api
                0x00003a04        0x8 C:\Users\david_000\Documents\LPCXpresso_7.5.0_254\controlbox\lpc_chip_11uxx_lib\libs\libusbd_11uxx_lib.a(mw_usbd_rom_api.o)
                0x00003a04                hid_api
 .rodata.cdc_api
                0x00003a0c        0xc C:\Users\david_000\Documents\LPCXpresso_7.5.0_254\controlbox\lpc_chip_11uxx_lib\libs\libusbd_11uxx_lib.a(mw_usbd_rom_api.o)
                0x00003a0c                cdc_api
 .rodata.hwUSB_EnableEvent
                0x00003a18       0x38 C:\Users\david_000\Documents\LPCXpresso_7.5.0_254\controlbox\lpc_chip_11uxx_lib\libs\libusbd_11uxx_lib.a(hw_usbd_ip3511.o)
 .rodata.mwCDC_SetRequest
                0x00003a50       0x90 C:\Users\david_000\Documents\LPCXpresso_7.5.0_254\controlbox\lpc_chip_11uxx_lib\libs\libusbd_11uxx_lib.a(mw_usbd_cdcuser.o)
 .rodata.USB_EndPoint0
                0x00003ae0       0x20 C:\Users\david_000\Documents\LPCXpresso_7.5.0_254\controlbox\lpc_chip_11uxx_lib\libs\libusbd_11uxx_lib.a(mw_usbd_core.o)
 .rodata.USB_EvtSetupHandler
                0x00003b00       0x30 C:\Users\david_000\Documents\LPCXpresso_7.5.0_254\controlbox\lpc_chip_11uxx_lib\libs\libusbd_11uxx_lib.a(mw_usbd_core.o)
 .rodata.mwHID_ep0_hdlr
                0x00003b30       0x30 C:\Users\david_000\Documents\LPCXpresso_7.5.0_254\controlbox\lpc_chip_11uxx_lib\libs\libusbd_11uxx_lib.a(mw_usbd_hiduser.o)
 .rodata.str1.1
                0x00003b60        0x4 c:/nxp/lpcxpresso_7.5.0_254/lpcxpresso/tools/bin/../lib/gcc/arm-none-eabi/4.8.4/../../../../arm-none-eabi/lib/armv6-m\libcr_c.a(initio.o)
 .rodata.str1.1
                0x00003b64       0x18 c:/nxp/lpcxpresso_7.5.0_254/lpcxpresso/tools/bin/../lib/gcc/arm-none-eabi/4.8.4/../../../../arm-none-eabi/lib/armv6-m\libcr_c.a(alloc.o)
                0x00003b7c                . = ALIGN (0x4)

.glue_7         0x00003b7c        0x0
 .glue_7        0x00000000        0x0 linker stubs

.glue_7t        0x00003b7c        0x0
 .glue_7t       0x00000000        0x0 linker stubs

.vfp11_veneer   0x00003b7c        0x0
 .vfp11_veneer  0x00000000        0x0 linker stubs

.v4_bx          0x00003b7c        0x0
 .v4_bx         0x00000000        0x0 linker stubs

.iplt           0x00003b7c        0x0
 .iplt          0x00000000        0x0 ./example/src/cdc_vcom.o

.rel.dyn        0x00003b7c        0x0
 .rel.iplt      0x00000000        0x0 ./example/src/cdc_vcom.o

.ARM.extab
 *(.ARM.extab* .gnu.linkonce.armextab.*)
                0x00003b7c                __exidx_start = .

.ARM.exidx
 *(.ARM.exidx* .gnu.linkonce.armexidx.*)
                0x00003b7c                __exidx_end = .
                0x00003b7c                _etext = .

.data_RAM2      0x20004000        0x0 load address 0x00003b7c
 FILL mask 0xff
 *(.ramfunc.$RAM2)
 *(.ramfunc.$RamUsb2)
 *(.data.$RAM2*)
 *(.data.$RamUsb2*)
                0x20004000                . = ALIGN (0x4)

.uninit_RESERVED
                0x10000000        0x0
 *(.bss.$RESERVED*)
                0x10000000                . = ALIGN (0x4)
                0x10000000                _end_uninit_RESERVED = .

.data           0x10000000       0x6c load address 0x00003b7c
 FILL mask 0xff
                0x10000000                _data = .
 *(vtable)
 *(.ramfunc*)
 *(.data*)
 .data.USB_FsConfigDescriptor
                0x10000000       0x68 ./example/src/composite_desc.o
                0x10000000                USB_FsConfigDescriptor
 .data.g_pUsbApi
                0x10000068        0x4 ./example/src/composite_main.o
                0x10000068                g_pUsbApi
                0x1000006c                . = ALIGN (0x4)
                0x1000006c                _edata = .

.igot.plt       0x1000006c        0x0 load address 0x00003be8
 .igot.plt      0x00000000        0x0 ./example/src/cdc_vcom.o

.bss_RAM2       0x20004000        0x0
 *(.bss.$RAM2*)
 *(.bss.$RamUsb2*)
                0x20004000                . = ALIGN (0x4)

.bss            0x1000006c      0x270
                0x1000006c                _bss = .
 *(.bss*)
 .bss.g_hUsb    0x1000006c        0x4 ./example/src/composite_main.o
 .bss.g_rxBuff  0x10000070      0x100 ./example/src/composite_main.o
 .bss.g_mouse   0x10000170        0x8 ./example/src/hid_mouse.o
 .bss.errno     0x10000178        0x4 c:/nxp/lpcxpresso_7.5.0_254/lpcxpresso/tools/bin/../lib/gcc/arm-none-eabi/4.8.4/../../../../arm-none-eabi/lib/armv6-m\libcr_c.a(errno.o)
                0x10000178                errno
 *(COMMON)
 COMMON         0x1000017c       0x14 ./example/src/cdc_vcom.o
                0x1000017c                g_vCOM
 COMMON         0x10000190        0x4 c:/nxp/lpcxpresso_7.5.0_254/lpcxpresso/tools/bin/../lib/gcc/arm-none-eabi/4.8.4/../../../../arm-none-eabi/lib/armv6-m\libcr_c.a(initio.o)
                0x10000190                _extra
 COMMON         0x10000194      0x140 c:/nxp/lpcxpresso_7.5.0_254/lpcxpresso/tools/bin/../lib/gcc/arm-none-eabi/4.8.4/../../../../arm-none-eabi/lib/armv6-m\libcr_c.a(stdio.o)
                0x10000194                __Ciob
 COMMON         0x100002d4        0x8 c:/nxp/lpcxpresso_7.5.0_254/lpcxpresso/tools/bin/../lib/gcc/arm-none-eabi/4.8.4/../../../../arm-none-eabi/lib/armv6-m\libcr_c.a(__init_alloc.o)
                0x100002d4                __heaps
                0x100002d8                __end_of_heap
                0x100002dc                . = ALIGN (0x4)
                0x100002dc                _ebss = .
                0x100002dc                PROVIDE (end, .)

.noinit_RAM2    0x20004000        0x0
 *(.noinit.$RAM2*)
 *(.noinit.$RamUsb2*)
                0x20004000                . = ALIGN (0x4)

.noinit         0x100002dc        0x0
                0x100002dc                _noinit = .
 *(.noinit*)
                0x100002dc                . = ALIGN (0x4)
                0x100002dc                _end_noinit = .
                0x100002dc                PROVIDE (_pvHeapStart, DEFINED (__user_heap_base)?__user_heap_base:.)
                0x10001000                PROVIDE (_vStackTop, DEFINED (__user_stack_top)?__user_stack_top:(__top_RamLoc4 - 0x0))
OUTPUT(nxp_lpcxpresso_11u14_usbd_lib_composite.axf elf32-littlearm)

.debug_info     0x00000000     0x79c2
 .debug_info    0x00000000     0x172b ./example/src/cdc_vcom.o
 .debug_info    0x0000172b      0x135 ./example/src/composite_desc.o
 .debug_info    0x00001860     0x1bd7 ./example/src/composite_main.o
 .debug_info    0x00003437      0x252 ./example/src/cr_startup_lpc11xx.o
 .debug_info    0x00003689     0x1876 ./example/src/hid_mouse.o
 .debug_info    0x00004eff       0xb8 ./example/src/sysinit.o
 .debug_info    0x00004fb7      0x79e C:\Users\david_000\Documents\LPCXpresso_7.5.0_254\controlbox\nxp_lpcxpresso_11u14_board_lib\Debug\libnxp_lpcxpresso_11u14_board_lib.a(board.o)
 .debug_info    0x00005755      0x95c C:\Users\david_000\Documents\LPCXpresso_7.5.0_254\controlbox\nxp_lpcxpresso_11u14_board_lib\Debug\libnxp_lpcxpresso_11u14_board_lib.a(board_sysinit.o)
 .debug_info    0x000060b1      0x8ca C:\Users\david_000\Documents\LPCXpresso_7.5.0_254\controlbox\lpc_chip_11uxx_lib\Debug\liblpc_chip_11uxx_lib.a(clock_11xx.o)
 .debug_info    0x0000697b      0x96f C:\Users\david_000\Documents\LPCXpresso_7.5.0_254\controlbox\lpc_chip_11uxx_lib\Debug\liblpc_chip_11uxx_lib.a(gpio_11xx_1.o)
 .debug_info    0x000072ea      0x155 C:\Users\david_000\Documents\LPCXpresso_7.5.0_254\controlbox\lpc_chip_11uxx_lib\Debug\liblpc_chip_11uxx_lib.a(iocon_11xx.o)
 .debug_info    0x0000743f      0x583 C:\Users\david_000\Documents\LPCXpresso_7.5.0_254\controlbox\lpc_chip_11uxx_lib\Debug\liblpc_chip_11uxx_lib.a(sysctl_11xx.o)

.debug_abbrev   0x00000000     0x1256
 .debug_abbrev  0x00000000      0x26b ./example/src/cdc_vcom.o
 .debug_abbrev  0x0000026b       0x60 ./example/src/composite_desc.o
 .debug_abbrev  0x000002cb      0x2cb ./example/src/composite_main.o
 .debug_abbrev  0x00000596       0xf9 ./example/src/cr_startup_lpc11xx.o
 .debug_abbrev  0x0000068f      0x295 ./example/src/hid_mouse.o
 .debug_abbrev  0x00000924       0x6a ./example/src/sysinit.o
 .debug_abbrev  0x0000098e      0x238 C:\Users\david_000\Documents\LPCXpresso_7.5.0_254\controlbox\nxp_lpcxpresso_11u14_board_lib\Debug\libnxp_lpcxpresso_11u14_board_lib.a(board.o)
 .debug_abbrev  0x00000bc6      0x1cb C:\Users\david_000\Documents\LPCXpresso_7.5.0_254\controlbox\nxp_lpcxpresso_11u14_board_lib\Debug\libnxp_lpcxpresso_11u14_board_lib.a(board_sysinit.o)
 .debug_abbrev  0x00000d91      0x1bc C:\Users\david_000\Documents\LPCXpresso_7.5.0_254\controlbox\lpc_chip_11uxx_lib\Debug\liblpc_chip_11uxx_lib.a(clock_11xx.o)
 .debug_abbrev  0x00000f4d      0x173 C:\Users\david_000\Documents\LPCXpresso_7.5.0_254\controlbox\lpc_chip_11uxx_lib\Debug\liblpc_chip_11uxx_lib.a(gpio_11xx_1.o)
 .debug_abbrev  0x000010c0       0xc8 C:\Users\david_000\Documents\LPCXpresso_7.5.0_254\controlbox\lpc_chip_11uxx_lib\Debug\liblpc_chip_11uxx_lib.a(iocon_11xx.o)
 .debug_abbrev  0x00001188       0xce C:\Users\david_000\Documents\LPCXpresso_7.5.0_254\controlbox\lpc_chip_11uxx_lib\Debug\liblpc_chip_11uxx_lib.a(sysctl_11xx.o)

.debug_aranges  0x00000000      0x458
 .debug_aranges
                0x00000000       0x68 ./example/src/cdc_vcom.o
 .debug_aranges
                0x00000068       0x18 ./example/src/composite_desc.o
 .debug_aranges
                0x00000080       0x50 ./example/src/composite_main.o
 .debug_aranges
                0x000000d0       0x60 ./example/src/cr_startup_lpc11xx.o
 .debug_aranges
                0x00000130       0x60 ./example/src/hid_mouse.o
 .debug_aranges
                0x00000190       0x20 ./example/src/sysinit.o
 .debug_aranges
                0x000001b0       0xd0 C:\Users\david_000\Documents\LPCXpresso_7.5.0_254\controlbox\nxp_lpcxpresso_11u14_board_lib\Debug\libnxp_lpcxpresso_11u14_board_lib.a(board.o)
 .debug_aranges
                0x00000280       0x68 C:\Users\david_000\Documents\LPCXpresso_7.5.0_254\controlbox\nxp_lpcxpresso_11u14_board_lib\Debug\libnxp_lpcxpresso_11u14_board_lib.a(board_sysinit.o)
 .debug_aranges
                0x000002e8       0xa0 C:\Users\david_000\Documents\LPCXpresso_7.5.0_254\controlbox\lpc_chip_11uxx_lib\Debug\liblpc_chip_11uxx_lib.a(clock_11xx.o)
 .debug_aranges
                0x00000388       0x78 C:\Users\david_000\Documents\LPCXpresso_7.5.0_254\controlbox\lpc_chip_11uxx_lib\Debug\liblpc_chip_11uxx_lib.a(gpio_11xx_1.o)
 .debug_aranges
                0x00000400       0x20 C:\Users\david_000\Documents\LPCXpresso_7.5.0_254\controlbox\lpc_chip_11uxx_lib\Debug\liblpc_chip_11uxx_lib.a(iocon_11xx.o)
 .debug_aranges
                0x00000420       0x38 C:\Users\david_000\Documents\LPCXpresso_7.5.0_254\controlbox\lpc_chip_11uxx_lib\Debug\liblpc_chip_11uxx_lib.a(sysctl_11xx.o)

.debug_ranges   0x00000000      0x390
 .debug_ranges  0x00000000       0x58 ./example/src/cdc_vcom.o
 .debug_ranges  0x00000058       0x40 ./example/src/composite_main.o
 .debug_ranges  0x00000098       0x50 ./example/src/cr_startup_lpc11xx.o
 .debug_ranges  0x000000e8       0x50 ./example/src/hid_mouse.o
 .debug_ranges  0x00000138       0x10 ./example/src/sysinit.o
 .debug_ranges  0x00000148       0xc0 C:\Users\david_000\Documents\LPCXpresso_7.5.0_254\controlbox\nxp_lpcxpresso_11u14_board_lib\Debug\libnxp_lpcxpresso_11u14_board_lib.a(board.o)
 .debug_ranges  0x00000208       0x58 C:\Users\david_000\Documents\LPCXpresso_7.5.0_254\controlbox\nxp_lpcxpresso_11u14_board_lib\Debug\libnxp_lpcxpresso_11u14_board_lib.a(board_sysinit.o)
 .debug_ranges  0x00000260       0x90 C:\Users\david_000\Documents\LPCXpresso_7.5.0_254\controlbox\lpc_chip_11uxx_lib\Debug\liblpc_chip_11uxx_lib.a(clock_11xx.o)
 .debug_ranges  0x000002f0       0x68 C:\Users\david_000\Documents\LPCXpresso_7.5.0_254\controlbox\lpc_chip_11uxx_lib\Debug\liblpc_chip_11uxx_lib.a(gpio_11xx_1.o)
 .debug_ranges  0x00000358       0x10 C:\Users\david_000\Documents\LPCXpresso_7.5.0_254\controlbox\lpc_chip_11uxx_lib\Debug\liblpc_chip_11uxx_lib.a(iocon_11xx.o)
 .debug_ranges  0x00000368       0x28 C:\Users\david_000\Documents\LPCXpresso_7.5.0_254\controlbox\lpc_chip_11uxx_lib\Debug\liblpc_chip_11uxx_lib.a(sysctl_11xx.o)

.debug_macro    0x00000000     0x5044
 .debug_macro   0x00000000      0x256 ./example/src/cdc_vcom.o
 .debug_macro   0x00000256      0x820 ./example/src/cdc_vcom.o
 .debug_macro   0x00000a76       0x10 ./example/src/cdc_vcom.o
 .debug_macro   0x00000a86      0x12d ./example/src/cdc_vcom.o
 .debug_macro   0x00000bb3      0x5b2 ./example/src/cdc_vcom.o
 .debug_macro   0x00001165       0x22 ./example/src/cdc_vcom.o
 .debug_macro   0x00001187       0x74 ./example/src/cdc_vcom.o
 .debug_macro   0x000011fb       0x11 ./example/src/cdc_vcom.o
 .debug_macro   0x0000120c      0x26c ./example/src/cdc_vcom.o
 .debug_macro   0x00001478       0x70 ./example/src/cdc_vcom.o
 .debug_macro   0x000014e8       0x12 ./example/src/cdc_vcom.o
 .debug_macro   0x000014fa       0xfa ./example/src/cdc_vcom.o
 .debug_macro   0x000015f4       0xee ./example/src/cdc_vcom.o
 .debug_macro   0x000016e2      0x693 ./example/src/cdc_vcom.o
 .debug_macro   0x00001d75      0x272 ./example/src/cdc_vcom.o
 .debug_macro   0x00001fe7       0x10 ./example/src/cdc_vcom.o
 .debug_macro   0x00001ff7       0x10 ./example/src/cdc_vcom.o
 .debug_macro   0x00002007       0x1f ./example/src/cdc_vcom.o
 .debug_macro   0x00002026       0x3a ./example/src/cdc_vcom.o
 .debug_macro   0x00002060      0x241 ./example/src/cdc_vcom.o
 .debug_macro   0x000022a1      0x125 ./example/src/cdc_vcom.o
 .debug_macro   0x000023c6       0x2e ./example/src/cdc_vcom.o
 .debug_macro   0x000023f4       0xf1 ./example/src/cdc_vcom.o
 .debug_macro   0x000024e5       0x10 ./example/src/cdc_vcom.o
 .debug_macro   0x000024f5      0x137 ./example/src/cdc_vcom.o
 .debug_macro   0x0000262c       0x4c ./example/src/cdc_vcom.o
 .debug_macro   0x00002678       0x16 ./example/src/cdc_vcom.o
 .debug_macro   0x0000268e      0x31a ./example/src/cdc_vcom.o
 .debug_macro   0x000029a8       0x4f ./example/src/cdc_vcom.o
 .debug_macro   0x000029f7       0xb8 ./example/src/cdc_vcom.o
 .debug_macro   0x00002aaf       0x7c ./example/src/cdc_vcom.o
 .debug_macro   0x00002b2b       0x1c ./example/src/cdc_vcom.o
 .debug_macro   0x00002b47       0x40 ./example/src/cdc_vcom.o
 .debug_macro   0x00002b87      0x21c ./example/src/cdc_vcom.o
 .debug_macro   0x00002da3       0x58 ./example/src/cdc_vcom.o
 .debug_macro   0x00002dfb       0x9a ./example/src/cdc_vcom.o
 .debug_macro   0x00002e95       0x20 ./example/src/cdc_vcom.o
 .debug_macro   0x00002eb5       0x2e ./example/src/cdc_vcom.o
 .debug_macro   0x00002ee3       0xf5 ./example/src/composite_desc.o
 .debug_macro   0x00002fd8       0x7b ./example/src/composite_desc.o
 .debug_macro   0x00003053      0x263 ./example/src/composite_main.o
 .debug_macro   0x000032b6       0x10 ./example/src/composite_main.o
 .debug_macro   0x000032c6       0x26 ./example/src/cr_startup_lpc11xx.o
 .debug_macro   0x000032ec      0x826 ./example/src/cr_startup_lpc11xx.o
 .debug_macro   0x00003b12      0x24c ./example/src/hid_mouse.o
 .debug_macro   0x00003d5e      0x193 ./example/src/sysinit.o
 .debug_macro   0x00003ef1      0x1e8 C:\Users\david_000\Documents\LPCXpresso_7.5.0_254\controlbox\nxp_lpcxpresso_11u14_board_lib\Debug\libnxp_lpcxpresso_11u14_board_lib.a(board.o)
 .debug_macro   0x000040d9      0x81a C:\Users\david_000\Documents\LPCXpresso_7.5.0_254\controlbox\nxp_lpcxpresso_11u14_board_lib\Debug\libnxp_lpcxpresso_11u14_board_lib.a(board.o)
 .debug_macro   0x000048f3       0x12 C:\Users\david_000\Documents\LPCXpresso_7.5.0_254\controlbox\nxp_lpcxpresso_11u14_board_lib\Debug\libnxp_lpcxpresso_11u14_board_lib.a(board.o)
 .debug_macro   0x00004905      0x1a1 C:\Users\david_000\Documents\LPCXpresso_7.5.0_254\controlbox\nxp_lpcxpresso_11u14_board_lib\Debug\libnxp_lpcxpresso_11u14_board_lib.a(board_sysinit.o)
 .debug_macro   0x00004aa6      0x15d C:\Users\david_000\Documents\LPCXpresso_7.5.0_254\controlbox\lpc_chip_11uxx_lib\Debug\liblpc_chip_11uxx_lib.a(clock_11xx.o)
 .debug_macro   0x00004c03      0x15d C:\Users\david_000\Documents\LPCXpresso_7.5.0_254\controlbox\lpc_chip_11uxx_lib\Debug\liblpc_chip_11uxx_lib.a(gpio_11xx_1.o)
 .debug_macro   0x00004d60      0x15d C:\Users\david_000\Documents\LPCXpresso_7.5.0_254\controlbox\lpc_chip_11uxx_lib\Debug\liblpc_chip_11uxx_lib.a(iocon_11xx.o)
 .debug_macro   0x00004ebd      0x187 C:\Users\david_000\Documents\LPCXpresso_7.5.0_254\controlbox\lpc_chip_11uxx_lib\Debug\liblpc_chip_11uxx_lib.a(sysctl_11xx.o)

.debug_line     0x00000000     0x31fc
 .debug_line    0x00000000      0x62f ./example/src/cdc_vcom.o
 .debug_line    0x0000062f      0x30d ./example/src/composite_desc.o
 .debug_line    0x0000093c      0x601 ./example/src/composite_main.o
 .debug_line    0x00000f3d      0x105 ./example/src/cr_startup_lpc11xx.o
 .debug_line    0x00001042      0x60a ./example/src/hid_mouse.o
 .debug_line    0x0000164c      0x37b ./example/src/sysinit.o
 .debug_line    0x000019c7      0x55e C:\Users\david_000\Documents\LPCXpresso_7.5.0_254\controlbox\nxp_lpcxpresso_11u14_board_lib\Debug\libnxp_lpcxpresso_11u14_board_lib.a(board.o)
 .debug_line    0x00001f25      0x47d C:\Users\david_000\Documents\LPCXpresso_7.5.0_254\controlbox\nxp_lpcxpresso_11u14_board_lib\Debug\libnxp_lpcxpresso_11u14_board_lib.a(board_sysinit.o)
 .debug_line    0x000023a2      0x45f C:\Users\david_000\Documents\LPCXpresso_7.5.0_254\controlbox\lpc_chip_11uxx_lib\Debug\liblpc_chip_11uxx_lib.a(clock_11xx.o)
 .debug_line    0x00002801      0x3db C:\Users\david_000\Documents\LPCXpresso_7.5.0_254\controlbox\lpc_chip_11uxx_lib\Debug\liblpc_chip_11uxx_lib.a(gpio_11xx_1.o)
 .debug_line    0x00002bdc      0x2f3 C:\Users\david_000\Documents\LPCXpresso_7.5.0_254\controlbox\lpc_chip_11uxx_lib\Debug\liblpc_chip_11uxx_lib.a(iocon_11xx.o)
 .debug_line    0x00002ecf      0x32d C:\Users\david_000\Documents\LPCXpresso_7.5.0_254\controlbox\lpc_chip_11uxx_lib\Debug\liblpc_chip_11uxx_lib.a(sysctl_11xx.o)

.debug_str      0x00000000     0xe9fa
 .debug_str     0x00000000     0xce55 ./example/src/cdc_vcom.o
                               0xd028 (size before relaxing)
 .debug_str     0x0000ce55       0x9f ./example/src/composite_desc.o
                               0x7ab4 (size before relaxing)
 .debug_str     0x0000cef4      0x739 ./example/src/composite_main.o
                               0xd5d3 (size before relaxing)
 .debug_str     0x0000d62d      0x257 ./example/src/cr_startup_lpc11xx.o
                               0x24d5 (size before relaxing)
 .debug_str     0x0000d884      0x2e4 ./example/src/hid_mouse.o
                               0xd00f (size before relaxing)
 .debug_str     0x0000db68       0x19 ./example/src/sysinit.o
                               0x7f61 (size before relaxing)
 .debug_str     0x0000db81      0x454 C:\Users\david_000\Documents\LPCXpresso_7.5.0_254\controlbox\nxp_lpcxpresso_11u14_board_lib\Debug\libnxp_lpcxpresso_11u14_board_lib.a(board.o)
                               0x8361 (size before relaxing)
 .debug_str     0x0000dfd5      0x2bd C:\Users\david_000\Documents\LPCXpresso_7.5.0_254\controlbox\nxp_lpcxpresso_11u14_board_lib\Debug\libnxp_lpcxpresso_11u14_board_lib.a(board_sysinit.o)
                               0x8759 (size before relaxing)
 .debug_str     0x0000e292      0x49a C:\Users\david_000\Documents\LPCXpresso_7.5.0_254\controlbox\lpc_chip_11uxx_lib\Debug\liblpc_chip_11uxx_lib.a(clock_11xx.o)
                               0x83db (size before relaxing)
 .debug_str     0x0000e72c       0xff C:\Users\david_000\Documents\LPCXpresso_7.5.0_254\controlbox\lpc_chip_11uxx_lib\Debug\liblpc_chip_11uxx_lib.a(gpio_11xx_1.o)
                               0x8239 (size before relaxing)
 .debug_str     0x0000e82b       0x30 C:\Users\david_000\Documents\LPCXpresso_7.5.0_254\controlbox\lpc_chip_11uxx_lib\Debug\liblpc_chip_11uxx_lib.a(iocon_11xx.o)
                               0x7bf3 (size before relaxing)
 .debug_str     0x0000e85b      0x19f C:\Users\david_000\Documents\LPCXpresso_7.5.0_254\controlbox\lpc_chip_11uxx_lib\Debug\liblpc_chip_11uxx_lib.a(sysctl_11xx.o)
                               0x7fde (size before relaxing)

.comment        0x00000000      0x150
 .comment       0x00000000       0x70 ./example/src/cdc_vcom.o
                                 0x71 (size before relaxing)
 .comment       0x00000000       0x71 ./example/src/composite_desc.o
 .comment       0x00000000       0x71 ./example/src/composite_main.o
 .comment       0x00000000       0x71 ./example/src/cr_startup_lpc11xx.o
 .comment       0x00000000       0x71 ./example/src/hid_mouse.o
 .comment       0x00000000       0x71 ./example/src/sysinit.o
 .comment       0x00000000       0x71 C:\Users\david_000\Documents\LPCXpresso_7.5.0_254\controlbox\nxp_lpcxpresso_11u14_board_lib\Debug\libnxp_lpcxpresso_11u14_board_lib.a(board.o)
 .comment       0x00000000       0x71 C:\Users\david_000\Documents\LPCXpresso_7.5.0_254\controlbox\nxp_lpcxpresso_11u14_board_lib\Debug\libnxp_lpcxpresso_11u14_board_lib.a(board_sysinit.o)
 .comment       0x00000000       0x71 C:\Users\david_000\Documents\LPCXpresso_7.5.0_254\controlbox\lpc_chip_11uxx_lib\Debug\liblpc_chip_11uxx_lib.a(clock_11xx.o)
 .comment       0x00000000       0x71 C:\Users\david_000\Documents\LPCXpresso_7.5.0_254\controlbox\lpc_chip_11uxx_lib\Debug\liblpc_chip_11uxx_lib.a(gpio_11xx_1.o)
 .comment       0x00000000       0x71 C:\Users\david_000\Documents\LPCXpresso_7.5.0_254\controlbox\lpc_chip_11uxx_lib\Debug\liblpc_chip_11uxx_lib.a(iocon_11xx.o)
 .comment       0x00000000       0x71 C:\Users\david_000\Documents\LPCXpresso_7.5.0_254\controlbox\lpc_chip_11uxx_lib\Debug\liblpc_chip_11uxx_lib.a(sysctl_11xx.o)
 .comment       0x00000070       0x70 C:\Users\david_000\Documents\LPCXpresso_7.5.0_254\controlbox\lpc_chip_11uxx_lib\libs\libusbd_11uxx_lib.a(mw_usbd_rom_api.o)
                                 0x71 (size before relaxing)
 .comment       0x00000000       0x71 C:\Users\david_000\Documents\LPCXpresso_7.5.0_254\controlbox\lpc_chip_11uxx_lib\libs\libusbd_11uxx_lib.a(hw_usbd_ip3511.o)
 .comment       0x00000000       0x71 C:\Users\david_000\Documents\LPCXpresso_7.5.0_254\controlbox\lpc_chip_11uxx_lib\libs\libusbd_11uxx_lib.a(mw_usbd_cdcuser.o)
 .comment       0x00000000       0x71 C:\Users\david_000\Documents\LPCXpresso_7.5.0_254\controlbox\lpc_chip_11uxx_lib\libs\libusbd_11uxx_lib.a(mw_usbd_core.o)
 .comment       0x00000000       0x71 C:\Users\david_000\Documents\LPCXpresso_7.5.0_254\controlbox\lpc_chip_11uxx_lib\libs\libusbd_11uxx_lib.a(mw_usbd_hiduser.o)
 .comment       0x000000e0       0x70 c:/nxp/lpcxpresso_7.5.0_254/lpcxpresso/tools/bin/../lib/gcc/arm-none-eabi/4.8.4/../../../../arm-none-eabi/lib/armv6-m\libcr_nohost.a(_cr__main.o)
                                 0x71 (size before relaxing)
 .comment       0x00000000       0x71 c:/nxp/lpcxpresso_7.5.0_254/lpcxpresso/tools/bin/../lib/gcc/arm-none-eabi/4.8.4/../../../../arm-none-eabi/lib/armv6-m\libcr_c.a(memcpy.o)
 .comment       0x00000000       0x71 c:/nxp/lpcxpresso_7.5.0_254/lpcxpresso/tools/bin/../lib/gcc/arm-none-eabi/4.8.4/../../../../arm-none-eabi/lib/armv6-m\libcr_c.a(memset.o)
 .comment       0x00000000       0x71 c:/nxp/lpcxpresso_7.5.0_254/lpcxpresso/tools/bin/../lib/gcc/arm-none-eabi/4.8.4/../../../../arm-none-eabi/lib/armv6-m\libcr_c.a(initio.o)
 .comment       0x00000000       0x71 c:/nxp/lpcxpresso_7.5.0_254/lpcxpresso/tools/bin/../lib/gcc/arm-none-eabi/4.8.4/../../../../arm-none-eabi/lib/armv6-m\libcr_c.a(setvbuf.o)
 .comment       0x00000000       0x71 c:/nxp/lpcxpresso_7.5.0_254/lpcxpresso/tools/bin/../lib/gcc/arm-none-eabi/4.8.4/../../../../arm-none-eabi/lib/armv6-m\libcr_c.a(stdio.o)
 .comment       0x00000000       0x71 c:/nxp/lpcxpresso_7.5.0_254/lpcxpresso/tools/bin/../lib/gcc/arm-none-eabi/4.8.4/../../../../arm-none-eabi/lib/armv6-m\libcr_c.a(_deferredlazyseek.o)
 .comment       0x00000000       0x71 c:/nxp/lpcxpresso_7.5.0_254/lpcxpresso/tools/bin/../lib/gcc/arm-none-eabi/4.8.4/../../../../arm-none-eabi/lib/armv6-m\libcr_c.a(_fdopen.o)
 .comment       0x00000000       0x71 c:/nxp/lpcxpresso_7.5.0_254/lpcxpresso/tools/bin/../lib/gcc/arm-none-eabi/4.8.4/../../../../arm-none-eabi/lib/armv6-m\libcr_c.a(_fflush.o)
 .comment       0x00000000       0x71 c:/nxp/lpcxpresso_7.5.0_254/lpcxpresso/tools/bin/../lib/gcc/arm-none-eabi/4.8.4/../../../../arm-none-eabi/lib/armv6-m\libcr_c.a(_writebuf.o)
 .comment       0x00000000       0x71 c:/nxp/lpcxpresso_7.5.0_254/lpcxpresso/tools/bin/../lib/gcc/arm-none-eabi/4.8.4/../../../../arm-none-eabi/lib/armv6-m\libcr_c.a(alloc.o)
 .comment       0x00000000       0x71 c:/nxp/lpcxpresso_7.5.0_254/lpcxpresso/tools/bin/../lib/gcc/arm-none-eabi/4.8.4/../../../../arm-none-eabi/lib/armv6-m\libcr_c.a(fclose.o)
 .comment       0x00000000       0x71 c:/nxp/lpcxpresso_7.5.0_254/lpcxpresso/tools/bin/../lib/gcc/arm-none-eabi/4.8.4/../../../../arm-none-eabi/lib/armv6-m\libcr_c.a(fflush.o)
 .comment       0x00000000       0x71 c:/nxp/lpcxpresso_7.5.0_254/lpcxpresso/tools/bin/../lib/gcc/arm-none-eabi/4.8.4/../../../../arm-none-eabi/lib/armv6-m\libcr_c.a(fseek.o)
 .comment       0x00000000       0x71 c:/nxp/lpcxpresso_7.5.0_254/lpcxpresso/tools/bin/../lib/gcc/arm-none-eabi/4.8.4/../../../../arm-none-eabi/lib/armv6-m\libcr_c.a(ftell.o)
 .comment       0x00000000       0x71 c:/nxp/lpcxpresso_7.5.0_254/lpcxpresso/tools/bin/../lib/gcc/arm-none-eabi/4.8.4/../../../../arm-none-eabi/lib/armv6-m\libcr_c.a(remove.o)
 .comment       0x00000000       0x71 c:/nxp/lpcxpresso_7.5.0_254/lpcxpresso/tools/bin/../lib/gcc/arm-none-eabi/4.8.4/../../../../arm-none-eabi/lib/armv6-m\libcr_c.a(strlen.o)
 .comment       0x00000000       0x71 c:/nxp/lpcxpresso_7.5.0_254/lpcxpresso/tools/bin/../lib/gcc/arm-none-eabi/4.8.4/../../../../arm-none-eabi/lib/armv6-m\libcr_c.a(__init_alloc.o)
 .comment       0x00000000       0x71 c:/nxp/lpcxpresso_7.5.0_254/lpcxpresso/tools/bin/../lib/gcc/arm-none-eabi/4.8.4/../../../../arm-none-eabi/lib/armv6-m\libcr_c.a(_cr_sbrk.o)
 .comment       0x00000000       0x71 c:/nxp/lpcxpresso_7.5.0_254/lpcxpresso/tools/bin/../lib/gcc/arm-none-eabi/4.8.4/../../../../arm-none-eabi/lib/armv6-m\libcr_c.a(_do_fflush.o)
 .comment       0x00000000       0x71 c:/nxp/lpcxpresso_7.5.0_254/lpcxpresso/tools/bin/../lib/gcc/arm-none-eabi/4.8.4/../../../../arm-none-eabi/lib/armv6-m\libcr_c.a(errno.o)
 .comment       0x00000000       0x71 c:/nxp/lpcxpresso_7.5.0_254/lpcxpresso/tools/bin/../lib/gcc/arm-none-eabi/4.8.4/../../../../arm-none-eabi/lib/armv6-m\libcr_c.a(_cr_check_heap.o)
 .comment       0x00000000       0x71 c:/nxp/lpcxpresso_7.5.0_254/lpcxpresso/tools/bin/../lib/gcc/arm-none-eabi/4.8.4/../../../../arm-none-eabi/lib/armv6-m\libcr_nohost.a(__sys_appexit.o)
 .comment       0x00000000       0x71 c:/nxp/lpcxpresso_7.5.0_254/lpcxpresso/tools/bin/../lib/gcc/arm-none-eabi/4.8.4/../../../../arm-none-eabi/lib/armv6-m\libcr_nohost.a(__sys_close.o)
 .comment       0x00000000       0x71 c:/nxp/lpcxpresso_7.5.0_254/lpcxpresso/tools/bin/../lib/gcc/arm-none-eabi/4.8.4/../../../../arm-none-eabi/lib/armv6-m\libcr_nohost.a(__sys_flen.o)
 .comment       0x00000000       0x71 c:/nxp/lpcxpresso_7.5.0_254/lpcxpresso/tools/bin/../lib/gcc/arm-none-eabi/4.8.4/../../../../arm-none-eabi/lib/armv6-m\libcr_nohost.a(__sys_istty.o)
 .comment       0x00000000       0x71 c:/nxp/lpcxpresso_7.5.0_254/lpcxpresso/tools/bin/../lib/gcc/arm-none-eabi/4.8.4/../../../../arm-none-eabi/lib/armv6-m\libcr_nohost.a(__sys_remove.o)
 .comment       0x00000000       0x71 c:/nxp/lpcxpresso_7.5.0_254/lpcxpresso/tools/bin/../lib/gcc/arm-none-eabi/4.8.4/../../../../arm-none-eabi/lib/armv6-m\libcr_nohost.a(__sys_seek.o)
 .comment       0x00000000       0x71 c:/nxp/lpcxpresso_7.5.0_254/lpcxpresso/tools/bin/../lib/gcc/arm-none-eabi/4.8.4/../../../../arm-none-eabi/lib/armv6-m\libcr_nohost.a(__sys_tmpnam.o)

.ARM.attributes
                0x00000000       0x2f
 .ARM.attributes
                0x00000000       0x31 ./example/src/cdc_vcom.o
 .ARM.attributes
                0x00000031       0x31 ./example/src/composite_desc.o
 .ARM.attributes
                0x00000062       0x31 ./example/src/composite_main.o
 .ARM.attributes
                0x00000093       0x31 ./example/src/cr_startup_lpc11xx.o
 .ARM.attributes
                0x000000c4       0x31 ./example/src/hid_mouse.o
 .ARM.attributes
                0x000000f5       0x31 ./example/src/sysinit.o
 .ARM.attributes
                0x00000126       0x31 C:\Users\david_000\Documents\LPCXpresso_7.5.0_254\controlbox\nxp_lpcxpresso_11u14_board_lib\Debug\libnxp_lpcxpresso_11u14_board_lib.a(board.o)
 .ARM.attributes
                0x00000157       0x31 C:\Users\david_000\Documents\LPCXpresso_7.5.0_254\controlbox\nxp_lpcxpresso_11u14_board_lib\Debug\libnxp_lpcxpresso_11u14_board_lib.a(board_sysinit.o)
 .ARM.attributes
                0x00000188       0x31 C:\Users\david_000\Documents\LPCXpresso_7.5.0_254\controlbox\lpc_chip_11uxx_lib\Debug\liblpc_chip_11uxx_lib.a(clock_11xx.o)
 .ARM.attributes
                0x000001b9       0x31 C:\Users\david_000\Documents\LPCXpresso_7.5.0_254\controlbox\lpc_chip_11uxx_lib\Debug\liblpc_chip_11uxx_lib.a(gpio_11xx_1.o)
 .ARM.attributes
                0x000001ea       0x31 C:\Users\david_000\Documents\LPCXpresso_7.5.0_254\controlbox\lpc_chip_11uxx_lib\Debug\liblpc_chip_11uxx_lib.a(iocon_11xx.o)
 .ARM.attributes
                0x0000021b       0x31 C:\Users\david_000\Documents\LPCXpresso_7.5.0_254\controlbox\lpc_chip_11uxx_lib\Debug\liblpc_chip_11uxx_lib.a(sysctl_11xx.o)
 .ARM.attributes
                0x0000024c       0x31 C:\Users\david_000\Documents\LPCXpresso_7.5.0_254\controlbox\lpc_chip_11uxx_lib\libs\libusbd_11uxx_lib.a(mw_usbd_rom_api.o)
 .ARM.attributes
                0x0000027d       0x31 C:\Users\david_000\Documents\LPCXpresso_7.5.0_254\controlbox\lpc_chip_11uxx_lib\libs\libusbd_11uxx_lib.a(hw_usbd_ip3511.o)
 .ARM.attributes
                0x000002ae       0x31 C:\Users\david_000\Documents\LPCXpresso_7.5.0_254\controlbox\lpc_chip_11uxx_lib\libs\libusbd_11uxx_lib.a(mw_usbd_cdcuser.o)
 .ARM.attributes
                0x000002df       0x31 C:\Users\david_000\Documents\LPCXpresso_7.5.0_254\controlbox\lpc_chip_11uxx_lib\libs\libusbd_11uxx_lib.a(mw_usbd_core.o)
 .ARM.attributes
                0x00000310       0x31 C:\Users\david_000\Documents\LPCXpresso_7.5.0_254\controlbox\lpc_chip_11uxx_lib\libs\libusbd_11uxx_lib.a(mw_usbd_hiduser.o)
 .ARM.attributes
                0x00000341       0x31 c:/nxp/lpcxpresso_7.5.0_254/lpcxpresso/tools/bin/../lib/gcc/arm-none-eabi/4.8.4/../../../../arm-none-eabi/lib/armv6-m\libcr_nohost.a(_cr__main.o)
 .ARM.attributes
                0x00000372       0x31 c:/nxp/lpcxpresso_7.5.0_254/lpcxpresso/tools/bin/../lib/gcc/arm-none-eabi/4.8.4/../../../../arm-none-eabi/lib/armv6-m\libcr_c.a(memcpy.o)
 .ARM.attributes
                0x000003a3       0x31 c:/nxp/lpcxpresso_7.5.0_254/lpcxpresso/tools/bin/../lib/gcc/arm-none-eabi/4.8.4/../../../../arm-none-eabi/lib/armv6-m\libcr_c.a(memset.o)
 .ARM.attributes
                0x000003d4       0x31 c:/nxp/lpcxpresso_7.5.0_254/lpcxpresso/tools/bin/../lib/gcc/arm-none-eabi/4.8.4/../../../../arm-none-eabi/lib/armv6-m\libcr_c.a(initio.o)
 .ARM.attributes
                0x00000405       0x31 c:/nxp/lpcxpresso_7.5.0_254/lpcxpresso/tools/bin/../lib/gcc/arm-none-eabi/4.8.4/../../../../arm-none-eabi/lib/armv6-m\libcr_c.a(setvbuf.o)
 .ARM.attributes
                0x00000436       0x31 c:/nxp/lpcxpresso_7.5.0_254/lpcxpresso/tools/bin/../lib/gcc/arm-none-eabi/4.8.4/../../../../arm-none-eabi/lib/armv6-m\libcr_c.a(stdio.o)
 .ARM.attributes
                0x00000467       0x31 c:/nxp/lpcxpresso_7.5.0_254/lpcxpresso/tools/bin/../lib/gcc/arm-none-eabi/4.8.4/../../../../arm-none-eabi/lib/armv6-m\libcr_c.a(_deferredlazyseek.o)
 .ARM.attributes
                0x00000498       0x31 c:/nxp/lpcxpresso_7.5.0_254/lpcxpresso/tools/bin/../lib/gcc/arm-none-eabi/4.8.4/../../../../arm-none-eabi/lib/armv6-m\libcr_c.a(_fdopen.o)
 .ARM.attributes
                0x000004c9       0x31 c:/nxp/lpcxpresso_7.5.0_254/lpcxpresso/tools/bin/../lib/gcc/arm-none-eabi/4.8.4/../../../../arm-none-eabi/lib/armv6-m\libcr_c.a(_fflush.o)
 .ARM.attributes
                0x000004fa       0x31 c:/nxp/lpcxpresso_7.5.0_254/lpcxpresso/tools/bin/../lib/gcc/arm-none-eabi/4.8.4/../../../../arm-none-eabi/lib/armv6-m\libcr_c.a(_writebuf.o)
 .ARM.attributes
                0x0000052b       0x31 c:/nxp/lpcxpresso_7.5.0_254/lpcxpresso/tools/bin/../lib/gcc/arm-none-eabi/4.8.4/../../../../arm-none-eabi/lib/armv6-m\libcr_c.a(alloc.o)
 .ARM.attributes
                0x0000055c       0x31 c:/nxp/lpcxpresso_7.5.0_254/lpcxpresso/tools/bin/../lib/gcc/arm-none-eabi/4.8.4/../../../../arm-none-eabi/lib/armv6-m\libcr_c.a(fclose.o)
 .ARM.attributes
                0x0000058d       0x31 c:/nxp/lpcxpresso_7.5.0_254/lpcxpresso/tools/bin/../lib/gcc/arm-none-eabi/4.8.4/../../../../arm-none-eabi/lib/armv6-m\libcr_c.a(fflush.o)
 .ARM.attributes
                0x000005be       0x31 c:/nxp/lpcxpresso_7.5.0_254/lpcxpresso/tools/bin/../lib/gcc/arm-none-eabi/4.8.4/../../../../arm-none-eabi/lib/armv6-m\libcr_c.a(fseek.o)
 .ARM.attributes
                0x000005ef       0x31 c:/nxp/lpcxpresso_7.5.0_254/lpcxpresso/tools/bin/../lib/gcc/arm-none-eabi/4.8.4/../../../../arm-none-eabi/lib/armv6-m\libcr_c.a(ftell.o)
 .ARM.attributes
                0x00000620       0x31 c:/nxp/lpcxpresso_7.5.0_254/lpcxpresso/tools/bin/../lib/gcc/arm-none-eabi/4.8.4/../../../../arm-none-eabi/lib/armv6-m\libcr_c.a(remove.o)
 .ARM.attributes
                0x00000651       0x31 c:/nxp/lpcxpresso_7.5.0_254/lpcxpresso/tools/bin/../lib/gcc/arm-none-eabi/4.8.4/../../../../arm-none-eabi/lib/armv6-m\libcr_c.a(strlen.o)
 .ARM.attributes
                0x00000682       0x31 c:/nxp/lpcxpresso_7.5.0_254/lpcxpresso/tools/bin/../lib/gcc/arm-none-eabi/4.8.4/../../../../arm-none-eabi/lib/armv6-m\libcr_c.a(__init_alloc.o)
 .ARM.attributes
                0x000006b3       0x31 c:/nxp/lpcxpresso_7.5.0_254/lpcxpresso/tools/bin/../lib/gcc/arm-none-eabi/4.8.4/../../../../arm-none-eabi/lib/armv6-m\libcr_c.a(_cr_sbrk.o)
 .ARM.attributes
                0x000006e4       0x31 c:/nxp/lpcxpresso_7.5.0_254/lpcxpresso/tools/bin/../lib/gcc/arm-none-eabi/4.8.4/../../../../arm-none-eabi/lib/armv6-m\libcr_c.a(_do_fflush.o)
 .ARM.attributes
                0x00000715       0x31 c:/nxp/lpcxpresso_7.5.0_254/lpcxpresso/tools/bin/../lib/gcc/arm-none-eabi/4.8.4/../../../../arm-none-eabi/lib/armv6-m\libcr_c.a(errno.o)
 .ARM.attributes
                0x00000746       0x31 c:/nxp/lpcxpresso_7.5.0_254/lpcxpresso/tools/bin/../lib/gcc/arm-none-eabi/4.8.4/../../../../arm-none-eabi/lib/armv6-m\libcr_c.a(_cr_check_heap.o)
 .ARM.attributes
                0x00000777       0x21 c:/nxp/lpcxpresso_7.5.0_254/lpcxpresso/tools/bin/../lib/gcc/arm-none-eabi/4.8.4/armv6-m\libcr_eabihelpers.a(memcpy.o)
 .ARM.attributes
                0x00000798       0x31 c:/nxp/lpcxpresso_7.5.0_254/lpcxpresso/tools/bin/../lib/gcc/arm-none-eabi/4.8.4/../../../../arm-none-eabi/lib/armv6-m\libcr_nohost.a(__sys_appexit.o)
 .ARM.attributes
                0x000007c9       0x31 c:/nxp/lpcxpresso_7.5.0_254/lpcxpresso/tools/bin/../lib/gcc/arm-none-eabi/4.8.4/../../../../arm-none-eabi/lib/armv6-m\libcr_nohost.a(__sys_close.o)
 .ARM.attributes
                0x000007fa       0x31 c:/nxp/lpcxpresso_7.5.0_254/lpcxpresso/tools/bin/../lib/gcc/arm-none-eabi/4.8.4/../../../../arm-none-eabi/lib/armv6-m\libcr_nohost.a(__sys_flen.o)
 .ARM.attributes
                0x0000082b       0x31 c:/nxp/lpcxpresso_7.5.0_254/lpcxpresso/tools/bin/../lib/gcc/arm-none-eabi/4.8.4/../../../../arm-none-eabi/lib/armv6-m\libcr_nohost.a(__sys_istty.o)
 .ARM.attributes
                0x0000085c       0x31 c:/nxp/lpcxpresso_7.5.0_254/lpcxpresso/tools/bin/../lib/gcc/arm-none-eabi/4.8.4/../../../../arm-none-eabi/lib/armv6-m\libcr_nohost.a(__sys_remove.o)
 .ARM.attributes
                0x0000088d       0x31 c:/nxp/lpcxpresso_7.5.0_254/lpcxpresso/tools/bin/../lib/gcc/arm-none-eabi/4.8.4/../../../../arm-none-eabi/lib/armv6-m\libcr_nohost.a(__sys_seek.o)
 .ARM.attributes
                0x000008be       0x31 c:/nxp/lpcxpresso_7.5.0_254/lpcxpresso/tools/bin/../lib/gcc/arm-none-eabi/4.8.4/../../../../arm-none-eabi/lib/armv6-m\libcr_nohost.a(__sys_tmpnam.o)

.debug_frame    0x00000000      0xccc
 .debug_frame   0x00000000      0x150 ./example/src/cdc_vcom.o
 .debug_frame   0x00000150       0xe4 ./example/src/composite_main.o
 .debug_frame   0x00000234       0xb0 ./example/src/cr_startup_lpc11xx.o
 .debug_frame   0x000002e4      0x130 ./example/src/hid_mouse.o
 .debug_frame   0x00000414       0x2c ./example/src/sysinit.o
 .debug_frame   0x00000440      0x2d8 C:\Users\david_000\Documents\LPCXpresso_7.5.0_254\controlbox\nxp_lpcxpresso_11u14_board_lib\Debug\libnxp_lpcxpresso_11u14_board_lib.a(board.o)
 .debug_frame   0x00000718      0x144 C:\Users\david_000\Documents\LPCXpresso_7.5.0_254\controlbox\nxp_lpcxpresso_11u14_board_lib\Debug\libnxp_lpcxpresso_11u14_board_lib.a(board_sysinit.o)
 .debug_frame   0x0000085c      0x220 C:\Users\david_000\Documents\LPCXpresso_7.5.0_254\controlbox\lpc_chip_11uxx_lib\Debug\liblpc_chip_11uxx_lib.a(clock_11xx.o)
 .debug_frame   0x00000a7c      0x190 C:\Users\david_000\Documents\LPCXpresso_7.5.0_254\controlbox\lpc_chip_11uxx_lib\Debug\liblpc_chip_11uxx_lib.a(gpio_11xx_1.o)
 .debug_frame   0x00000c0c       0x30 C:\Users\david_000\Documents\LPCXpresso_7.5.0_254\controlbox\lpc_chip_11uxx_lib\Debug\liblpc_chip_11uxx_lib.a(iocon_11xx.o)
 .debug_frame   0x00000c3c       0x90 C:\Users\david_000\Documents\LPCXpresso_7.5.0_254\controlbox\lpc_chip_11uxx_lib\Debug\liblpc_chip_11uxx_lib.a(sysctl_11xx.o)

.debug_loc      0x00000000      0x1bb
 .debug_loc     0x00000000      0x1bb ./example/src/cr_startup_lpc11xx.o
